#
# There is insufficient memory for the Java Runtime Environment to continue.
# Native memory allocation (malloc) failed to allocate 121808 bytes. Error detail: Chunk::new
# Possible reasons:
#   The system is out of physical RAM or swap space
#   This process is running with CompressedOops enabled, and the Java Heap may be blocking the growth of the native heap
# Possible solutions:
#   Reduce memory load on the system
#   Increase physical memory or swap space
#   Check if swap backing store is full
#   Decrease Java heap size (-Xmx/-Xms)
#   Decrease number of Java threads
#   Decrease Java thread stack sizes (-Xss)
#   Set larger code cache with -XX:ReservedCodeCacheSize=
#   JVM is running with Unscaled Compressed Oops mode in which the Java heap is
#     placed in the first 4GB address space. The Java Heap base address is the
#     maximum limit for the native heap growth. Please use -XX:HeapBaseMinAddress
#     to set the Java Heap base and to place the Java Heap above 4GB virtual address.
# This output file may be truncated or incomplete.
#
#  Out of Memory Error (arena.cpp:168), pid=25564, tid=65000
#
# JRE version: OpenJDK Runtime Environment Temurin-21.0.12.1+1 (21.0.12.1+1) (build 21.0.12.1+1-LTS)
# Java VM: OpenJDK 64-Bit Server VM Temurin-21.0.12.1+1 (21.0.12.1+1-LTS, mixed mode, sharing, tiered, compressed oops, compressed class ptrs, g1 gc, windows-amd64)
# No core dump will be written. Minidumps are not enabled by default on client versions of Windows
#

---------------  S U M M A R Y ------------

Command Line: --add-opens=java.base/java.lang=ALL-UNNAMED --add-opens=java.base/java.lang.invoke=ALL-UNNAMED --add-opens=java.base/java.util=ALL-UNNAMED --add-opens=java.prefs/java.util.prefs=ALL-UNNAMED --add-exports=jdk.compiler/com.sun.tools.javac.api=ALL-UNNAMED --add-exports=jdk.compiler/com.sun.tools.javac.util=ALL-UNNAMED --add-opens=java.base/java.nio.charset=ALL-UNNAMED --add-opens=java.base/java.net=ALL-UNNAMED --add-opens=java.base/java.util.concurrent=ALL-UNNAMED --add-opens=java.base/java.util.concurrent.atomic=ALL-UNNAMED --add-opens=java.xml/javax.xml.namespace=ALL-UNNAMED --add-opens=java.base/java.time=ALL-UNNAMED -XX:MaxMetaspaceSize=384m -XX:+HeapDumpOnOutOfMemoryError -Xms256m -Xmx512m -Dfile.encoding=UTF-8 -Duser.country=MX -Duser.language=es -Duser.variant -javaagent:C:\Users\leyot\.gradle\wrapper\dists\gradle-9.6.0-bin\42k10rwplmzkhuboz9kdazi7s\gradle-9.6.0\lib\agents\gradle-instrumentation-agent-9.6.0.jar org.gradle.launcher.daemon.bootstrap.GradleDaemon 9.6.0

Host: AMD Ryzen 5 7535HS with Radeon Graphics        , 12 cores, 15G,  Windows 11 , 64 bit Build 26100 (10.0.26100.9444)
Time: Sat Sep 19 22:29:11 2026 Hora estándar central (México) elapsed time: 142.906218 seconds (0d 0h 2m 22s)

---------------  T H R E A D  ---------------

Current thread (0x000001f2fee455d0):  JavaThread "C2 CompilerThread0" daemon [_thread_in_native, id=65000, stack(0x000000992dd00000,0x000000992de00000) (1024K)]


Current CompileTask:
C2:142906 9436   !   4       java.net.URL::<init> (543 bytes)

Stack: [0x000000992dd00000,0x000000992de00000]
Native frames: (J=compiled Java code, j=interpreted, Vv=VM code, C=native code)
V  [jvm.dll+0x6d83e9]
V  [jvm.dll+0x8b5736]
V  [jvm.dll+0x8b7cee]
V  [jvm.dll+0x8b83d3]
V  [jvm.dll+0x284596]
V  [jvm.dll+0xc685d]
V  [jvm.dll+0xc6da1]
V  [jvm.dll+0x1422bf]
V  [jvm.dll+0x666c03]
V  [jvm.dll+0x66510b]
V  [jvm.dll+0x24c57b]
V  [jvm.dll+0x24bce0]
V  [jvm.dll+0x1cb4ae]
V  [jvm.dll+0x25baad]
V  [jvm.dll+0x25a03a]
V  [jvm.dll+0x3f8aae]
V  [jvm.dll+0x8600cd]
V  [jvm.dll+0x6d6c1d]
C  [ucrtbase.dll+0x2cd30]
C  [KERNEL32.DLL+0x2cd87]
C  [ntdll.dll+0xacaec]


---------------  P R O C E S S  ---------------

Threads class SMR info:
_java_thread_list=0x000001f2ac89a870, length=51, elements={
0x000001f2fa032830, 0x000001f2fee364e0, 0x000001f2fee36c50, 0x000001f2fee39f40,
0x000001f2fee3d130, 0x000001f2fee3d8d0, 0x000001f2fee3fd20, 0x000001f2fee455d0,
0x000001f2fee4a290, 0x000001f2feff3330, 0x000001f2ff1219e0, 0x000001f2aabaa460,
0x000001f2ab95d810, 0x000001f2fef5a2e0, 0x000001f2ff5a4ae0, 0x000001f2aba32db0,
0x000001f2fef11ee0, 0x000001f2fef10b30, 0x000001f2fef111c0, 0x000001f2fef12570,
0x000001f2fef11850, 0x000001f2fef13920, 0x000001f2fef104a0, 0x000001f2fef12c00,
0x000001f2ff2321a0, 0x000001f2ff2300d0, 0x000001f2ff230760, 0x000001f2ff232ec0,
0x000001f2ff233550, 0x000001f2ff233be0, 0x000001f2ff234270, 0x000001f2ff234900,
0x000001f2ff231480, 0x000001f2ff235cb0, 0x000001f2ff236340, 0x000001f2ff2376f0,
0x000001f2ae242470, 0x000001f2ae243820, 0x000001f2ae243190, 0x000001f2ae241750,
0x000001f2ae245f80, 0x000001f2ae243eb0, 0x000001f2ae245260, 0x000001f2ae244540,
0x000001f2ae2458f0, 0x000001f2ae244bd0, 0x000001f2ae242b00, 0x000001f2ae246610,
0x000001f2ae246ca0, 0x000001f2ae248050, 0x000001f2ae2486e0
}

Java Threads: ( => current thread )
  0x000001f2fa032830 JavaThread "main"                              [_thread_blocked, id=61908, stack(0x000000992cf00000,0x000000992d000000) (1024K)]
  0x000001f2fee364e0 JavaThread "Reference Handler"          daemon [_thread_blocked, id=58652, stack(0x000000992d700000,0x000000992d800000) (1024K)]
  0x000001f2fee36c50 JavaThread "Finalizer"                  daemon [_thread_blocked, id=65904, stack(0x000000992d800000,0x000000992d900000) (1024K)]
  0x000001f2fee39f40 JavaThread "Signal Dispatcher"          daemon [_thread_blocked, id=58720, stack(0x000000992d900000,0x000000992da00000) (1024K)]
  0x000001f2fee3d130 JavaThread "Attach Listener"            daemon [_thread_blocked, id=54140, stack(0x000000992da00000,0x000000992db00000) (1024K)]
  0x000001f2fee3d8d0 JavaThread "Service Thread"             daemon [_thread_blocked, id=49944, stack(0x000000992db00000,0x000000992dc00000) (1024K)]
  0x000001f2fee3fd20 JavaThread "Monitor Deflation Thread"   daemon [_thread_blocked, id=63848, stack(0x000000992dc00000,0x000000992dd00000) (1024K)]
=>0x000001f2fee455d0 JavaThread "C2 CompilerThread0"         daemon [_thread_in_native, id=65000, stack(0x000000992dd00000,0x000000992de00000) (1024K)]
  0x000001f2fee4a290 JavaThread "C1 CompilerThread0"         daemon [_thread_blocked, id=66320, stack(0x000000992de00000,0x000000992df00000) (1024K)]
  0x000001f2feff3330 JavaThread "Common-Cleaner"             daemon [_thread_blocked, id=64924, stack(0x000000992df00000,0x000000992e000000) (1024K)]
  0x000001f2ff1219e0 JavaThread "Notification Thread"        daemon [_thread_blocked, id=54692, stack(0x000000992e000000,0x000000992e100000) (1024K)]
  0x000001f2aabaa460 JavaThread "Daemon health stats"               [_thread_blocked, id=65992, stack(0x000000992e100000,0x000000992e200000) (1024K)]
  0x000001f2ab95d810 JavaThread "Incoming local TCP Connector on port 58646"        [_thread_in_native, id=63220, stack(0x000000992e800000,0x000000992e900000) (1024K)]
  0x000001f2fef5a2e0 JavaThread "Daemon periodic checks"            [_thread_blocked, id=64428, stack(0x000000992e200000,0x000000992e300000) (1024K)]
  0x000001f2ff5a4ae0 JavaThread "Daemon"                            [_thread_blocked, id=62080, stack(0x000000992ea00000,0x000000992eb00000) (1024K)]
  0x000001f2aba32db0 JavaThread "Daemon worker"                     [_thread_in_vm, id=56712, stack(0x000000992ec00000,0x000000992ed00000) (1024K)]
  0x000001f2fef11ee0 JavaThread "Handler for socket connection from /127.0.0.1:58646 to /127.0.0.1:58649"        [_thread_in_native, id=13052, stack(0x000000992e900000,0x000000992ea00000) (1024K)]
  0x000001f2fef10b30 JavaThread "Cancel handler"                    [_thread_blocked, id=59228, stack(0x000000992eb00000,0x000000992ec00000) (1024K)]
  0x000001f2fef111c0 JavaThread "Asynchronous log dispatcher for DefaultDaemonConnection: socket connection from /127.0.0.1:58646 to /127.0.0.1:58649"        [_thread_in_Java, id=59076, stack(0x000000992ed00000,0x000000992ee00000) (1024K)]
  0x000001f2fef12570 JavaThread "Stdin handler"                     [_thread_blocked, id=65104, stack(0x000000992ee00000,0x000000992ef00000) (1024K)]
  0x000001f2fef11850 JavaThread "Daemon client event forwarder"        [_thread_blocked, id=63956, stack(0x000000992ef00000,0x000000992f000000) (1024K)]
  0x000001f2fef13920 JavaThread "Cache worker for journal cache (C:\Users\leyot\.gradle\caches\journal-1)"        [_thread_blocked, id=62800, stack(0x000000992f400000,0x000000992f500000) (1024K)]
  0x000001f2fef104a0 JavaThread "File lock request listener"        [_thread_in_native, id=56056, stack(0x000000992f500000,0x000000992f600000) (1024K)]
  0x000001f2fef12c00 JavaThread "Cache worker for file hash cache (C:\Users\leyot\.gradle\caches\9.6.0\fileHashes)"        [_thread_blocked, id=35052, stack(0x000000992f600000,0x000000992f700000) (1024K)]
  0x000001f2ff2321a0 JavaThread "File lock release action executor"        [_thread_blocked, id=26496, stack(0x000000992f900000,0x000000992fa00000) (1024K)]
  0x000001f2ff2300d0 JavaThread "Cache worker for file hash cache (C:\Users\leyot\OneDrive\Desktop\Aplicaciones Web Progresivas\Ambientar Proyecto\prueba\prueba\.gradle\9.6.0\fileHashes)"        [_thread_blocked, id=27968, stack(0x000000992fa00000,0x000000992fb00000) (1024K)]
  0x000001f2ff230760 JavaThread "Cache worker for Build Output Cleanup Cache (C:\Users\leyot\OneDrive\Desktop\Aplicaciones Web Progresivas\Ambientar Proyecto\prueba\prueba\.gradle\buildOutputCleanup)"        [_thread_blocked, id=23388, stack(0x000000992fb00000,0x000000992fc00000) (1024K)]
  0x000001f2ff232ec0 JavaThread "File watcher server"        daemon [_thread_in_native, id=19616, stack(0x000000992fc00000,0x000000992fd00000) (1024K)]
  0x000001f2ff233550 JavaThread "File watcher consumer"      daemon [_thread_blocked, id=8860, stack(0x000000992fd00000,0x000000992fe00000) (1024K)]
  0x000001f2ff233be0 JavaThread "Cache worker for file content cache (C:\Users\leyot\.gradle\caches\9.6.0\fileContent)"        [_thread_blocked, id=55340, stack(0x000000992fe00000,0x000000992ff00000) (1024K)]
  0x000001f2ff234270 JavaThread "Cache worker for checksums cache (C:\Users\leyot\OneDrive\Desktop\Aplicaciones Web Progresivas\Ambientar Proyecto\prueba\prueba\.gradle\9.6.0\checksums)"        [_thread_blocked, id=55716, stack(0x000000992ff00000,0x0000009930000000) (1024K)]
  0x000001f2ff234900 JavaThread "Cache worker for cache directory md-supplier (C:\Users\leyot\.gradle\caches\9.6.0\md-supplier)"        [_thread_blocked, id=47976, stack(0x0000009930000000,0x0000009930100000) (1024K)]
  0x000001f2ff231480 JavaThread "Cache worker for cache directory md-rule (C:\Users\leyot\.gradle\caches\9.6.0\md-rule)"        [_thread_blocked, id=49616, stack(0x0000009930100000,0x0000009930200000) (1024K)]
  0x000001f2ff235cb0 JavaThread "jar transforms"                    [_thread_blocked, id=36144, stack(0x0000009930200000,0x0000009930300000) (1024K)]
  0x000001f2ff236340 JavaThread "jar transforms Thread 2"           [_thread_blocked, id=63808, stack(0x0000009930300000,0x0000009930400000) (1024K)]
  0x000001f2ff2376f0 JavaThread "jar transforms Thread 3"           [_thread_blocked, id=59868, stack(0x0000009930400000,0x0000009930500000) (1024K)]
  0x000001f2ae242470 JavaThread "Build operations"                  [_thread_blocked, id=42792, stack(0x000000992cc00000,0x000000992cd00000) (1024K)]
  0x000001f2ae243820 JavaThread "Build operations Thread 2"         [_thread_blocked, id=61668, stack(0x000000992cd00000,0x000000992ce00000) (1024K)]
  0x000001f2ae243190 JavaThread "Build operations Thread 3"         [_thread_blocked, id=63612, stack(0x000000992ce00000,0x000000992cf00000) (1024K)]
  0x000001f2ae241750 JavaThread "Build operations Thread 4"         [_thread_blocked, id=9616, stack(0x0000009930500000,0x0000009930600000) (1024K)]
  0x000001f2ae245f80 JavaThread "Build operations Thread 5"         [_thread_blocked, id=18168, stack(0x0000009930600000,0x0000009930700000) (1024K)]
  0x000001f2ae243eb0 JavaThread "Build operations Thread 6"         [_thread_blocked, id=4128, stack(0x0000009930700000,0x0000009930800000) (1024K)]
  0x000001f2ae245260 JavaThread "Build operations Thread 7"         [_thread_blocked, id=65996, stack(0x0000009930800000,0x0000009930900000) (1024K)]
  0x000001f2ae244540 JavaThread "Build operations Thread 8"         [_thread_blocked, id=61476, stack(0x0000009930900000,0x0000009930a00000) (1024K)]
  0x000001f2ae2458f0 JavaThread "Build operations Thread 9"         [_thread_blocked, id=64096, stack(0x0000009930a00000,0x0000009930b00000) (1024K)]
  0x000001f2ae244bd0 JavaThread "Build operations Thread 10"        [_thread_blocked, id=53968, stack(0x0000009930b00000,0x0000009930c00000) (1024K)]
  0x000001f2ae242b00 JavaThread "Build operations Thread 11"        [_thread_blocked, id=61068, stack(0x0000009930c00000,0x0000009930d00000) (1024K)]
  0x000001f2ae246610 JavaThread "Build operations Thread 12"        [_thread_blocked, id=64736, stack(0x0000009930d00000,0x0000009930e00000) (1024K)]
  0x000001f2ae246ca0 JavaThread "Memory manager"                    [_thread_blocked, id=63684, stack(0x0000009930e00000,0x0000009930f00000) (1024K)]
  0x000001f2ae248050 JavaThread "jar transforms Thread 4"           [_thread_blocked, id=68464, stack(0x0000009930f00000,0x0000009931000000) (1024K)]
  0x000001f2ae2486e0 JavaThread "Problems report writer"            [_thread_blocked, id=68708, stack(0x0000009931000000,0x0000009931100000) (1024K)]
Total: 51

Other Threads:
  0x000001f2fee14ec0 VMThread "VM Thread"                           [id=63404, stack(0x000000992d600000,0x000000992d700000) (1024K)]
  0x000001f2fee06e00 WatcherThread "VM Periodic Task Thread"        [id=63532, stack(0x000000992d500000,0x000000992d600000) (1024K)]
  0x000001f2fa05de00 WorkerThread "GC Thread#0"                     [id=59348, stack(0x000000992d000000,0x000000992d100000) (1024K)]
  0x000001f2ff457680 WorkerThread "GC Thread#1"                     [id=64744, stack(0x000000992e300000,0x000000992e400000) (1024K)]
  0x000001f2ff457a30 WorkerThread "GC Thread#2"                     [id=64160, stack(0x000000992e400000,0x000000992e500000) (1024K)]
  0x000001f2ff457de0 WorkerThread "GC Thread#3"                     [id=64256, stack(0x000000992e500000,0x000000992e600000) (1024K)]
  0x000001f2ff458190 WorkerThread "GC Thread#4"                     [id=62100, stack(0x000000992e600000,0x000000992e700000) (1024K)]
  0x000001f2aa6e17b0 WorkerThread "GC Thread#5"                     [id=62264, stack(0x000000992e700000,0x000000992e800000) (1024K)]
  0x000001f2ab95c710 WorkerThread "GC Thread#6"                     [id=65916, stack(0x000000992f000000,0x000000992f100000) (1024K)]
  0x000001f2ab95b850 WorkerThread "GC Thread#7"                     [id=63788, stack(0x000000992f100000,0x000000992f200000) (1024K)]
  0x000001f2ab95ce70 WorkerThread "GC Thread#8"                     [id=66300, stack(0x000000992f200000,0x000000992f300000) (1024K)]
  0x000001f2ab95bfb0 WorkerThread "GC Thread#9"                     [id=56140, stack(0x000000992f300000,0x000000992f400000) (1024K)]
  0x000001f2fa063510 ConcurrentGCThread "G1 Main Marker"            [id=64472, stack(0x000000992d100000,0x000000992d200000) (1024K)]
  0x000001f2fa063f30 WorkerThread "G1 Conc#0"                       [id=34372, stack(0x000000992d200000,0x000000992d300000) (1024K)]
  0x000001f2fef93f30 WorkerThread "G1 Conc#1"                       [id=10120, stack(0x000000992f700000,0x000000992f800000) (1024K)]
  0x000001f2fef94a40 WorkerThread "G1 Conc#2"                       [id=28396, stack(0x000000992f800000,0x000000992f900000) (1024K)]
  0x000001f2feccf9d0 ConcurrentGCThread "G1 Refine#0"               [id=44824, stack(0x000000992d300000,0x000000992d400000) (1024K)]
  0x000001f2fecd2370 ConcurrentGCThread "G1 Service"                [id=66536, stack(0x000000992d400000,0x000000992d500000) (1024K)]
Total: 18

Threads with active compile tasks:
C2 CompilerThread0  143052 9436   !   4       java.net.URL::<init> (543 bytes)
Total: 1

VM state: not at safepoint (normal execution)

VM Mutex/Monitor currently owned by a thread: None

Heap address: 0x00000000e0000000, size: 512 MB, Compressed Oops mode: 32-bit

CDS archive(s) mapped at: [0x000001f291000000-0x000001f291ba0000-0x000001f291ba0000), size 12189696, SharedBaseAddress: 0x000001f291000000, ArchiveRelocationMode: 1.
Compressed class space mapped at: 0x000001f292000000-0x000001f2a6000000, reserved size: 335544320
Narrow klass base: 0x000001f291000000, Narrow klass shift: 0, Narrow klass range: 0x100000000

GC Precious Log:
 CardTable entry size: 512
 Card Set container configuration: InlinePtr #cards 5 size 8 Array Of Cards #cards 12 size 40 Howl #buckets 4 coarsen threshold 1843 Howl Bitmap #cards 512 size 80 coarsen threshold 460 Card regions per heap region 1 cards per card region 2048
 CPUs: 12 total, 12 available
 Memory: 15688M
 Large Page Support: Disabled
 NUMA Support: Disabled
 Compressed Oops: Enabled (32-bit)
 Heap Region Size: 1M
 Heap Min Capacity: 256M
 Heap Initial Capacity: 256M
 Heap Max Capacity: 512M
 Pre-touch: Disabled
 Parallel Workers: 10
 Concurrent Workers: 3
 Concurrent Refinement Workers: 10
 Periodic GC: Disabled

Heap:
 garbage-first heap   total 262144K, used 120554K [0x00000000e0000000, 0x0000000100000000)
  region size 1024K, 63 young (64512K), 10 survivors (10240K)
 Metaspace       used 65295K, committed 67456K, reserved 393216K
  class space    used 9441K, committed 10496K, reserved 327680K

Heap Regions: E=young(eden), S=young(survivor), O=old, HS=humongous(starts), HC=humongous(continues), CS=collection set, F=free, TAMS=top-at-mark-start, PB=parsable bottom
|   0|0x00000000e0000000, 0x00000000e0100000, 0x00000000e0100000|100%|HS|  |TAMS 0x00000000e0000000| PB 0x00000000e0000000| Complete 
|   1|0x00000000e0100000, 0x00000000e0200000, 0x00000000e0200000|100%|HC|  |TAMS 0x00000000e0100000| PB 0x00000000e0100000| Complete 
|   2|0x00000000e0200000, 0x00000000e0300000, 0x00000000e0300000|100%|HC|  |TAMS 0x00000000e0200000| PB 0x00000000e0200000| Complete 
|   3|0x00000000e0300000, 0x00000000e0400000, 0x00000000e0400000|100%|HC|  |TAMS 0x00000000e0300000| PB 0x00000000e0300000| Complete 
|   4|0x00000000e0400000, 0x00000000e0500000, 0x00000000e0500000|100%| O|  |TAMS 0x00000000e0400000| PB 0x00000000e0400000| Untracked 
|   5|0x00000000e0500000, 0x00000000e0600000, 0x00000000e0600000|100%| O|  |TAMS 0x00000000e0500000| PB 0x00000000e0500000| Untracked 
|   6|0x00000000e0600000, 0x00000000e0700000, 0x00000000e0700000|100%| O|  |TAMS 0x00000000e0600000| PB 0x00000000e0600000| Untracked 
|   7|0x00000000e0700000, 0x00000000e0800000, 0x00000000e0800000|100%| O|  |TAMS 0x00000000e0700000| PB 0x00000000e0700000| Untracked 
|   8|0x00000000e0800000, 0x00000000e0900000, 0x00000000e0900000|100%|HS|  |TAMS 0x00000000e0800000| PB 0x00000000e0800000| Complete 
|   9|0x00000000e0900000, 0x00000000e0a00000, 0x00000000e0a00000|100%| O|  |TAMS 0x00000000e0900000| PB 0x00000000e0900000| Untracked 
|  10|0x00000000e0a00000, 0x00000000e0b00000, 0x00000000e0b00000|100%| O|  |TAMS 0x00000000e0a00000| PB 0x00000000e0a00000| Untracked 
|  11|0x00000000e0b00000, 0x00000000e0c00000, 0x00000000e0c00000|100%| O|  |TAMS 0x00000000e0b00000| PB 0x00000000e0b00000| Untracked 
|  12|0x00000000e0c00000, 0x00000000e0d00000, 0x00000000e0d00000|100%| O|  |TAMS 0x00000000e0c00000| PB 0x00000000e0c00000| Untracked 
|  13|0x00000000e0d00000, 0x00000000e0e00000, 0x00000000e0e00000|100%| O|  |TAMS 0x00000000e0d00000| PB 0x00000000e0d00000| Untracked 
|  14|0x00000000e0e00000, 0x00000000e0f00000, 0x00000000e0f00000|100%| O|  |TAMS 0x00000000e0e00000| PB 0x00000000e0e00000| Untracked 
|  15|0x00000000e0f00000, 0x00000000e1000000, 0x00000000e1000000|100%| O|  |TAMS 0x00000000e0f00000| PB 0x00000000e0f00000| Untracked 
|  16|0x00000000e1000000, 0x00000000e1100000, 0x00000000e1100000|100%| O|  |TAMS 0x00000000e1000000| PB 0x00000000e1000000| Untracked 
|  17|0x00000000e1100000, 0x00000000e1200000, 0x00000000e1200000|100%| O|  |TAMS 0x00000000e1100000| PB 0x00000000e1100000| Untracked 
|  18|0x00000000e1200000, 0x00000000e1300000, 0x00000000e1300000|100%| O|  |TAMS 0x00000000e1200000| PB 0x00000000e1200000| Untracked 
|  19|0x00000000e1300000, 0x00000000e1400000, 0x00000000e1400000|100%| O|  |TAMS 0x00000000e1300000| PB 0x00000000e1300000| Untracked 
|  20|0x00000000e1400000, 0x00000000e1500000, 0x00000000e1500000|100%| O|  |TAMS 0x00000000e1400000| PB 0x00000000e1400000| Untracked 
|  21|0x00000000e1500000, 0x00000000e1600000, 0x00000000e1600000|100%| O|  |TAMS 0x00000000e1500000| PB 0x00000000e1500000| Untracked 
|  22|0x00000000e1600000, 0x00000000e1700000, 0x00000000e1700000|100%| O|  |TAMS 0x00000000e1600000| PB 0x00000000e1600000| Untracked 
|  23|0x00000000e1700000, 0x00000000e1800000, 0x00000000e1800000|100%| O|  |TAMS 0x00000000e1700000| PB 0x00000000e1700000| Untracked 
|  24|0x00000000e1800000, 0x00000000e1900000, 0x00000000e1900000|100%| O|  |TAMS 0x00000000e1800000| PB 0x00000000e1800000| Untracked 
|  25|0x00000000e1900000, 0x00000000e1a00000, 0x00000000e1a00000|100%| O|  |TAMS 0x00000000e1900000| PB 0x00000000e1900000| Untracked 
|  26|0x00000000e1a00000, 0x00000000e1b00000, 0x00000000e1b00000|100%| O|  |TAMS 0x00000000e1a00000| PB 0x00000000e1a00000| Untracked 
|  27|0x00000000e1b00000, 0x00000000e1c00000, 0x00000000e1c00000|100%| O|  |TAMS 0x00000000e1b00000| PB 0x00000000e1b00000| Untracked 
|  28|0x00000000e1c00000, 0x00000000e1d00000, 0x00000000e1d00000|100%| O|  |TAMS 0x00000000e1c00000| PB 0x00000000e1c00000| Untracked 
|  29|0x00000000e1d00000, 0x00000000e1e00000, 0x00000000e1e00000|100%| O|  |TAMS 0x00000000e1d00000| PB 0x00000000e1d00000| Untracked 
|  30|0x00000000e1e00000, 0x00000000e1f00000, 0x00000000e1f00000|100%| O|  |TAMS 0x00000000e1e00000| PB 0x00000000e1e00000| Untracked 
|  31|0x00000000e1f00000, 0x00000000e2000000, 0x00000000e2000000|100%| O|  |TAMS 0x00000000e1f00000| PB 0x00000000e1f00000| Untracked 
|  32|0x00000000e2000000, 0x00000000e2100000, 0x00000000e2100000|100%| O|  |TAMS 0x00000000e2000000| PB 0x00000000e2000000| Untracked 
|  33|0x00000000e2100000, 0x00000000e2200000, 0x00000000e2200000|100%| O|  |TAMS 0x00000000e2100000| PB 0x00000000e2100000| Untracked 
|  34|0x00000000e2200000, 0x00000000e2300000, 0x00000000e2300000|100%| O|  |TAMS 0x00000000e2200000| PB 0x00000000e2200000| Untracked 
|  35|0x00000000e2300000, 0x00000000e2400000, 0x00000000e2400000|100%| O|  |TAMS 0x00000000e2300000| PB 0x00000000e2300000| Untracked 
|  36|0x00000000e2400000, 0x00000000e2500000, 0x00000000e2500000|100%| O|  |TAMS 0x00000000e2400000| PB 0x00000000e2400000| Untracked 
|  37|0x00000000e2500000, 0x00000000e2600000, 0x00000000e2600000|100%| O|  |TAMS 0x00000000e2500000| PB 0x00000000e2500000| Untracked 
|  38|0x00000000e2600000, 0x00000000e2700000, 0x00000000e2700000|100%| O|  |TAMS 0x00000000e2600000| PB 0x00000000e2600000| Untracked 
|  39|0x00000000e2700000, 0x00000000e2800000, 0x00000000e2800000|100%| O|  |TAMS 0x00000000e2700000| PB 0x00000000e2700000| Untracked 
|  40|0x00000000e2800000, 0x00000000e2900000, 0x00000000e2900000|100%| O|  |TAMS 0x00000000e2800000| PB 0x00000000e2800000| Untracked 
|  41|0x00000000e2900000, 0x00000000e2a00000, 0x00000000e2a00000|100%| O|Cm|TAMS 0x00000000e2900000| PB 0x00000000e2900000| Complete 
|  42|0x00000000e2a00000, 0x00000000e2b00000, 0x00000000e2b00000|100%| O|  |TAMS 0x00000000e2a00000| PB 0x00000000e2a00000| Untracked 
|  43|0x00000000e2b00000, 0x00000000e2c00000, 0x00000000e2c00000|100%| O|  |TAMS 0x00000000e2b00000| PB 0x00000000e2b00000| Untracked 
|  44|0x00000000e2c00000, 0x00000000e2d00000, 0x00000000e2d00000|100%| O|  |TAMS 0x00000000e2c00000| PB 0x00000000e2c00000| Untracked 
|  45|0x00000000e2d00000, 0x00000000e2e00000, 0x00000000e2e00000|100%| O|  |TAMS 0x00000000e2d00000| PB 0x00000000e2d00000| Untracked 
|  46|0x00000000e2e00000, 0x00000000e2f00000, 0x00000000e2f00000|100%| O|  |TAMS 0x00000000e2e00000| PB 0x00000000e2e00000| Untracked 
|  47|0x00000000e2f00000, 0x00000000e3000000, 0x00000000e3000000|100%| O|  |TAMS 0x00000000e2f00000| PB 0x00000000e2f00000| Untracked 
|  48|0x00000000e3000000, 0x00000000e3100000, 0x00000000e3100000|100%| O|  |TAMS 0x00000000e3000000| PB 0x00000000e3000000| Untracked 
|  49|0x00000000e3100000, 0x00000000e3200000, 0x00000000e3200000|100%| O|  |TAMS 0x00000000e3100000| PB 0x00000000e3100000| Untracked 
|  50|0x00000000e3200000, 0x00000000e3300000, 0x00000000e3300000|100%| O|  |TAMS 0x00000000e3200000| PB 0x00000000e3200000| Untracked 
|  51|0x00000000e3300000, 0x00000000e3400000, 0x00000000e3400000|100%| O|  |TAMS 0x00000000e3300000| PB 0x00000000e3300000| Untracked 
|  52|0x00000000e3400000, 0x00000000e34481d8, 0x00000000e3500000| 28%| O|  |TAMS 0x00000000e3400000| PB 0x00000000e3400000| Untracked 
|  53|0x00000000e3500000, 0x00000000e3600000, 0x00000000e3600000|100%|HS|  |TAMS 0x00000000e3500000| PB 0x00000000e3500000| Complete 
|  54|0x00000000e3600000, 0x00000000e3700000, 0x00000000e3700000|100%|HS|  |TAMS 0x00000000e3600000| PB 0x00000000e3600000| Complete 
|  55|0x00000000e3700000, 0x00000000e3800000, 0x00000000e3800000|100%|HC|  |TAMS 0x00000000e3700000| PB 0x00000000e3700000| Complete 
|  56|0x00000000e3800000, 0x00000000e3900000, 0x00000000e3900000|100%|HS|  |TAMS 0x00000000e3800000| PB 0x00000000e3800000| Complete 
|  57|0x00000000e3900000, 0x00000000e3a00000, 0x00000000e3a00000|100%|HC|  |TAMS 0x00000000e3900000| PB 0x00000000e3900000| Complete 
|  58|0x00000000e3a00000, 0x00000000e3a00000, 0x00000000e3b00000|  0%| F|  |TAMS 0x00000000e3a00000| PB 0x00000000e3a00000| Untracked 
|  59|0x00000000e3b00000, 0x00000000e3b00000, 0x00000000e3c00000|  0%| F|  |TAMS 0x00000000e3b00000| PB 0x00000000e3b00000| Untracked 
|  60|0x00000000e3c00000, 0x00000000e3c00000, 0x00000000e3d00000|  0%| F|  |TAMS 0x00000000e3c00000| PB 0x00000000e3c00000| Untracked 
|  61|0x00000000e3d00000, 0x00000000e3d00000, 0x00000000e3e00000|  0%| F|  |TAMS 0x00000000e3d00000| PB 0x00000000e3d00000| Untracked 
|  62|0x00000000e3e00000, 0x00000000e3e00000, 0x00000000e3f00000|  0%| F|  |TAMS 0x00000000e3e00000| PB 0x00000000e3e00000| Untracked 
|  63|0x00000000e3f00000, 0x00000000e3f00000, 0x00000000e4000000|  0%| F|  |TAMS 0x00000000e3f00000| PB 0x00000000e3f00000| Untracked 
|  64|0x00000000e4000000, 0x00000000e4000000, 0x00000000e4100000|  0%| F|  |TAMS 0x00000000e4000000| PB 0x00000000e4000000| Untracked 
|  65|0x00000000e4100000, 0x00000000e4100000, 0x00000000e4200000|  0%| F|  |TAMS 0x00000000e4100000| PB 0x00000000e4100000| Untracked 
|  66|0x00000000e4200000, 0x00000000e4200000, 0x00000000e4300000|  0%| F|  |TAMS 0x00000000e4200000| PB 0x00000000e4200000| Untracked 
|  67|0x00000000e4300000, 0x00000000e4300000, 0x00000000e4400000|  0%| F|  |TAMS 0x00000000e4300000| PB 0x00000000e4300000| Untracked 
|  68|0x00000000e4400000, 0x00000000e4400000, 0x00000000e4500000|  0%| F|  |TAMS 0x00000000e4400000| PB 0x00000000e4400000| Untracked 
|  69|0x00000000e4500000, 0x00000000e4500000, 0x00000000e4600000|  0%| F|  |TAMS 0x00000000e4500000| PB 0x00000000e4500000| Untracked 
|  70|0x00000000e4600000, 0x00000000e4600000, 0x00000000e4700000|  0%| F|  |TAMS 0x00000000e4600000| PB 0x00000000e4600000| Untracked 
|  71|0x00000000e4700000, 0x00000000e4700000, 0x00000000e4800000|  0%| F|  |TAMS 0x00000000e4700000| PB 0x00000000e4700000| Untracked 
|  72|0x00000000e4800000, 0x00000000e4800000, 0x00000000e4900000|  0%| F|  |TAMS 0x00000000e4800000| PB 0x00000000e4800000| Untracked 
|  73|0x00000000e4900000, 0x00000000e4900000, 0x00000000e4a00000|  0%| F|  |TAMS 0x00000000e4900000| PB 0x00000000e4900000| Untracked 
|  74|0x00000000e4a00000, 0x00000000e4a00000, 0x00000000e4b00000|  0%| F|  |TAMS 0x00000000e4a00000| PB 0x00000000e4a00000| Untracked 
|  75|0x00000000e4b00000, 0x00000000e4b00000, 0x00000000e4c00000|  0%| F|  |TAMS 0x00000000e4b00000| PB 0x00000000e4b00000| Untracked 
|  76|0x00000000e4c00000, 0x00000000e4c00000, 0x00000000e4d00000|  0%| F|  |TAMS 0x00000000e4c00000| PB 0x00000000e4c00000| Untracked 
|  77|0x00000000e4d00000, 0x00000000e4d00000, 0x00000000e4e00000|  0%| F|  |TAMS 0x00000000e4d00000| PB 0x00000000e4d00000| Untracked 
|  78|0x00000000e4e00000, 0x00000000e4e00000, 0x00000000e4f00000|  0%| F|  |TAMS 0x00000000e4e00000| PB 0x00000000e4e00000| Untracked 
|  79|0x00000000e4f00000, 0x00000000e4f00000, 0x00000000e5000000|  0%| F|  |TAMS 0x00000000e4f00000| PB 0x00000000e4f00000| Untracked 
|  80|0x00000000e5000000, 0x00000000e5000000, 0x00000000e5100000|  0%| F|  |TAMS 0x00000000e5000000| PB 0x00000000e5000000| Untracked 
|  81|0x00000000e5100000, 0x00000000e5100000, 0x00000000e5200000|  0%| F|  |TAMS 0x00000000e5100000| PB 0x00000000e5100000| Untracked 
|  82|0x00000000e5200000, 0x00000000e5200000, 0x00000000e5300000|  0%| F|  |TAMS 0x00000000e5200000| PB 0x00000000e5200000| Untracked 
|  83|0x00000000e5300000, 0x00000000e5300000, 0x00000000e5400000|  0%| F|  |TAMS 0x00000000e5300000| PB 0x00000000e5300000| Untracked 
|  84|0x00000000e5400000, 0x00000000e5400000, 0x00000000e5500000|  0%| F|  |TAMS 0x00000000e5400000| PB 0x00000000e5400000| Untracked 
|  85|0x00000000e5500000, 0x00000000e5500000, 0x00000000e5600000|  0%| F|  |TAMS 0x00000000e5500000| PB 0x00000000e5500000| Untracked 
|  86|0x00000000e5600000, 0x00000000e5600000, 0x00000000e5700000|  0%| F|  |TAMS 0x00000000e5600000| PB 0x00000000e5600000| Untracked 
|  87|0x00000000e5700000, 0x00000000e5700000, 0x00000000e5800000|  0%| F|  |TAMS 0x00000000e5700000| PB 0x00000000e5700000| Untracked 
|  88|0x00000000e5800000, 0x00000000e5800000, 0x00000000e5900000|  0%| F|  |TAMS 0x00000000e5800000| PB 0x00000000e5800000| Untracked 
|  89|0x00000000e5900000, 0x00000000e5900000, 0x00000000e5a00000|  0%| F|  |TAMS 0x00000000e5900000| PB 0x00000000e5900000| Untracked 
|  90|0x00000000e5a00000, 0x00000000e5a00000, 0x00000000e5b00000|  0%| F|  |TAMS 0x00000000e5a00000| PB 0x00000000e5a00000| Untracked 
|  91|0x00000000e5b00000, 0x00000000e5b00000, 0x00000000e5c00000|  0%| F|  |TAMS 0x00000000e5b00000| PB 0x00000000e5b00000| Untracked 
|  92|0x00000000e5c00000, 0x00000000e5c00000, 0x00000000e5d00000|  0%| F|  |TAMS 0x00000000e5c00000| PB 0x00000000e5c00000| Untracked 
|  93|0x00000000e5d00000, 0x00000000e5d00000, 0x00000000e5e00000|  0%| F|  |TAMS 0x00000000e5d00000| PB 0x00000000e5d00000| Untracked 
|  94|0x00000000e5e00000, 0x00000000e5e00000, 0x00000000e5f00000|  0%| F|  |TAMS 0x00000000e5e00000| PB 0x00000000e5e00000| Untracked 
|  95|0x00000000e5f00000, 0x00000000e5f00000, 0x00000000e6000000|  0%| F|  |TAMS 0x00000000e5f00000| PB 0x00000000e5f00000| Untracked 
|  96|0x00000000e6000000, 0x00000000e6000000, 0x00000000e6100000|  0%| F|  |TAMS 0x00000000e6000000| PB 0x00000000e6000000| Untracked 
|  97|0x00000000e6100000, 0x00000000e6100000, 0x00000000e6200000|  0%| F|  |TAMS 0x00000000e6100000| PB 0x00000000e6100000| Untracked 
|  98|0x00000000e6200000, 0x00000000e6200000, 0x00000000e6300000|  0%| F|  |TAMS 0x00000000e6200000| PB 0x00000000e6200000| Untracked 
|  99|0x00000000e6300000, 0x00000000e6300000, 0x00000000e6400000|  0%| F|  |TAMS 0x00000000e6300000| PB 0x00000000e6300000| Untracked 
| 100|0x00000000e6400000, 0x00000000e6400000, 0x00000000e6500000|  0%| F|  |TAMS 0x00000000e6400000| PB 0x00000000e6400000| Untracked 
| 101|0x00000000e6500000, 0x00000000e6500000, 0x00000000e6600000|  0%| F|  |TAMS 0x00000000e6500000| PB 0x00000000e6500000| Untracked 
| 102|0x00000000e6600000, 0x00000000e6600000, 0x00000000e6700000|  0%| F|  |TAMS 0x00000000e6600000| PB 0x00000000e6600000| Untracked 
| 103|0x00000000e6700000, 0x00000000e6700000, 0x00000000e6800000|  0%| F|  |TAMS 0x00000000e6700000| PB 0x00000000e6700000| Untracked 
| 104|0x00000000e6800000, 0x00000000e6800000, 0x00000000e6900000|  0%| F|  |TAMS 0x00000000e6800000| PB 0x00000000e6800000| Untracked 
| 105|0x00000000e6900000, 0x00000000e6900000, 0x00000000e6a00000|  0%| F|  |TAMS 0x00000000e6900000| PB 0x00000000e6900000| Untracked 
| 106|0x00000000e6a00000, 0x00000000e6a00000, 0x00000000e6b00000|  0%| F|  |TAMS 0x00000000e6a00000| PB 0x00000000e6a00000| Untracked 
| 107|0x00000000e6b00000, 0x00000000e6b00000, 0x00000000e6c00000|  0%| F|  |TAMS 0x00000000e6b00000| PB 0x00000000e6b00000| Untracked 
| 108|0x00000000e6c00000, 0x00000000e6c00000, 0x00000000e6d00000|  0%| F|  |TAMS 0x00000000e6c00000| PB 0x00000000e6c00000| Untracked 
| 109|0x00000000e6d00000, 0x00000000e6d00000, 0x00000000e6e00000|  0%| F|  |TAMS 0x00000000e6d00000| PB 0x00000000e6d00000| Untracked 
| 110|0x00000000e6e00000, 0x00000000e6e00000, 0x00000000e6f00000|  0%| F|  |TAMS 0x00000000e6e00000| PB 0x00000000e6e00000| Untracked 
| 111|0x00000000e6f00000, 0x00000000e6f00000, 0x00000000e7000000|  0%| F|  |TAMS 0x00000000e6f00000| PB 0x00000000e6f00000| Untracked 
| 112|0x00000000e7000000, 0x00000000e7000000, 0x00000000e7100000|  0%| F|  |TAMS 0x00000000e7000000| PB 0x00000000e7000000| Untracked 
| 113|0x00000000e7100000, 0x00000000e7100000, 0x00000000e7200000|  0%| F|  |TAMS 0x00000000e7100000| PB 0x00000000e7100000| Untracked 
| 114|0x00000000e7200000, 0x00000000e7200000, 0x00000000e7300000|  0%| F|  |TAMS 0x00000000e7200000| PB 0x00000000e7200000| Untracked 
| 115|0x00000000e7300000, 0x00000000e7300000, 0x00000000e7400000|  0%| F|  |TAMS 0x00000000e7300000| PB 0x00000000e7300000| Untracked 
| 116|0x00000000e7400000, 0x00000000e7400000, 0x00000000e7500000|  0%| F|  |TAMS 0x00000000e7400000| PB 0x00000000e7400000| Untracked 
| 117|0x00000000e7500000, 0x00000000e7500000, 0x00000000e7600000|  0%| F|  |TAMS 0x00000000e7500000| PB 0x00000000e7500000| Untracked 
| 118|0x00000000e7600000, 0x00000000e7600000, 0x00000000e7700000|  0%| F|  |TAMS 0x00000000e7600000| PB 0x00000000e7600000| Untracked 
| 119|0x00000000e7700000, 0x00000000e7700000, 0x00000000e7800000|  0%| F|  |TAMS 0x00000000e7700000| PB 0x00000000e7700000| Untracked 
| 120|0x00000000e7800000, 0x00000000e7800000, 0x00000000e7900000|  0%| F|  |TAMS 0x00000000e7800000| PB 0x00000000e7800000| Untracked 
| 121|0x00000000e7900000, 0x00000000e7900000, 0x00000000e7a00000|  0%| F|  |TAMS 0x00000000e7900000| PB 0x00000000e7900000| Untracked 
| 122|0x00000000e7a00000, 0x00000000e7a00000, 0x00000000e7b00000|  0%| F|  |TAMS 0x00000000e7a00000| PB 0x00000000e7a00000| Untracked 
| 123|0x00000000e7b00000, 0x00000000e7b00000, 0x00000000e7c00000|  0%| F|  |TAMS 0x00000000e7b00000| PB 0x00000000e7b00000| Untracked 
| 124|0x00000000e7c00000, 0x00000000e7c00000, 0x00000000e7d00000|  0%| F|  |TAMS 0x00000000e7c00000| PB 0x00000000e7c00000| Untracked 
| 125|0x00000000e7d00000, 0x00000000e7d00000, 0x00000000e7e00000|  0%| F|  |TAMS 0x00000000e7d00000| PB 0x00000000e7d00000| Untracked 
| 126|0x00000000e7e00000, 0x00000000e7e00000, 0x00000000e7f00000|  0%| F|  |TAMS 0x00000000e7e00000| PB 0x00000000e7e00000| Untracked 
| 127|0x00000000e7f00000, 0x00000000e7f00000, 0x00000000e8000000|  0%| F|  |TAMS 0x00000000e7f00000| PB 0x00000000e7f00000| Untracked 
| 128|0x00000000e8000000, 0x00000000e8000000, 0x00000000e8100000|  0%| F|  |TAMS 0x00000000e8000000| PB 0x00000000e8000000| Untracked 
| 129|0x00000000e8100000, 0x00000000e8100000, 0x00000000e8200000|  0%| F|  |TAMS 0x00000000e8100000| PB 0x00000000e8100000| Untracked 
| 130|0x00000000e8200000, 0x00000000e8200000, 0x00000000e8300000|  0%| F|  |TAMS 0x00000000e8200000| PB 0x00000000e8200000| Untracked 
| 131|0x00000000e8300000, 0x00000000e8300000, 0x00000000e8400000|  0%| F|  |TAMS 0x00000000e8300000| PB 0x00000000e8300000| Untracked 
| 132|0x00000000e8400000, 0x00000000e8400000, 0x00000000e8500000|  0%| F|  |TAMS 0x00000000e8400000| PB 0x00000000e8400000| Untracked 
| 133|0x00000000e8500000, 0x00000000e8500000, 0x00000000e8600000|  0%| F|  |TAMS 0x00000000e8500000| PB 0x00000000e8500000| Untracked 
| 134|0x00000000e8600000, 0x00000000e8600000, 0x00000000e8700000|  0%| F|  |TAMS 0x00000000e8600000| PB 0x00000000e8600000| Untracked 
| 135|0x00000000e8700000, 0x00000000e8700000, 0x00000000e8800000|  0%| F|  |TAMS 0x00000000e8700000| PB 0x00000000e8700000| Untracked 
| 136|0x00000000e8800000, 0x00000000e8800000, 0x00000000e8900000|  0%| F|  |TAMS 0x00000000e8800000| PB 0x00000000e8800000| Untracked 
| 137|0x00000000e8900000, 0x00000000e8900000, 0x00000000e8a00000|  0%| F|  |TAMS 0x00000000e8900000| PB 0x00000000e8900000| Untracked 
| 138|0x00000000e8a00000, 0x00000000e8a00000, 0x00000000e8b00000|  0%| F|  |TAMS 0x00000000e8a00000| PB 0x00000000e8a00000| Untracked 
| 139|0x00000000e8b00000, 0x00000000e8b00000, 0x00000000e8c00000|  0%| F|  |TAMS 0x00000000e8b00000| PB 0x00000000e8b00000| Untracked 
| 140|0x00000000e8c00000, 0x00000000e8c00000, 0x00000000e8d00000|  0%| F|  |TAMS 0x00000000e8c00000| PB 0x00000000e8c00000| Untracked 
| 141|0x00000000e8d00000, 0x00000000e8d00000, 0x00000000e8e00000|  0%| F|  |TAMS 0x00000000e8d00000| PB 0x00000000e8d00000| Untracked 
| 142|0x00000000e8e00000, 0x00000000e8e00000, 0x00000000e8f00000|  0%| F|  |TAMS 0x00000000e8e00000| PB 0x00000000e8e00000| Untracked 
| 143|0x00000000e8f00000, 0x00000000e8f00000, 0x00000000e9000000|  0%| F|  |TAMS 0x00000000e8f00000| PB 0x00000000e8f00000| Untracked 
| 144|0x00000000e9000000, 0x00000000e9000000, 0x00000000e9100000|  0%| F|  |TAMS 0x00000000e9000000| PB 0x00000000e9000000| Untracked 
| 145|0x00000000e9100000, 0x00000000e9100000, 0x00000000e9200000|  0%| F|  |TAMS 0x00000000e9100000| PB 0x00000000e9100000| Untracked 
| 146|0x00000000e9200000, 0x00000000e9200000, 0x00000000e9300000|  0%| F|  |TAMS 0x00000000e9200000| PB 0x00000000e9200000| Untracked 
| 147|0x00000000e9300000, 0x00000000e9300000, 0x00000000e9400000|  0%| F|  |TAMS 0x00000000e9300000| PB 0x00000000e9300000| Untracked 
| 148|0x00000000e9400000, 0x00000000e9400000, 0x00000000e9500000|  0%| F|  |TAMS 0x00000000e9400000| PB 0x00000000e9400000| Untracked 
| 149|0x00000000e9500000, 0x00000000e9500000, 0x00000000e9600000|  0%| F|  |TAMS 0x00000000e9500000| PB 0x00000000e9500000| Untracked 
| 150|0x00000000e9600000, 0x00000000e9600000, 0x00000000e9700000|  0%| F|  |TAMS 0x00000000e9600000| PB 0x00000000e9600000| Untracked 
| 151|0x00000000e9700000, 0x00000000e9700000, 0x00000000e9800000|  0%| F|  |TAMS 0x00000000e9700000| PB 0x00000000e9700000| Untracked 
| 152|0x00000000e9800000, 0x00000000e9800000, 0x00000000e9900000|  0%| F|  |TAMS 0x00000000e9800000| PB 0x00000000e9800000| Untracked 
| 153|0x00000000e9900000, 0x00000000e9900000, 0x00000000e9a00000|  0%| F|  |TAMS 0x00000000e9900000| PB 0x00000000e9900000| Untracked 
| 154|0x00000000e9a00000, 0x00000000e9a00000, 0x00000000e9b00000|  0%| F|  |TAMS 0x00000000e9a00000| PB 0x00000000e9a00000| Untracked 
| 155|0x00000000e9b00000, 0x00000000e9b00000, 0x00000000e9c00000|  0%| F|  |TAMS 0x00000000e9b00000| PB 0x00000000e9b00000| Untracked 
| 156|0x00000000e9c00000, 0x00000000e9c00000, 0x00000000e9d00000|  0%| F|  |TAMS 0x00000000e9c00000| PB 0x00000000e9c00000| Untracked 
| 157|0x00000000e9d00000, 0x00000000e9d00000, 0x00000000e9e00000|  0%| F|  |TAMS 0x00000000e9d00000| PB 0x00000000e9d00000| Untracked 
| 158|0x00000000e9e00000, 0x00000000e9e00000, 0x00000000e9f00000|  0%| F|  |TAMS 0x00000000e9e00000| PB 0x00000000e9e00000| Untracked 
| 159|0x00000000e9f00000, 0x00000000e9f00000, 0x00000000ea000000|  0%| F|  |TAMS 0x00000000e9f00000| PB 0x00000000e9f00000| Untracked 
| 160|0x00000000ea000000, 0x00000000ea000000, 0x00000000ea100000|  0%| F|  |TAMS 0x00000000ea000000| PB 0x00000000ea000000| Untracked 
| 161|0x00000000ea100000, 0x00000000ea100000, 0x00000000ea200000|  0%| F|  |TAMS 0x00000000ea100000| PB 0x00000000ea100000| Untracked 
| 162|0x00000000ea200000, 0x00000000ea200000, 0x00000000ea300000|  0%| F|  |TAMS 0x00000000ea200000| PB 0x00000000ea200000| Untracked 
| 163|0x00000000ea300000, 0x00000000ea300000, 0x00000000ea400000|  0%| F|  |TAMS 0x00000000ea300000| PB 0x00000000ea300000| Untracked 
| 164|0x00000000ea400000, 0x00000000ea400000, 0x00000000ea500000|  0%| F|  |TAMS 0x00000000ea400000| PB 0x00000000ea400000| Untracked 
| 165|0x00000000ea500000, 0x00000000ea500000, 0x00000000ea600000|  0%| F|  |TAMS 0x00000000ea500000| PB 0x00000000ea500000| Untracked 
| 166|0x00000000ea600000, 0x00000000ea600000, 0x00000000ea700000|  0%| F|  |TAMS 0x00000000ea600000| PB 0x00000000ea600000| Untracked 
| 167|0x00000000ea700000, 0x00000000ea700000, 0x00000000ea800000|  0%| F|  |TAMS 0x00000000ea700000| PB 0x00000000ea700000| Untracked 
| 168|0x00000000ea800000, 0x00000000ea800000, 0x00000000ea900000|  0%| F|  |TAMS 0x00000000ea800000| PB 0x00000000ea800000| Untracked 
| 169|0x00000000ea900000, 0x00000000ea900000, 0x00000000eaa00000|  0%| F|  |TAMS 0x00000000ea900000| PB 0x00000000ea900000| Untracked 
| 170|0x00000000eaa00000, 0x00000000eaa00000, 0x00000000eab00000|  0%| F|  |TAMS 0x00000000eaa00000| PB 0x00000000eaa00000| Untracked 
| 171|0x00000000eab00000, 0x00000000eab00000, 0x00000000eac00000|  0%| F|  |TAMS 0x00000000eab00000| PB 0x00000000eab00000| Untracked 
| 172|0x00000000eac00000, 0x00000000eac00000, 0x00000000ead00000|  0%| F|  |TAMS 0x00000000eac00000| PB 0x00000000eac00000| Untracked 
| 173|0x00000000ead00000, 0x00000000ead72650, 0x00000000eae00000| 44%| S|CS|TAMS 0x00000000ead00000| PB 0x00000000ead00000| Complete 
| 174|0x00000000eae00000, 0x00000000eaf00000, 0x00000000eaf00000|100%| S|CS|TAMS 0x00000000eae00000| PB 0x00000000eae00000| Complete 
| 175|0x00000000eaf00000, 0x00000000eb000000, 0x00000000eb000000|100%| S|CS|TAMS 0x00000000eaf00000| PB 0x00000000eaf00000| Complete 
| 176|0x00000000eb000000, 0x00000000eb100000, 0x00000000eb100000|100%| S|CS|TAMS 0x00000000eb000000| PB 0x00000000eb000000| Complete 
| 177|0x00000000eb100000, 0x00000000eb200000, 0x00000000eb200000|100%| S|CS|TAMS 0x00000000eb100000| PB 0x00000000eb100000| Complete 
| 178|0x00000000eb200000, 0x00000000eb300000, 0x00000000eb300000|100%| S|CS|TAMS 0x00000000eb200000| PB 0x00000000eb200000| Complete 
| 179|0x00000000eb300000, 0x00000000eb400000, 0x00000000eb400000|100%| S|CS|TAMS 0x00000000eb300000| PB 0x00000000eb300000| Complete 
| 180|0x00000000eb400000, 0x00000000eb500000, 0x00000000eb500000|100%| S|CS|TAMS 0x00000000eb400000| PB 0x00000000eb400000| Complete 
| 181|0x00000000eb500000, 0x00000000eb600000, 0x00000000eb600000|100%| S|CS|TAMS 0x00000000eb500000| PB 0x00000000eb500000| Complete 
| 182|0x00000000eb600000, 0x00000000eb700000, 0x00000000eb700000|100%| S|CS|TAMS 0x00000000eb600000| PB 0x00000000eb600000| Complete 
| 183|0x00000000eb700000, 0x00000000eb700000, 0x00000000eb800000|  0%| F|  |TAMS 0x00000000eb700000| PB 0x00000000eb700000| Untracked 
| 184|0x00000000eb800000, 0x00000000eb800000, 0x00000000eb900000|  0%| F|  |TAMS 0x00000000eb800000| PB 0x00000000eb800000| Untracked 
| 185|0x00000000eb900000, 0x00000000eb900000, 0x00000000eba00000|  0%| F|  |TAMS 0x00000000eb900000| PB 0x00000000eb900000| Untracked 
| 186|0x00000000eba00000, 0x00000000eba00000, 0x00000000ebb00000|  0%| F|  |TAMS 0x00000000eba00000| PB 0x00000000eba00000| Untracked 
| 187|0x00000000ebb00000, 0x00000000ebb00000, 0x00000000ebc00000|  0%| F|  |TAMS 0x00000000ebb00000| PB 0x00000000ebb00000| Untracked 
| 188|0x00000000ebc00000, 0x00000000ebc00000, 0x00000000ebd00000|  0%| F|  |TAMS 0x00000000ebc00000| PB 0x00000000ebc00000| Untracked 
| 189|0x00000000ebd00000, 0x00000000ebd00000, 0x00000000ebe00000|  0%| F|  |TAMS 0x00000000ebd00000| PB 0x00000000ebd00000| Untracked 
| 190|0x00000000ebe00000, 0x00000000ebe00000, 0x00000000ebf00000|  0%| F|  |TAMS 0x00000000ebe00000| PB 0x00000000ebe00000| Untracked 
| 191|0x00000000ebf00000, 0x00000000ebf00000, 0x00000000ec000000|  0%| F|  |TAMS 0x00000000ebf00000| PB 0x00000000ebf00000| Untracked 
| 192|0x00000000ec000000, 0x00000000ec000000, 0x00000000ec100000|  0%| F|  |TAMS 0x00000000ec000000| PB 0x00000000ec000000| Untracked 
| 193|0x00000000ec100000, 0x00000000ec100000, 0x00000000ec200000|  0%| F|  |TAMS 0x00000000ec100000| PB 0x00000000ec100000| Untracked 
| 194|0x00000000ec200000, 0x00000000ec200000, 0x00000000ec300000|  0%| F|  |TAMS 0x00000000ec200000| PB 0x00000000ec200000| Untracked 
| 195|0x00000000ec300000, 0x00000000ec300000, 0x00000000ec400000|  0%| F|  |TAMS 0x00000000ec300000| PB 0x00000000ec300000| Untracked 
| 196|0x00000000ec400000, 0x00000000ec400000, 0x00000000ec500000|  0%| F|  |TAMS 0x00000000ec400000| PB 0x00000000ec400000| Untracked 
| 197|0x00000000ec500000, 0x00000000ec500000, 0x00000000ec600000|  0%| F|  |TAMS 0x00000000ec500000| PB 0x00000000ec500000| Untracked 
| 198|0x00000000ec600000, 0x00000000ec600000, 0x00000000ec700000|  0%| F|  |TAMS 0x00000000ec600000| PB 0x00000000ec600000| Untracked 
| 199|0x00000000ec700000, 0x00000000ec700000, 0x00000000ec800000|  0%| F|  |TAMS 0x00000000ec700000| PB 0x00000000ec700000| Untracked 
| 200|0x00000000ec800000, 0x00000000ec800000, 0x00000000ec900000|  0%| F|  |TAMS 0x00000000ec800000| PB 0x00000000ec800000| Untracked 
| 201|0x00000000ec900000, 0x00000000ec900000, 0x00000000eca00000|  0%| F|  |TAMS 0x00000000ec900000| PB 0x00000000ec900000| Untracked 
| 202|0x00000000eca00000, 0x00000000eca00000, 0x00000000ecb00000|  0%| F|  |TAMS 0x00000000eca00000| PB 0x00000000eca00000| Untracked 
| 203|0x00000000ecb00000, 0x00000000ecbaed40, 0x00000000ecc00000| 68%| E|  |TAMS 0x00000000ecb00000| PB 0x00000000ecb00000| Complete 
| 204|0x00000000ecc00000, 0x00000000ecd00000, 0x00000000ecd00000|100%| E|CS|TAMS 0x00000000ecc00000| PB 0x00000000ecc00000| Complete 
| 205|0x00000000ecd00000, 0x00000000ece00000, 0x00000000ece00000|100%| E|CS|TAMS 0x00000000ecd00000| PB 0x00000000ecd00000| Complete 
| 206|0x00000000ece00000, 0x00000000ecf00000, 0x00000000ecf00000|100%| E|CS|TAMS 0x00000000ece00000| PB 0x00000000ece00000| Complete 
| 207|0x00000000ecf00000, 0x00000000ed000000, 0x00000000ed000000|100%| E|CS|TAMS 0x00000000ecf00000| PB 0x00000000ecf00000| Complete 
| 208|0x00000000ed000000, 0x00000000ed100000, 0x00000000ed100000|100%| E|CS|TAMS 0x00000000ed000000| PB 0x00000000ed000000| Complete 
| 209|0x00000000ed100000, 0x00000000ed200000, 0x00000000ed200000|100%| E|CS|TAMS 0x00000000ed100000| PB 0x00000000ed100000| Complete 
| 210|0x00000000ed200000, 0x00000000ed300000, 0x00000000ed300000|100%| E|CS|TAMS 0x00000000ed200000| PB 0x00000000ed200000| Complete 
| 211|0x00000000ed300000, 0x00000000ed400000, 0x00000000ed400000|100%| E|CS|TAMS 0x00000000ed300000| PB 0x00000000ed300000| Complete 
| 212|0x00000000ed400000, 0x00000000ed500000, 0x00000000ed500000|100%| E|CS|TAMS 0x00000000ed400000| PB 0x00000000ed400000| Complete 
| 213|0x00000000ed500000, 0x00000000ed600000, 0x00000000ed600000|100%| E|CS|TAMS 0x00000000ed500000| PB 0x00000000ed500000| Complete 
| 214|0x00000000ed600000, 0x00000000ed700000, 0x00000000ed700000|100%| E|CS|TAMS 0x00000000ed600000| PB 0x00000000ed600000| Complete 
| 215|0x00000000ed700000, 0x00000000ed800000, 0x00000000ed800000|100%| E|CS|TAMS 0x00000000ed700000| PB 0x00000000ed700000| Complete 
| 216|0x00000000ed800000, 0x00000000ed900000, 0x00000000ed900000|100%| E|CS|TAMS 0x00000000ed800000| PB 0x00000000ed800000| Complete 
| 217|0x00000000ed900000, 0x00000000eda00000, 0x00000000eda00000|100%| E|CS|TAMS 0x00000000ed900000| PB 0x00000000ed900000| Complete 
| 218|0x00000000eda00000, 0x00000000edb00000, 0x00000000edb00000|100%| E|CS|TAMS 0x00000000eda00000| PB 0x00000000eda00000| Complete 
| 219|0x00000000edb00000, 0x00000000edc00000, 0x00000000edc00000|100%| E|CS|TAMS 0x00000000edb00000| PB 0x00000000edb00000| Complete 
| 220|0x00000000edc00000, 0x00000000edd00000, 0x00000000edd00000|100%| E|CS|TAMS 0x00000000edc00000| PB 0x00000000edc00000| Complete 
| 221|0x00000000edd00000, 0x00000000ede00000, 0x00000000ede00000|100%| E|CS|TAMS 0x00000000edd00000| PB 0x00000000edd00000| Complete 
| 222|0x00000000ede00000, 0x00000000edf00000, 0x00000000edf00000|100%| E|CS|TAMS 0x00000000ede00000| PB 0x00000000ede00000| Complete 
| 223|0x00000000edf00000, 0x00000000ee000000, 0x00000000ee000000|100%| E|CS|TAMS 0x00000000edf00000| PB 0x00000000edf00000| Complete 
| 224|0x00000000ee000000, 0x00000000ee100000, 0x00000000ee100000|100%| E|CS|TAMS 0x00000000ee000000| PB 0x00000000ee000000| Complete 
| 225|0x00000000ee100000, 0x00000000ee200000, 0x00000000ee200000|100%| E|CS|TAMS 0x00000000ee100000| PB 0x00000000ee100000| Complete 
| 226|0x00000000ee200000, 0x00000000ee300000, 0x00000000ee300000|100%| E|CS|TAMS 0x00000000ee200000| PB 0x00000000ee200000| Complete 
| 227|0x00000000ee300000, 0x00000000ee400000, 0x00000000ee400000|100%| E|CS|TAMS 0x00000000ee300000| PB 0x00000000ee300000| Complete 
| 228|0x00000000ee400000, 0x00000000ee500000, 0x00000000ee500000|100%| E|CS|TAMS 0x00000000ee400000| PB 0x00000000ee400000| Complete 
| 229|0x00000000ee500000, 0x00000000ee600000, 0x00000000ee600000|100%| E|CS|TAMS 0x00000000ee500000| PB 0x00000000ee500000| Complete 
| 230|0x00000000ee600000, 0x00000000ee700000, 0x00000000ee700000|100%| E|CS|TAMS 0x00000000ee600000| PB 0x00000000ee600000| Complete 
| 231|0x00000000ee700000, 0x00000000ee800000, 0x00000000ee800000|100%| E|CS|TAMS 0x00000000ee700000| PB 0x00000000ee700000| Complete 
| 232|0x00000000ee800000, 0x00000000ee900000, 0x00000000ee900000|100%| E|CS|TAMS 0x00000000ee800000| PB 0x00000000ee800000| Complete 
| 233|0x00000000ee900000, 0x00000000eea00000, 0x00000000eea00000|100%| E|CS|TAMS 0x00000000ee900000| PB 0x00000000ee900000| Complete 
| 234|0x00000000eea00000, 0x00000000eeb00000, 0x00000000eeb00000|100%| E|CS|TAMS 0x00000000eea00000| PB 0x00000000eea00000| Complete 
| 235|0x00000000eeb00000, 0x00000000eec00000, 0x00000000eec00000|100%| E|CS|TAMS 0x00000000eeb00000| PB 0x00000000eeb00000| Complete 
| 236|0x00000000eec00000, 0x00000000eed00000, 0x00000000eed00000|100%| E|CS|TAMS 0x00000000eec00000| PB 0x00000000eec00000| Complete 
| 237|0x00000000eed00000, 0x00000000eee00000, 0x00000000eee00000|100%| E|CS|TAMS 0x00000000eed00000| PB 0x00000000eed00000| Complete 
| 238|0x00000000eee00000, 0x00000000eef00000, 0x00000000eef00000|100%| E|CS|TAMS 0x00000000eee00000| PB 0x00000000eee00000| Complete 
| 239|0x00000000eef00000, 0x00000000ef000000, 0x00000000ef000000|100%| E|CS|TAMS 0x00000000eef00000| PB 0x00000000eef00000| Complete 
| 240|0x00000000ef000000, 0x00000000ef100000, 0x00000000ef100000|100%| E|CS|TAMS 0x00000000ef000000| PB 0x00000000ef000000| Complete 
| 241|0x00000000ef100000, 0x00000000ef200000, 0x00000000ef200000|100%| E|CS|TAMS 0x00000000ef100000| PB 0x00000000ef100000| Complete 
| 242|0x00000000ef200000, 0x00000000ef300000, 0x00000000ef300000|100%| E|CS|TAMS 0x00000000ef200000| PB 0x00000000ef200000| Complete 
| 243|0x00000000ef300000, 0x00000000ef400000, 0x00000000ef400000|100%| E|CS|TAMS 0x00000000ef300000| PB 0x00000000ef300000| Complete 
| 244|0x00000000ef400000, 0x00000000ef500000, 0x00000000ef500000|100%| E|CS|TAMS 0x00000000ef400000| PB 0x00000000ef400000| Complete 
| 245|0x00000000ef500000, 0x00000000ef600000, 0x00000000ef600000|100%| E|  |TAMS 0x00000000ef500000| PB 0x00000000ef500000| Complete 
| 246|0x00000000ef600000, 0x00000000ef700000, 0x00000000ef700000|100%| E|CS|TAMS 0x00000000ef600000| PB 0x00000000ef600000| Complete 
| 247|0x00000000ef700000, 0x00000000ef800000, 0x00000000ef800000|100%| E|CS|TAMS 0x00000000ef700000| PB 0x00000000ef700000| Complete 
| 248|0x00000000ef800000, 0x00000000ef900000, 0x00000000ef900000|100%| E|CS|TAMS 0x00000000ef800000| PB 0x00000000ef800000| Complete 
| 249|0x00000000ef900000, 0x00000000efa00000, 0x00000000efa00000|100%| E|CS|TAMS 0x00000000ef900000| PB 0x00000000ef900000| Complete 
| 250|0x00000000efa00000, 0x00000000efb00000, 0x00000000efb00000|100%| E|CS|TAMS 0x00000000efa00000| PB 0x00000000efa00000| Complete 
| 251|0x00000000efb00000, 0x00000000efc00000, 0x00000000efc00000|100%| E|CS|TAMS 0x00000000efb00000| PB 0x00000000efb00000| Complete 
| 252|0x00000000efc00000, 0x00000000efd00000, 0x00000000efd00000|100%| E|CS|TAMS 0x00000000efc00000| PB 0x00000000efc00000| Complete 
| 253|0x00000000efd00000, 0x00000000efe00000, 0x00000000efe00000|100%| E|CS|TAMS 0x00000000efd00000| PB 0x00000000efd00000| Complete 
| 254|0x00000000efe00000, 0x00000000eff00000, 0x00000000eff00000|100%| E|CS|TAMS 0x00000000efe00000| PB 0x00000000efe00000| Complete 
| 255|0x00000000eff00000, 0x00000000f0000000, 0x00000000f0000000|100%| E|CS|TAMS 0x00000000eff00000| PB 0x00000000eff00000| Complete 

Card table byte_map: [0x000001f2fd880000,0x000001f2fd980000] _byte_map_base: 0x000001f2fd180000

Marking Bits: (CMBitMap*) 0x000001f2fa05e420
 Bits: [0x000001f2fd980000, 0x000001f2fe180000)

Polling page: 0x000001f2f7e60000

Metaspace:

Usage:
  Non-class:     54.54 MB used.
      Class:      9.22 MB used.
       Both:     63.76 MB used.

Virtual space:
  Non-class space:       64.00 MB reserved,      55.62 MB ( 87%) committed,  1 nodes.
      Class space:      320.00 MB reserved,      10.25 MB (  3%) committed,  1 nodes.
             Both:      384.00 MB reserved,      65.88 MB ( 17%) committed. 

Chunk freelists:
   Non-Class:  7.94 MB
       Class:  5.79 MB
        Both:  13.73 MB

MaxMetaspaceSize: 384.00 MB
CompressedClassSpaceSize: 320.00 MB
Initial GC threshold: 21.00 MB
Current GC threshold: 100.00 MB
CDS: on
 - commit_granule_bytes: 65536.
 - commit_granule_words: 8192.
 - virtual_space_node_default_size: 8388608.
 - enlarge_chunks_in_place: 1.
 - use_allocation_guard: 0.


Internal statistics:

num_allocs_failed_limit: 15.
num_arena_births: 3952.
num_arena_deaths: 0.
num_vsnodes_births: 2.
num_vsnodes_deaths: 0.
num_space_committed: 1054.
num_space_uncommitted: 0.
num_chunks_returned_to_freelist: 15.
num_chunks_taken_from_freelist: 7229.
num_chunk_merges: 15.
num_chunk_splits: 4661.
num_chunks_enlarged: 2761.
num_inconsistent_stats: 0.

CodeHeap 'non-profiled nmethods': size=120000Kb used=5383Kb max_used=5383Kb free=114616Kb
 bounds [0x000001f287ad0000, 0x000001f288020000, 0x000001f28f000000]
CodeHeap 'profiled nmethods': size=120000Kb used=16912Kb max_used=17076Kb free=103087Kb
 bounds [0x000001f280000000, 0x000001f2810b0000, 0x000001f287530000]
CodeHeap 'non-nmethods': size=5760Kb used=2665Kb max_used=2676Kb free=3094Kb
 bounds [0x000001f287530000, 0x000001f2877e0000, 0x000001f287ad0000]
CodeCache: size=245760Kb, used=24960Kb, max_used=25135Kb, free=220797Kb
 total_blobs=9728, nmethods=8799, adapters=832, full_count=0
Compilation: enabled, stopped_count=0, restarted_count=0

Compilation events (20 events):
Event: 138.762 Thread 0x000001f2fee4a290 nmethod 9430 0x000001f28035ce10 code [0x000001f28035cfa0, 0x000001f28035d0b8]
Event: 138.762 Thread 0x000001f2fee4a290 9432       3       kotlin.reflect.jvm.internal.impl.protobuf.WireFormat::makeTag (6 bytes)
Event: 138.763 Thread 0x000001f2fee4a290 nmethod 9432 0x000001f28018f390 code [0x000001f28018f520, 0x000001f28018f618]
Event: 139.580 Thread 0x000001f2fee4a290 9435       1       kotlin.reflect.jvm.internal.impl.descriptors.runtime.structure.ReflectJavaMethod::getMember (5 bytes)
Event: 139.581 Thread 0x000001f2fee4a290 nmethod 9435 0x000001f288011890 code [0x000001f288011a20, 0x000001f288011ae8]
Event: 139.673 Thread 0x000001f2fee455d0 9436   !   4       java.net.URL::<init> (543 bytes)
Event: 139.680 Thread 0x000001f2fee4a290 9437       3       java.lang.Class::getSimpleName (36 bytes)
Event: 139.680 Thread 0x000001f2fee4a290 nmethod 9437 0x000001f280203790 code [0x000001f280203960, 0x000001f280203c18]
Event: 139.698 Thread 0x000001f2fee4a290 9438       3       kotlin.reflect.jvm.internal.impl.name.FqName$Companion::topLevel (21 bytes)
Event: 139.699 Thread 0x000001f2fee4a290 nmethod 9438 0x000001f2806a2890 code [0x000001f2806a2b40, 0x000001f2806a3728]
Event: 139.699 Thread 0x000001f2fee4a290 9439       3       kotlin.reflect.jvm.internal.impl.name.FqNameUnsafe$Companion::topLevel (32 bytes)
Event: 139.700 Thread 0x000001f2fee4a290 nmethod 9439 0x000001f280107f10 code [0x000001f280108180, 0x000001f280108b40]
Event: 140.737 Thread 0x000001f2fee4a290 9441       1       kotlin.reflect.jvm.internal.impl.load.java.lazy.JavaResolverComponents::getStorageManager (5 bytes)
Event: 140.738 Thread 0x000001f2fee4a290 nmethod 9441 0x000001f288011b90 code [0x000001f288011d20, 0x000001f288011de8]
Event: 142.732 Thread 0x000001f2fee4a290 9442   !   3       java.util.concurrent.LinkedBlockingDeque::offerLast (53 bytes)
Event: 142.764 Thread 0x000001f2fee4a290 nmethod 9442 0x000001f28044fd90 code [0x000001f280450000, 0x000001f280450bb0]
Event: 142.764 Thread 0x000001f2fee4a290 9443       3       java.util.concurrent.LinkedBlockingDeque$Node::<init> (10 bytes)
Event: 142.764 Thread 0x000001f2fee4a290 nmethod 9443 0x000001f280203390 code [0x000001f280203540, 0x000001f2802036f8]
Event: 142.764 Thread 0x000001f2fee4a290 9444       3       java.util.concurrent.LinkedBlockingDeque::linkLast (69 bytes)
Event: 142.764 Thread 0x000001f2fee4a290 nmethod 9444 0x000001f280186490 code [0x000001f2801866a0, 0x000001f280186ce0]

GC Heap History (20 events):
Event: 1.765 GC heap before
{Heap before GC invocations=0 (full 0):
 garbage-first heap   total 262144K, used 26624K [0x00000000e0000000, 0x0000000100000000)
  region size 1024K, 23 young (23552K), 0 survivors (0K)
 Metaspace       used 2875K, committed 3008K, reserved 393216K
  class space    used 338K, committed 384K, reserved 327680K
}
Event: 1.777 GC heap after
{Heap after GC invocations=1 (full 0):
 garbage-first heap   total 262144K, used 10853K [0x00000000e0000000, 0x0000000100000000)
  region size 1024K, 3 young (3072K), 3 survivors (3072K)
 Metaspace       used 2875K, committed 3008K, reserved 393216K
  class space    used 338K, committed 384K, reserved 327680K
}
Event: 2.913 GC heap before
{Heap before GC invocations=1 (full 0):
 garbage-first heap   total 262144K, used 38501K [0x00000000e0000000, 0x0000000100000000)
  region size 1024K, 30 young (30720K), 3 survivors (3072K)
 Metaspace       used 4629K, committed 4800K, reserved 393216K
  class space    used 595K, committed 704K, reserved 327680K
}
Event: 2.917 GC heap after
{Heap after GC invocations=2 (full 0):
 garbage-first heap   total 262144K, used 14310K [0x00000000e0000000, 0x0000000100000000)
  region size 1024K, 3 young (3072K), 3 survivors (3072K)
 Metaspace       used 4629K, committed 4800K, reserved 393216K
  class space    used 595K, committed 704K, reserved 327680K
}
Event: 8.259 GC heap before
{Heap before GC invocations=2 (full 0):
 garbage-first heap   total 262144K, used 92134K [0x00000000e0000000, 0x0000000100000000)
  region size 1024K, 78 young (79872K), 3 survivors (3072K)
 Metaspace       used 15773K, committed 16192K, reserved 393216K
  class space    used 2159K, committed 2368K, reserved 327680K
}
Event: 8.273 GC heap after
{Heap after GC invocations=3 (full 0):
 garbage-first heap   total 262144K, used 22074K [0x00000000e0000000, 0x0000000100000000)
  region size 1024K, 10 young (10240K), 10 survivors (10240K)
 Metaspace       used 15773K, committed 16192K, reserved 393216K
  class space    used 2159K, committed 2368K, reserved 327680K
}
Event: 13.582 GC heap before
{Heap before GC invocations=3 (full 0):
 garbage-first heap   total 262144K, used 56890K [0x00000000e0000000, 0x0000000100000000)
  region size 1024K, 45 young (46080K), 10 survivors (10240K)
 Metaspace       used 20834K, committed 21504K, reserved 393216K
  class space    used 2970K, committed 3328K, reserved 327680K
}
Event: 13.589 GC heap after
{Heap after GC invocations=4 (full 0):
 garbage-first heap   total 262144K, used 24384K [0x00000000e0000000, 0x0000000100000000)
  region size 1024K, 11 young (11264K), 11 survivors (11264K)
 Metaspace       used 20834K, committed 21504K, reserved 393216K
  class space    used 2970K, committed 3328K, reserved 327680K
}
Event: 29.835 GC heap before
{Heap before GC invocations=5 (full 0):
 garbage-first heap   total 262144K, used 127808K [0x00000000e0000000, 0x0000000100000000)
  region size 1024K, 112 young (114688K), 11 survivors (11264K)
 Metaspace       used 34774K, committed 36096K, reserved 393216K
  class space    used 4998K, committed 5632K, reserved 327680K
}
Event: 29.850 GC heap after
{Heap after GC invocations=6 (full 0):
 garbage-first heap   total 262144K, used 29738K [0x00000000e0000000, 0x0000000100000000)
  region size 1024K, 16 young (16384K), 16 survivors (16384K)
 Metaspace       used 34774K, committed 36096K, reserved 393216K
  class space    used 4998K, committed 5632K, reserved 327680K
}
Event: 29.957 GC heap before
{Heap before GC invocations=6 (full 0):
 garbage-first heap   total 262144K, used 30762K [0x00000000e0000000, 0x0000000100000000)
  region size 1024K, 18 young (18432K), 16 survivors (16384K)
 Metaspace       used 34974K, committed 36416K, reserved 393216K
  class space    used 5019K, committed 5760K, reserved 327680K
}
Event: 29.974 GC heap after
{Heap after GC invocations=7 (full 0):
 garbage-first heap   total 262144K, used 30660K [0x00000000e0000000, 0x0000000100000000)
  region size 1024K, 9 young (9216K), 9 survivors (9216K)
 Metaspace       used 34974K, committed 36416K, reserved 393216K
  class space    used 5019K, committed 5760K, reserved 327680K
}
Event: 30.061 GC heap before
{Heap before GC invocations=7 (full 0):
 garbage-first heap   total 262144K, used 32708K [0x00000000e0000000, 0x0000000100000000)
  region size 1024K, 12 young (12288K), 9 survivors (9216K)
 Metaspace       used 35364K, committed 36736K, reserved 393216K
  class space    used 5045K, committed 5760K, reserved 327680K
}
Event: 30.069 GC heap after
{Heap after GC invocations=8 (full 0):
 garbage-first heap   total 262144K, used 30798K [0x00000000e0000000, 0x0000000100000000)
  region size 1024K, 9 young (9216K), 9 survivors (9216K)
 Metaspace       used 35364K, committed 36736K, reserved 393216K
  class space    used 5045K, committed 5760K, reserved 327680K
}
Event: 68.797 GC heap before
{Heap before GC invocations=9 (full 0):
 garbage-first heap   total 262144K, used 178254K [0x00000000e0000000, 0x0000000100000000)
  region size 1024K, 153 young (156672K), 9 survivors (9216K)
 Metaspace       used 49131K, committed 51072K, reserved 393216K
  class space    used 7218K, committed 8128K, reserved 327680K
}
Event: 68.823 GC heap after
{Heap after GC invocations=10 (full 0):
 garbage-first heap   total 262144K, used 42275K [0x00000000e0000000, 0x0000000100000000)
  region size 1024K, 20 young (20480K), 20 survivors (20480K)
 Metaspace       used 49131K, committed 51072K, reserved 393216K
  class space    used 7218K, committed 8128K, reserved 327680K
}
Event: 77.388 GC heap before
{Heap before GC invocations=10 (full 0):
 garbage-first heap   total 262144K, used 178467K [0x00000000e0000000, 0x0000000100000000)
  region size 1024K, 153 young (156672K), 20 survivors (20480K)
 Metaspace       used 55254K, committed 57344K, reserved 393216K
  class space    used 8130K, committed 9152K, reserved 327680K
}
Event: 77.407 GC heap after
{Heap after GC invocations=11 (full 0):
 garbage-first heap   total 262144K, used 55750K [0x00000000e0000000, 0x0000000100000000)
  region size 1024K, 15 young (15360K), 15 survivors (15360K)
 Metaspace       used 55254K, committed 57344K, reserved 393216K
  class space    used 8130K, committed 9152K, reserved 327680K
}
Event: 131.321 GC heap before
{Heap before GC invocations=11 (full 0):
 garbage-first heap   total 262144K, used 129478K [0x00000000e0000000, 0x0000000100000000)
  region size 1024K, 88 young (90112K), 15 survivors (15360K)
 Metaspace       used 59244K, committed 61376K, reserved 393216K
  class space    used 8694K, committed 9728K, reserved 327680K
}
Event: 131.388 GC heap after
{Heap after GC invocations=12 (full 0):
 garbage-first heap   total 262144K, used 63210K [0x00000000e0000000, 0x0000000100000000)
  region size 1024K, 10 young (10240K), 10 survivors (10240K)
 Metaspace       used 59244K, committed 61376K, reserved 393216K
  class space    used 8694K, committed 9728K, reserved 327680K
}

Dll operation events (20 events):
Event: 0.203 Attempting to load shared library C:\Users\leyot\.vscode\extensions\redhat.java-1.56.0-win32-x64\jre\21.0.12.1-win32-x86_64\bin\nio.dll
Event: 0.203 Loaded shared library C:\Users\leyot\.vscode\extensions\redhat.java-1.56.0-win32-x64\jre\21.0.12.1-win32-x86_64\bin\nio.dll
Event: 0.210 Attempting to load shared library C:\Users\leyot\.vscode\extensions\redhat.java-1.56.0-win32-x64\jre\21.0.12.1-win32-x86_64\bin\zip.dll
Event: 0.210 Loaded shared library C:\Users\leyot\.vscode\extensions\redhat.java-1.56.0-win32-x64\jre\21.0.12.1-win32-x86_64\bin\zip.dll
Event: 0.834 Attempting to load shared library C:\Users\leyot\.vscode\extensions\redhat.java-1.56.0-win32-x64\jre\21.0.12.1-win32-x86_64\bin\jimage.dll
Event: 0.834 Loaded shared library C:\Users\leyot\.vscode\extensions\redhat.java-1.56.0-win32-x64\jre\21.0.12.1-win32-x86_64\bin\jimage.dll
Event: 1.515 Attempting to load shared library C:\Users\leyot\.vscode\extensions\redhat.java-1.56.0-win32-x64\jre\21.0.12.1-win32-x86_64\bin\verify.dll
Event: 1.517 Loaded shared library C:\Users\leyot\.vscode\extensions\redhat.java-1.56.0-win32-x64\jre\21.0.12.1-win32-x86_64\bin\verify.dll
Event: 1.604 Attempting to load shared library C:\Users\leyot\.gradle\native\660c5614fbf4a5f2a75b1949f50a0caf5cd603558e7d8a26e50b933a0cfb79d1\windows-amd64\native-platform.dll
Event: 1.606 Loaded shared library C:\Users\leyot\.gradle\native\660c5614fbf4a5f2a75b1949f50a0caf5cd603558e7d8a26e50b933a0cfb79d1\windows-amd64\native-platform.dll
Event: 1.629 Attempting to load shared library C:\Users\leyot\.gradle\native\0.2.8\x86_64-windows-gnu\gradle-fileevents.dll
Event: 1.630 Loaded shared library C:\Users\leyot\.gradle\native\0.2.8\x86_64-windows-gnu\gradle-fileevents.dll
Event: 4.621 Attempting to load shared library C:\Users\leyot\.vscode\extensions\redhat.java-1.56.0-win32-x64\jre\21.0.12.1-win32-x86_64\bin\management.dll
Event: 4.624 Loaded shared library C:\Users\leyot\.vscode\extensions\redhat.java-1.56.0-win32-x64\jre\21.0.12.1-win32-x86_64\bin\management.dll
Event: 4.631 Attempting to load shared library C:\Users\leyot\.vscode\extensions\redhat.java-1.56.0-win32-x64\jre\21.0.12.1-win32-x86_64\bin\management_ext.dll
Event: 4.633 Loaded shared library C:\Users\leyot\.vscode\extensions\redhat.java-1.56.0-win32-x64\jre\21.0.12.1-win32-x86_64\bin\management_ext.dll
Event: 5.150 Attempting to load shared library C:\Users\leyot\.vscode\extensions\redhat.java-1.56.0-win32-x64\jre\21.0.12.1-win32-x86_64\bin\extnet.dll
Event: 5.151 Loaded shared library C:\Users\leyot\.vscode\extensions\redhat.java-1.56.0-win32-x64\jre\21.0.12.1-win32-x86_64\bin\extnet.dll
Event: 5.743 Attempting to load shared library C:\Users\leyot\.vscode\extensions\redhat.java-1.56.0-win32-x64\jre\21.0.12.1-win32-x86_64\bin\sunmscapi.dll
Event: 5.747 Loaded shared library C:\Users\leyot\.vscode\extensions\redhat.java-1.56.0-win32-x64\jre\21.0.12.1-win32-x86_64\bin\sunmscapi.dll

Deoptimization events (20 events):
Event: 133.968 Thread 0x000001f2aba32db0 Uncommon trap: trap_request=0xffffffc6 fr.pc=0x000001f287ff89a8 relative=0x0000000000000248
Event: 133.968 Thread 0x000001f2aba32db0 Uncommon trap: reason=bimorphic_or_optimized_type_check action=maybe_recompile pc=0x000001f287ff89a8 method=org.codehaus.groovy.vmplugin.v9.Java9.checkCanSetAccessible(Ljava/lang/reflect/AccessibleObject;Ljava/lang/Class;)Z @ 123 c2
Event: 133.968 Thread 0x000001f2aba32db0 DEOPT PACKING pc=0x000001f287ff89a8 sp=0x000000992ecf8c10
Event: 133.968 Thread 0x000001f2aba32db0 DEOPT UNPACKING pc=0x000001f287584422 sp=0x000000992ecf8b70 mode 2
Event: 133.968 Thread 0x000001f2aba32db0 Uncommon trap: trap_request=0xffffffc6 fr.pc=0x000001f287ff89a8 relative=0x0000000000000248
Event: 133.968 Thread 0x000001f2aba32db0 Uncommon trap: reason=bimorphic_or_optimized_type_check action=maybe_recompile pc=0x000001f287ff89a8 method=org.codehaus.groovy.vmplugin.v9.Java9.checkCanSetAccessible(Ljava/lang/reflect/AccessibleObject;Ljava/lang/Class;)Z @ 123 c2
Event: 133.968 Thread 0x000001f2aba32db0 DEOPT PACKING pc=0x000001f287ff89a8 sp=0x000000992ecf8c10
Event: 133.968 Thread 0x000001f2aba32db0 DEOPT UNPACKING pc=0x000001f287584422 sp=0x000000992ecf8b70 mode 2
Event: 135.645 Thread 0x000001f2aba32db0 Uncommon trap: trap_request=0xffffff54 fr.pc=0x000001f287b88f5c relative=0x00000000000012fc
Event: 135.645 Thread 0x000001f2aba32db0 Uncommon trap: reason=speculate_null_assert action=make_not_entrant pc=0x000001f287b88f5c method=java.util.jar.JarFile.getVersionedEntry(Ljava/lang/String;Ljava/util/jar/JarEntry;)Ljava/util/jar/JarEntry; @ 115 c2
Event: 135.648 Thread 0x000001f2aba32db0 DEOPT PACKING pc=0x000001f287b88f5c sp=0x000000992ecf7e60
Event: 135.648 Thread 0x000001f2aba32db0 DEOPT UNPACKING pc=0x000001f287584422 sp=0x000000992ecf7e58 mode 2
Event: 135.648 Thread 0x000001f2aba32db0 Uncommon trap: trap_request=0xffffff45 fr.pc=0x000001f287b35570 relative=0x0000000000000f30
Event: 135.648 Thread 0x000001f2aba32db0 Uncommon trap: reason=unstable_if action=reinterpret pc=0x000001f287b35570 method=java.util.jar.JarFile.getEntry(Ljava/lang/String;)Ljava/util/zip/ZipEntry; @ 15 c2
Event: 135.648 Thread 0x000001f2aba32db0 DEOPT PACKING pc=0x000001f287b35570 sp=0x000000992ecf7f20
Event: 135.648 Thread 0x000001f2aba32db0 DEOPT UNPACKING pc=0x000001f287584422 sp=0x000000992ecf7f18 mode 2
Event: 139.603 Thread 0x000001f2aba32db0 Uncommon trap: trap_request=0xffffff45 fr.pc=0x000001f287e7e91c relative=0x000000000000007c
Event: 139.603 Thread 0x000001f2aba32db0 Uncommon trap: reason=unstable_if action=reinterpret pc=0x000001f287e7e91c method=java.lang.invoke.MemberName.isResolved()Z @ 4 c2
Event: 139.603 Thread 0x000001f2aba32db0 DEOPT PACKING pc=0x000001f287e7e91c sp=0x000000992ecf7a20
Event: 139.604 Thread 0x000001f2aba32db0 DEOPT UNPACKING pc=0x000001f287584422 sp=0x000000992ecf7920 mode 2

Classes loaded (20 events):
Event: 133.952 Loading class java/util/AbstractListBeanInfo
Event: 133.952 Loading class java/util/AbstractListBeanInfo done
Event: 133.952 Loading class java/util/AbstractListCustomizer
Event: 133.952 Loading class java/util/AbstractListCustomizer done
Event: 133.954 Loading class java/util/AbstractListCustomizer
Event: 133.954 Loading class java/util/AbstractListCustomizer done
Event: 133.958 Loading class java/util/Collections$SingletonListCustomizer
Event: 133.958 Loading class java/util/Collections$SingletonListCustomizer done
Event: 133.959 Loading class java/util/Collections$SingletonListCustomizer
Event: 133.959 Loading class java/util/Collections$SingletonListCustomizer done
Event: 134.742 Loading class java/util/concurrent/atomic/AtomicReferenceFieldUpdater
Event: 134.749 Loading class java/util/concurrent/atomic/AtomicReferenceFieldUpdater done
Event: 134.750 Loading class java/util/concurrent/atomic/AtomicReferenceFieldUpdater$AtomicReferenceFieldUpdaterImpl
Event: 134.750 Loading class java/util/concurrent/atomic/AtomicReferenceFieldUpdater$AtomicReferenceFieldUpdaterImpl done
Event: 134.750 Loading class java/util/concurrent/atomic/AtomicReferenceFieldUpdater$AtomicReferenceFieldUpdaterImpl$1
Event: 134.750 Loading class java/util/concurrent/atomic/AtomicReferenceFieldUpdater$AtomicReferenceFieldUpdaterImpl$1 done
Event: 135.469 Loading class java/util/concurrent/atomic/AtomicIntegerArray
Event: 135.493 Loading class java/util/concurrent/atomic/AtomicIntegerArray done
Event: 135.493 Loading class java/util/concurrent/atomic/AtomicLongArray
Event: 135.494 Loading class java/util/concurrent/atomic/AtomicLongArray done

Classes unloaded (0 events):
No events

Classes redefined (0 events):
No events

Internal exceptions (20 events):
Event: 133.895 Thread 0x000001f2aba32db0 Exception <a 'java/lang/ClassNotFoundException'{0x00000000ef150670}: org/owasp/dependencycheck/gradle/tasks/Aggregate_DecoratedCustomizer> (0x00000000ef150670) 
thrown [s\src\hotspot\share\classfile\systemDictionary.cpp, line 313]
Event: 133.928 Thread 0x000001f2aba32db0 Exception <a 'java/lang/ClassNotFoundException'{0x00000000ef1cc3a0}: org/gradle/api/attributes/AttributeBeanInfo> (0x00000000ef1cc3a0) 
thrown [s\src\hotspot\share\classfile\systemDictionary.cpp, line 313]
Event: 133.931 Thread 0x000001f2aba32db0 Exception <a 'java/lang/ClassNotFoundException'{0x00000000ef1d6618}: org/gradle/api/attributes/AttributeCustomizer> (0x00000000ef1d6618) 
thrown [s\src\hotspot\share\classfile\systemDictionary.cpp, line 313]
Event: 133.950 Thread 0x000001f2aba32db0 Exception <a 'java/lang/ClassNotFoundException'{0x00000000ef0170e0}: java/util/Collections$SingletonListBeanInfo> (0x00000000ef0170e0) 
thrown [s\src\hotspot\share\classfile\systemDictionary.cpp, line 313]
Event: 133.952 Thread 0x000001f2aba32db0 Exception <a 'java/lang/ClassNotFoundException'{0x00000000ef01ca88}: java/util/AbstractListBeanInfo> (0x00000000ef01ca88) 
thrown [s\src\hotspot\share\classfile\systemDictionary.cpp, line 313]
Event: 133.954 Thread 0x000001f2aba32db0 Exception <a 'java/lang/ClassNotFoundException'{0x00000000ef0224b0}: java/util/AbstractListCustomizer> (0x00000000ef0224b0) 
thrown [s\src\hotspot\share\classfile\systemDictionary.cpp, line 313]
Event: 133.959 Thread 0x000001f2aba32db0 Exception <a 'java/lang/ClassNotFoundException'{0x00000000ef0658e0}: java/util/Collections$SingletonListCustomizer> (0x00000000ef0658e0) 
thrown [s\src\hotspot\share\classfile\systemDictionary.cpp, line 313]
Event: 134.006 Thread 0x000001f2aba32db0 Exception <a 'java/lang/ClassNotFoundException'{0x00000000eee0e4d0}: org/owasp/dependencycheck/gradle/tasks/Analyze_DecoratedBeanInfo> (0x00000000eee0e4d0) 
thrown [s\src\hotspot\share\classfile\systemDictionary.cpp, line 313]
Event: 134.007 Thread 0x000001f2aba32db0 Exception <a 'java/lang/ClassNotFoundException'{0x00000000eee18980}: org/owasp/dependencycheck/gradle/tasks/AnalyzeBeanInfo> (0x00000000eee18980) 
thrown [s\src\hotspot\share\classfile\systemDictionary.cpp, line 313]
Event: 134.009 Thread 0x000001f2aba32db0 Exception <a 'java/lang/ClassNotFoundException'{0x00000000eee22f50}: org/owasp/dependencycheck/gradle/tasks/AnalyzeCustomizer> (0x00000000eee22f50) 
thrown [s\src\hotspot\share\classfile\systemDictionary.cpp, line 313]
Event: 134.011 Thread 0x000001f2aba32db0 Exception <a 'java/lang/ClassNotFoundException'{0x00000000eee3d178}: org/owasp/dependencycheck/gradle/tasks/Analyze_DecoratedCustomizer> (0x00000000eee3d178) 
thrown [s\src\hotspot\share\classfile\systemDictionary.cpp, line 313]
Event: 134.038 Thread 0x000001f2aba32db0 Exception <a 'java/lang/ClassNotFoundException'{0x00000000eed29bc8}: org/owasp/dependencycheck/gradle/tasks/Purge_DecoratedBeanInfo> (0x00000000eed29bc8) 
thrown [s\src\hotspot\share\classfile\systemDictionary.cpp, line 313]
Event: 134.039 Thread 0x000001f2aba32db0 Exception <a 'java/lang/ClassNotFoundException'{0x00000000eed34038}: org/owasp/dependencycheck/gradle/tasks/PurgeBeanInfo> (0x00000000eed34038) 
thrown [s\src\hotspot\share\classfile\systemDictionary.cpp, line 313]
Event: 134.040 Thread 0x000001f2aba32db0 Exception <a 'java/lang/ClassNotFoundException'{0x00000000eed3e4a8}: org/owasp/dependencycheck/gradle/tasks/PurgeCustomizer> (0x00000000eed3e4a8) 
thrown [s\src\hotspot\share\classfile\systemDictionary.cpp, line 313]
Event: 134.043 Thread 0x000001f2aba32db0 Exception <a 'java/lang/ClassNotFoundException'{0x00000000eed573e8}: org/owasp/dependencycheck/gradle/tasks/Purge_DecoratedCustomizer> (0x00000000eed573e8) 
thrown [s\src\hotspot\share\classfile\systemDictionary.cpp, line 313]
Event: 134.093 Thread 0x000001f2aba32db0 Exception <a 'java/lang/ClassNotFoundException'{0x00000000eec3b3f8}: org/owasp/dependencycheck/gradle/tasks/Update_DecoratedBeanInfo> (0x00000000eec3b3f8) 
thrown [s\src\hotspot\share\classfile\systemDictionary.cpp, line 313]
Event: 134.096 Thread 0x000001f2aba32db0 Exception <a 'java/lang/ClassNotFoundException'{0x00000000eec45868}: org/owasp/dependencycheck/gradle/tasks/UpdateBeanInfo> (0x00000000eec45868) 
thrown [s\src\hotspot\share\classfile\systemDictionary.cpp, line 313]
Event: 134.098 Thread 0x000001f2aba32db0 Exception <a 'java/lang/ClassNotFoundException'{0x00000000eec4fe30}: org/owasp/dependencycheck/gradle/tasks/UpdateCustomizer> (0x00000000eec4fe30) 
thrown [s\src\hotspot\share\classfile\systemDictionary.cpp, line 313]
Event: 134.099 Thread 0x000001f2aba32db0 Exception <a 'java/lang/ClassNotFoundException'{0x00000000eec68ea0}: org/owasp/dependencycheck/gradle/tasks/Update_DecoratedCustomizer> (0x00000000eec68ea0) 
thrown [s\src\hotspot\share\classfile\systemDictionary.cpp, line 313]
Event: 139.603 Thread 0x000001f2aba32db0 Exception <a 'java/lang/NoSuchMethodError'{0x00000000ecc8f640}: method resolution failed> (0x00000000ecc8f640) 
thrown [s\src\hotspot\share\prims\methodHandles.cpp, line 1136]

ZGC Phase Switch (0 events):
No events

VM Operations (20 events):
Event: 131.321 Executing safepoint VM operation: CollectForMetadataAllocation (Metadata GC Threshold)
Event: 131.389 Executing safepoint VM operation: CollectForMetadataAllocation (Metadata GC Threshold) done
Event: 131.470 Executing safepoint VM operation: G1PauseRemark
Event: 131.538 Executing safepoint VM operation: G1PauseRemark done
Event: 131.554 Executing safepoint VM operation: G1PauseCleanup
Event: 131.556 Executing safepoint VM operation: G1PauseCleanup done
Event: 132.564 Executing safepoint VM operation: Cleanup
Event: 132.585 Executing safepoint VM operation: Cleanup done
Event: 133.589 Executing safepoint VM operation: Cleanup
Event: 133.606 Executing safepoint VM operation: Cleanup done
Event: 134.618 Executing safepoint VM operation: Cleanup
Event: 134.618 Executing safepoint VM operation: Cleanup done
Event: 135.630 Executing safepoint VM operation: Cleanup
Event: 135.630 Executing safepoint VM operation: Cleanup done
Event: 136.641 Executing safepoint VM operation: Cleanup
Event: 136.657 Executing safepoint VM operation: Cleanup done
Event: 138.678 Executing safepoint VM operation: Cleanup
Event: 138.678 Executing safepoint VM operation: Cleanup done
Event: 139.686 Executing safepoint VM operation: Cleanup
Event: 139.686 Executing safepoint VM operation: Cleanup done

Memory protections (0 events):
No events

Nmethod flushes (20 events):
Event: 131.520 Thread 0x000001f2fee14ec0 flushing  nmethod 0x000001f2801fc610
Event: 131.520 Thread 0x000001f2fee14ec0 flushing  nmethod 0x000001f2802aef90
Event: 131.520 Thread 0x000001f2fee14ec0 flushing  nmethod 0x000001f2802d5c90
Event: 131.520 Thread 0x000001f2fee14ec0 flushing  nmethod 0x000001f280312e10
Event: 131.520 Thread 0x000001f2fee14ec0 flushing  nmethod 0x000001f280313810
Event: 131.520 Thread 0x000001f2fee14ec0 flushing  nmethod 0x000001f280314410
Event: 131.520 Thread 0x000001f2fee14ec0 flushing  nmethod 0x000001f280315090
Event: 131.520 Thread 0x000001f2fee14ec0 flushing  nmethod 0x000001f2803ca210
Event: 131.520 Thread 0x000001f2fee14ec0 flushing  nmethod 0x000001f280532490
Event: 131.520 Thread 0x000001f2fee14ec0 flushing  nmethod 0x000001f280532d90
Event: 131.521 Thread 0x000001f2fee14ec0 flushing  nmethod 0x000001f280575910
Event: 131.521 Thread 0x000001f2fee14ec0 flushing  nmethod 0x000001f2805af010
Event: 131.521 Thread 0x000001f2fee14ec0 flushing  nmethod 0x000001f2805d6590
Event: 131.521 Thread 0x000001f2fee14ec0 flushing  nmethod 0x000001f2805f7890
Event: 131.521 Thread 0x000001f2fee14ec0 flushing  nmethod 0x000001f280719490
Event: 131.521 Thread 0x000001f2fee14ec0 flushing  nmethod 0x000001f287b5d510
Event: 131.521 Thread 0x000001f2fee14ec0 flushing  nmethod 0x000001f280280690
Event: 131.521 Thread 0x000001f2fee14ec0 flushing  nmethod 0x000001f2802e6790
Event: 131.521 Thread 0x000001f2fee14ec0 flushing  nmethod 0x000001f2802f8e10
Event: 131.521 Thread 0x000001f2fee14ec0 flushing  nmethod 0x000001f2802fed90

Events (20 events):
Event: 56.533 Thread 0x000001f2aba32db0 Thread added: 0x000001f2ff2376f0
Event: 57.291 Thread 0x000001f2fee4a290 Thread added: 0x000001f2ae1ca010
Event: 57.445 Thread 0x000001f2ae1ca010 Thread exited: 0x000001f2ae1ca010
Event: 60.634 Thread 0x000001f2fee4a290 Thread added: 0x000001f2add7b410
Event: 64.732 Thread 0x000001f2add7b410 Thread exited: 0x000001f2add7b410
Event: 65.808 Thread 0x000001f2aba32db0 Thread added: 0x000001f2ae242470
Event: 65.809 Thread 0x000001f2aba32db0 Thread added: 0x000001f2ae243820
Event: 65.809 Thread 0x000001f2aba32db0 Thread added: 0x000001f2ae243190
Event: 65.812 Thread 0x000001f2aba32db0 Thread added: 0x000001f2ae241750
Event: 65.813 Thread 0x000001f2aba32db0 Thread added: 0x000001f2ae245f80
Event: 65.814 Thread 0x000001f2aba32db0 Thread added: 0x000001f2ae243eb0
Event: 65.814 Thread 0x000001f2aba32db0 Thread added: 0x000001f2ae245260
Event: 65.823 Thread 0x000001f2aba32db0 Thread added: 0x000001f2ae244540
Event: 65.824 Thread 0x000001f2aba32db0 Thread added: 0x000001f2ae2458f0
Event: 65.825 Thread 0x000001f2aba32db0 Thread added: 0x000001f2ae244bd0
Event: 65.825 Thread 0x000001f2aba32db0 Thread added: 0x000001f2ae242b00
Event: 67.236 Thread 0x000001f2aba32db0 Thread added: 0x000001f2ae246610
Event: 76.404 Thread 0x000001f2aba32db0 Thread added: 0x000001f2ae246ca0
Event: 113.575 Thread 0x000001f2aba32db0 Thread added: 0x000001f2ae248050
Event: 119.837 Thread 0x000001f2aba32db0 Thread added: 0x000001f2ae2486e0


Dynamic libraries:
0x00007ff7deda0000 - 0x00007ff7dedae000 	C:\Users\leyot\.vscode\extensions\redhat.java-1.56.0-win32-x64\jre\21.0.12.1-win32-x86_64\bin\java.exe
0x00007ffcd9920000 - 0x00007ffcd9b87000 	C:\WINDOWS\SYSTEM32\ntdll.dll
0x00007ffcd8b00000 - 0x00007ffcd8bcb000 	C:\WINDOWS\System32\KERNEL32.DLL
0x00007ffcd6e30000 - 0x00007ffcd7232000 	C:\WINDOWS\System32\KERNELBASE.dll
0x00007ffcd74e0000 - 0x00007ffcd762c000 	C:\WINDOWS\System32\ucrtbase.dll
0x00007ffc98c60000 - 0x00007ffc98c78000 	C:\Users\leyot\.vscode\extensions\redhat.java-1.56.0-win32-x64\jre\21.0.12.1-win32-x86_64\bin\jli.dll
0x00007ffcd8bd0000 - 0x00007ffcd8d9f000 	C:\WINDOWS\System32\USER32.dll
0x00007ffcd6be0000 - 0x00007ffcd6c07000 	C:\WINDOWS\System32\win32u.dll
0x00007ffcd9780000 - 0x00007ffcd97ab000 	C:\WINDOWS\System32\GDI32.dll
0x00007ffcd73b0000 - 0x00007ffcd74d9000 	C:\WINDOWS\System32\gdi32full.dll
0x00007ffcd7300000 - 0x00007ffcd73a3000 	C:\WINDOWS\System32\msvcp_win.dll
0x00007ffc9b3b0000 - 0x00007ffc9b3ce000 	C:\Users\leyot\.vscode\extensions\redhat.java-1.56.0-win32-x64\jre\21.0.12.1-win32-x86_64\bin\VCRUNTIME140.dll
0x00007ffcc5900000 - 0x00007ffcc5b90000 	C:\WINDOWS\WinSxS\amd64_microsoft.windows.common-controls_6595b64144ccf1df_6.0.26100.9278_none_3e0d1ba8e3303201\COMCTL32.dll
0x00007ffcd97b0000 - 0x00007ffcd9859000 	C:\WINDOWS\System32\msvcrt.dll
0x00007ffcd8680000 - 0x00007ffcd86b1000 	C:\WINDOWS\System32\IMM32.DLL
0x00007ffcb3340000 - 0x00007ffcb334c000 	C:\Users\leyot\.vscode\extensions\redhat.java-1.56.0-win32-x64\jre\21.0.12.1-win32-x86_64\bin\vcruntime140_1.dll
0x00007ffbe1ae0000 - 0x00007ffbe1b6d000 	C:\Users\leyot\.vscode\extensions\redhat.java-1.56.0-win32-x64\jre\21.0.12.1-win32-x86_64\bin\msvcp140.dll
0x00007ffbc1860000 - 0x00007ffbc2602000 	C:\Users\leyot\.vscode\extensions\redhat.java-1.56.0-win32-x64\jre\21.0.12.1-win32-x86_64\bin\server\jvm.dll
0x00007ffcd83c0000 - 0x00007ffcd847c000 	C:\WINDOWS\System32\ADVAPI32.dll
0x00007ffcd7640000 - 0x00007ffcd76e9000 	C:\WINDOWS\System32\sechost.dll
0x00007ffcd8700000 - 0x00007ffcd8818000 	C:\WINDOWS\System32\RPCRT4.dll
0x00007ffcd96f0000 - 0x00007ffcd9770000 	C:\WINDOWS\System32\WS2_32.dll
0x00007ffcd6980000 - 0x00007ffcd69de000 	C:\WINDOWS\SYSTEM32\POWRPROF.dll
0x00007ffccc1b0000 - 0x00007ffccc1e6000 	C:\WINDOWS\SYSTEM32\WINMM.dll
0x00007ffccea20000 - 0x00007ffccea2b000 	C:\WINDOWS\SYSTEM32\VERSION.dll
0x00007ffcd6950000 - 0x00007ffcd6965000 	C:\WINDOWS\SYSTEM32\UMPDC.dll
0x00007ffcd57f0000 - 0x00007ffcd580b000 	C:\WINDOWS\SYSTEM32\kernel.appcore.dll
0x00007ffca3d00000 - 0x00007ffca3d0a000 	C:\Users\leyot\.vscode\extensions\redhat.java-1.56.0-win32-x64\jre\21.0.12.1-win32-x86_64\bin\jimage.dll
0x00007ffccdce0000 - 0x00007ffccdf2c000 	C:\WINDOWS\SYSTEM32\DBGHELP.DLL
0x00007ffcd7890000 - 0x00007ffcd7c15000 	C:\WINDOWS\System32\combase.dll
0x00007ffcd85a0000 - 0x00007ffcd8679000 	C:\WINDOWS\System32\OLEAUT32.dll
0x00007ffcba3e0000 - 0x00007ffcba41b000 	C:\WINDOWS\SYSTEM32\dbgcore.DLL
0x00007ffcd6b20000 - 0x00007ffcd6bcc000 	C:\WINDOWS\System32\bcryptPrimitives.dll
0x00007ffc9eb60000 - 0x00007ffc9eb6f000 	C:\Users\leyot\.vscode\extensions\redhat.java-1.56.0-win32-x64\jre\21.0.12.1-win32-x86_64\bin\instrument.dll
0x00007ffc98870000 - 0x00007ffc98890000 	C:\Users\leyot\.vscode\extensions\redhat.java-1.56.0-win32-x64\jre\21.0.12.1-win32-x86_64\bin\java.dll
0x00007ffcd7c20000 - 0x00007ffcd83b8000 	C:\WINDOWS\System32\SHELL32.dll
0x00007ffcd4550000 - 0x00007ffcd4dfe000 	C:\WINDOWS\SYSTEM32\windows.storage.dll
0x00007ffcd84a0000 - 0x00007ffcd859b000 	C:\WINDOWS\System32\SHCORE.dll
0x00007ffcd8fd0000 - 0x00007ffcd9036000 	C:\WINDOWS\System32\shlwapi.dll
0x00007ffcd6a40000 - 0x00007ffcd6a69000 	C:\WINDOWS\SYSTEM32\profapi.dll
0x00007ffc98600000 - 0x00007ffc98618000 	C:\Users\leyot\.vscode\extensions\redhat.java-1.56.0-win32-x64\jre\21.0.12.1-win32-x86_64\bin\zip.dll
0x00007ffc9eb10000 - 0x00007ffc9eb20000 	C:\Users\leyot\.vscode\extensions\redhat.java-1.56.0-win32-x64\jre\21.0.12.1-win32-x86_64\bin\net.dll
0x00007ffcd0f80000 - 0x00007ffcd10aa000 	C:\WINDOWS\SYSTEM32\WINHTTP.dll
0x00007ffcd5db0000 - 0x00007ffcd5e1c000 	C:\WINDOWS\system32\mswsock.dll
0x00007ffc985e0000 - 0x00007ffc985f6000 	C:\Users\leyot\.vscode\extensions\redhat.java-1.56.0-win32-x64\jre\21.0.12.1-win32-x86_64\bin\nio.dll
0x00007ffcb8730000 - 0x00007ffcb8740000 	C:\Users\leyot\.vscode\extensions\redhat.java-1.56.0-win32-x64\jre\21.0.12.1-win32-x86_64\bin\verify.dll
0x00007ffc984f0000 - 0x00007ffc98517000 	C:\Users\leyot\.gradle\native\660c5614fbf4a5f2a75b1949f50a0caf5cd603558e7d8a26e50b933a0cfb79d1\windows-amd64\native-platform.dll
0x00007ffc7b590000 - 0x00007ffc7b607000 	C:\Users\leyot\.gradle\native\0.2.8\x86_64-windows-gnu\gradle-fileevents.dll
0x00007ffcb8720000 - 0x00007ffcb872a000 	C:\Users\leyot\.vscode\extensions\redhat.java-1.56.0-win32-x64\jre\21.0.12.1-win32-x86_64\bin\management.dll
0x00007ffc9eb70000 - 0x00007ffc9eb7c000 	C:\Users\leyot\.vscode\extensions\redhat.java-1.56.0-win32-x64\jre\21.0.12.1-win32-x86_64\bin\management_ext.dll
0x00007ffcd9660000 - 0x00007ffcd9668000 	C:\WINDOWS\System32\PSAPI.DLL
0x00007ffcd5180000 - 0x00007ffcd51b3000 	C:\WINDOWS\SYSTEM32\IPHLPAPI.DLL
0x00007ffcd8490000 - 0x00007ffcd849a000 	C:\WINDOWS\System32\NSI.dll
0x00007ffc9db40000 - 0x00007ffc9db49000 	C:\Users\leyot\.vscode\extensions\redhat.java-1.56.0-win32-x64\jre\21.0.12.1-win32-x86_64\bin\extnet.dll
0x00007ffcd60a0000 - 0x00007ffcd60bb000 	C:\WINDOWS\SYSTEM32\CRYPTSP.dll
0x00007ffcd5750000 - 0x00007ffcd5789000 	C:\WINDOWS\system32\rsaenh.dll
0x00007ffcd5e60000 - 0x00007ffcd5e94000 	C:\WINDOWS\SYSTEM32\USERENV.dll
0x00007ffcd6a10000 - 0x00007ffcd6a3a000 	C:\WINDOWS\SYSTEM32\bcrypt.dll
0x00007ffcd60c0000 - 0x00007ffcd60cc000 	C:\WINDOWS\SYSTEM32\CRYPTBASE.dll
0x00007ffc9c6c0000 - 0x00007ffc9c6ce000 	C:\Users\leyot\.vscode\extensions\redhat.java-1.56.0-win32-x64\jre\21.0.12.1-win32-x86_64\bin\sunmscapi.dll
0x00007ffcd6ca0000 - 0x00007ffcd6e1e000 	C:\WINDOWS\System32\CRYPT32.dll
0x00007ffcd62e0000 - 0x00007ffcd6310000 	C:\WINDOWS\SYSTEM32\ncrypt.dll
0x00007ffcd6290000 - 0x00007ffcd62cf000 	C:\WINDOWS\SYSTEM32\NTASN1.dll
0x00007ffca92c0000 - 0x00007ffca92c8000 	C:\WINDOWS\system32\wshunix.dll

JVMTI agents:
C:\Users\leyot\.gradle\wrapper\dists\gradle-9.6.0-bin\42k10rwplmzkhuboz9kdazi7s\gradle-9.6.0\lib\agents\gradle-instrumentation-agent-9.6.0.jar path:C:\Users\leyot\.vscode\extensions\redhat.java-1.56.0-win32-x64\jre\21.0.12.1-win32-x86_64\bin\instrument.dll, loaded, initialized, instrumentlib options:none

dbghelp: loaded successfully - version: 4.0.5 - missing functions: none
symbol engine: initialized successfully - sym options: 0x614 - pdb path: .;C:\Users\leyot\.vscode\extensions\redhat.java-1.56.0-win32-x64\jre\21.0.12.1-win32-x86_64\bin;C:\WINDOWS\SYSTEM32;C:\WINDOWS\WinSxS\amd64_microsoft.windows.common-controls_6595b64144ccf1df_6.0.26100.9278_none_3e0d1ba8e3303201;C:\Users\leyot\.vscode\extensions\redhat.java-1.56.0-win32-x64\jre\21.0.12.1-win32-x86_64\bin\server;C:\Users\leyot\.gradle\native\660c5614fbf4a5f2a75b1949f50a0caf5cd603558e7d8a26e50b933a0cfb79d1\windows-amd64;C:\Users\leyot\.gradle\native\0.2.8\x86_64-windows-gnu

VM Arguments:
jvm_args: --add-opens=java.base/java.lang=ALL-UNNAMED --add-opens=java.base/java.lang.invoke=ALL-UNNAMED --add-opens=java.base/java.util=ALL-UNNAMED --add-opens=java.prefs/java.util.prefs=ALL-UNNAMED --add-exports=jdk.compiler/com.sun.tools.javac.api=ALL-UNNAMED --add-exports=jdk.compiler/com.sun.tools.javac.util=ALL-UNNAMED --add-opens=java.base/java.nio.charset=ALL-UNNAMED --add-opens=java.base/java.net=ALL-UNNAMED --add-opens=java.base/java.util.concurrent=ALL-UNNAMED --add-opens=java.base/java.util.concurrent.atomic=ALL-UNNAMED --add-opens=java.xml/javax.xml.namespace=ALL-UNNAMED --add-opens=java.base/java.time=ALL-UNNAMED -XX:MaxMetaspaceSize=384m -XX:+HeapDumpOnOutOfMemoryError -Xms256m -Xmx512m -Dfile.encoding=UTF-8 -Duser.country=MX -Duser.language=es -Duser.variant -javaagent:C:\Users\leyot\.gradle\wrapper\dists\gradle-9.6.0-bin\42k10rwplmzkhuboz9kdazi7s\gradle-9.6.0\lib\agents\gradle-instrumentation-agent-9.6.0.jar 
java_command: org.gradle.launcher.daemon.bootstrap.GradleDaemon 9.6.0
java_class_path (initial): C:\Users\leyot\.gradle\wrapper\dists\gradle-9.6.0-bin\42k10rwplmzkhuboz9kdazi7s\gradle-9.6.0\lib\gradle-daemon-main-9.6.0.jar
Launcher Type: SUN_STANDARD

[Global flags]
     intx CICompilerCount                          = 4                                         {product} {ergonomic}
   size_t CompressedClassSpaceSize                 = 335544320                                 {product} {ergonomic}
     uint ConcGCThreads                            = 3                                         {product} {ergonomic}
     uint G1ConcRefinementThreads                  = 10                                        {product} {ergonomic}
   size_t G1HeapRegionSize                         = 1048576                                   {product} {ergonomic}
    uintx GCDrainStackTargetSize                   = 64                                        {product} {ergonomic}
     bool HeapDumpOnOutOfMemoryError               = true                                   {manageable} {command line}
   size_t InitialHeapSize                          = 268435456                                 {product} {command line}
   size_t MarkStackSize                            = 4194304                                   {product} {ergonomic}
   size_t MaxHeapSize                              = 536870912                                 {product} {command line}
   size_t MaxMetaspaceSize                         = 402653184                                 {product} {command line}
   size_t MaxNewSize                               = 321912832                                 {product} {ergonomic}
   size_t MinHeapDeltaBytes                        = 1048576                                   {product} {ergonomic}
   size_t MinHeapSize                              = 268435456                                 {product} {command line}
    uintx NonNMethodCodeHeapSize                   = 5839372                                {pd product} {ergonomic}
    uintx NonProfiledCodeHeapSize                  = 122909434                              {pd product} {ergonomic}
    uintx ProfiledCodeHeapSize                     = 122909434                              {pd product} {ergonomic}
    uintx ReservedCodeCacheSize                    = 251658240                              {pd product} {ergonomic}
     bool SegmentedCodeCache                       = true                                      {product} {ergonomic}
   size_t SoftMaxHeapSize                          = 536870912                              {manageable} {ergonomic}
     bool UseCompressedOops                        = true                           {product lp64_product} {ergonomic}
     bool UseG1GC                                  = true                                      {product} {ergonomic}
     bool UseLargePagesIndividualAllocation        = false                                  {pd product} {ergonomic}

Logging:
Log output configuration:
 #0: stdout all=warning uptime,level,tags foldmultilines=false
 #1: stderr all=off uptime,level,tags foldmultilines=false

Release file:
JAVA_VERSION="21.0.12.1" 
MODULES="java.base java.compiler java.datatransfer java.xml java.prefs java.desktop java.instrument java.logging java.management java.security.sasl java.naming java.rmi java.management.rmi java.net.http java.scripting java.security.jgss java.transaction.xa java.sql java.sql.rowset java.xml.crypto java.se java.smartcardio jdk.accessibility jdk.internal.jvmstat jdk.attach jdk.charsets jdk.internal.opt jdk.zipfs jdk.compiler jdk.crypto.ec jdk.crypto.cryptoki jdk.crypto.mscapi jdk.dynalink jdk.internal.ed jdk.editpad jdk.hotspot.agent jdk.httpserver jdk.internal.le jdk.internal.vm.ci jdk.internal.vm.compiler jdk.internal.vm.compiler.management jdk.jartool jdk.javadoc jdk.jcmd jdk.management jdk.management.agent jdk.jconsole jdk.jdeps jdk.jdwp.agent jdk.jdi jdk.jfr jdk.jshell jdk.jsobject jdk.jstatd jdk.localedata jdk.management.jfr jdk.naming.dns jdk.naming.rmi jdk.net jdk.nio.mapmode jdk.random jdk.sctp jdk.security.auth jdk.security.jgss jdk.unsupported jdk.unsupported.desktop jdk.xml.dom" 

Environment Variables:
JAVA_HOME=C:\Program Files\Java\jdk-22
PATH=C:\Program Files\Microsoft MPI\Bin\;C:\Program Files\Java\jdk-22\bin;C:\Program Files (x86)\Common Files\Oracle\Java\javapath;C:\Program Files\Common Files\Oracle\Java\javapath;C:\dev\flutter\bin;C:\WINDOWS\system32;C:\WINDOWS;C:\WINDOWS\System32\Wbem;C:\WINDOWS\System32\WindowsPowerShell\v1.0\;C:\WINDOWS\System32\OpenSSH\;C:\Program Files (x86)\NVIDIA Corporation\PhysX\Common;C:\Program Files\dotnet\;C:\flutter\bin;C:\Program Files (x86)\Windows Kits\10\Windows Performance Toolkit\;C:\WINDOWS\system32\config\systemprofile\dev\flutter\bin;C:\Program Files\Git\cmd;C:\Users\leyot\OneDrive\Documents\apache-maven\apache-maven-3.9.9-bin\apache-maven-3.9.9\bin;C:\Program Files\Java\jdk-22\bin;C:\Program Files (x86)\Microsoft SQL Server\170\Tools\Binn\;C:\Program Files\Microsoft SQL Server\170\Tools\Binn\;C:\Program Files\Microsoft SQL Server\Client SDK\ODBC\180\Tools\Binn\;C:\Program Files\Microsoft SQL Server\170\DTS\Binn\;C:\Program Files (x86)\Microsoft SQL Server\170\DTS\Binn\;C:\Program Files\nodejs\;C:\Program Files\NVIDIA Corporation\NVIDIA App\NvDLISR;C:\Program Files\Memurai\;C:\Program Files\Amazon\AWSCLIV2\;C:\Program Files (x86)\Firebird\Firebird_2_5\bin\;C:\Program Files\k6\;C:\Program Files\Docker\Docker\resources\bin;C:\Program Files\Java\jdk-22;C:\src\flutter\bin;C:\Users\leyot\AppData\Local\Microsoft\WindowsApps;C:\sqlite;C:\Users\leyot\AppData\Local\Programs\Microsoft VS Code\bin;C:\Program Files\MongoDB\Server\8.0\bin;C:\Program Files\MongoDB\mongosh-2.3.8-win32-x64\bin;C:\Program Files\mosquitto;C:\Program Files\mosquitto;C:\Users\leyot\OneDrive\Documents\apache-maven\apache-maven-3.9.9-bin\apache-maven-3.9.9\bin;C:\Program Files\PostgreSQL\15\bin;C:\Users\leyot\AppData\Roaming\npm;C:\Users\leyot\AppData\Local\Packages\PythonSoftwareFoundation.Python.3.13_qbz5n2kfra8p0\LocalCache\local-packages\Python313\Scripts;C:\Users\leyot\AppData\Local\Unity\bin;C:\Users\leyot\.dotnet\tools;
USERNAME=leyot
OS=Windows_NT
PROCESSOR_IDENTIFIER=AMD64 Family 25 Model 68 Stepping 1, AuthenticAMD
TMP=C:\Users\leyot\AppData\Local\Temp
TEMP=C:\Users\leyot\AppData\Local\Temp




Periodic native trim disabled

---------------  S Y S T E M  ---------------

OS:
 Windows 11 , 64 bit Build 26100 (10.0.26100.9444)
OS uptime: 0 days 3:29 hours
Hyper-V role detected

CPU: total 12 (initial active 12) (12 cores per cpu, 2 threads per core) family 25 model 68 stepping 1 microcode 0xa404107, cx8, cmov, fxsr, ht, mmx, 3dnowpref, sse, sse2, sse3, ssse3, sse4a, sse4.1, sse4.2, popcnt, lzcnt, tsc, tscinvbit, avx, avx2, aes, erms, clmul, bmi1, bmi2, adx, sha, fma, vzeroupper, clflush, clflushopt, hv, rdtscp, rdpid, fsrm, f16c, cet_ss
Processor Information for processor 0
  Max Mhz: 3301, Current Mhz: 2496, Mhz Limit: 3301
Processor Information for processor 1
  Max Mhz: 3301, Current Mhz: 2496, Mhz Limit: 3301
Processor Information for processor 2
  Max Mhz: 3301, Current Mhz: 2496, Mhz Limit: 3301
Processor Information for processor 3
  Max Mhz: 3301, Current Mhz: 2496, Mhz Limit: 3301
Processor Information for processor 4
  Max Mhz: 3301, Current Mhz: 2496, Mhz Limit: 3301
Processor Information for processor 5
  Max Mhz: 3301, Current Mhz: 2496, Mhz Limit: 3301
Processor Information for processor 6
  Max Mhz: 3301, Current Mhz: 2496, Mhz Limit: 3301
Processor Information for processor 7
  Max Mhz: 3301, Current Mhz: 2496, Mhz Limit: 3301
Processor Information for processor 8
  Max Mhz: 3301, Current Mhz: 2496, Mhz Limit: 3301
Processor Information for processor 9
  Max Mhz: 3301, Current Mhz: 2024, Mhz Limit: 3301
Processor Information for processor 10
  Max Mhz: 3301, Current Mhz: 2496, Mhz Limit: 3301
Processor Information for processor 11
  Max Mhz: 3301, Current Mhz: 2496, Mhz Limit: 3301

Memory: 4k page, system-wide physical 15688M (134M free)
TotalPageFile size 49531M (AvailPageFile size 6M)
current process WorkingSet (physical memory assigned to process): 272M, peak: 406M
current process commit charge ("private bytes"): 502M, peak: 513M

vm_info: OpenJDK 64-Bit Server VM (21.0.12.1+1-LTS) for windows-amd64 JRE (21.0.12.1+1-LTS), built on 2026-08-18T00:00:00Z by "admin" with MS VC++ 17.12 (VS2022)

END.
