#
# There is insufficient memory for the Java Runtime Environment to continue.
# Native memory allocation (malloc) failed to allocate 649168 bytes. Error detail: Chunk::new
# Possible reasons:
#   The system is out of physical RAM or swap space
#   This process is running with CompressedOops enabled, and the Java Heap may be blocking the growth of the native heap
# Possible solutions:
#   Reduce memory load on the system
#   Increase physical memory or swap space
#   Check if swap backing store is full
#   Decrease Java heap size (-Xmx/-Xms)
#   Decrease number of Java threads
#   Decrease Java thread stack sizes (-Xss)
#   Set larger code cache with -XX:ReservedCodeCacheSize=
#   JVM is running with Unscaled Compressed Oops mode in which the Java heap is
#     placed in the first 4GB address space. The Java Heap base address is the
#     maximum limit for the native heap growth. Please use -XX:HeapBaseMinAddress
#     to set the Java Heap base and to place the Java Heap above 4GB virtual address.
# This output file may be truncated or incomplete.
#
#  Out of Memory Error (arena.cpp:168), pid=38860, tid=39092
#
# JRE version: OpenJDK Runtime Environment Temurin-21.0.12.1+1 (21.0.12.1+1) (build 21.0.12.1+1-LTS)
# Java VM: OpenJDK 64-Bit Server VM Temurin-21.0.12.1+1 (21.0.12.1+1-LTS, mixed mode, sharing, tiered, compressed oops, compressed class ptrs, g1 gc, windows-amd64)
# No core dump will be written. Minidumps are not enabled by default on client versions of Windows
#

---------------  S U M M A R Y ------------

Command Line: --add-opens=java.base/java.lang=ALL-UNNAMED --add-opens=java.base/java.lang.invoke=ALL-UNNAMED --add-opens=java.base/java.util=ALL-UNNAMED --add-opens=java.prefs/java.util.prefs=ALL-UNNAMED --add-exports=jdk.compiler/com.sun.tools.javac.api=ALL-UNNAMED --add-exports=jdk.compiler/com.sun.tools.javac.util=ALL-UNNAMED --add-opens=java.base/java.nio.charset=ALL-UNNAMED --add-opens=java.base/java.net=ALL-UNNAMED --add-opens=java.base/java.util.concurrent=ALL-UNNAMED --add-opens=java.base/java.util.concurrent.atomic=ALL-UNNAMED --add-opens=java.xml/javax.xml.namespace=ALL-UNNAMED --add-opens=java.base/java.time=ALL-UNNAMED -XX:MaxMetaspaceSize=384m -XX:+HeapDumpOnOutOfMemoryError -Xms256m -Xmx512m -Dfile.encoding=UTF-8 -Duser.country=MX -Duser.language=es -Duser.variant -javaagent:C:\Users\leyot\.gradle\wrapper\dists\gradle-9.6.0-bin\42k10rwplmzkhuboz9kdazi7s\gradle-9.6.0\lib\agents\gradle-instrumentation-agent-9.6.0.jar org.gradle.launcher.daemon.bootstrap.GradleDaemon 9.6.0

Host: AMD Ryzen 5 7535HS with Radeon Graphics        , 12 cores, 15G,  Windows 11 , 64 bit Build 26100 (10.0.26100.9444)
Time: Sun Sep 20 15:12:48 2026 Hora estándar central (México) elapsed time: 285.563706 seconds (0d 0h 4m 45s)

---------------  T H R E A D  ---------------

Current thread (0x000002041a037ea0):  JavaThread "C2 CompilerThread0" daemon [_thread_in_native, id=39092, stack(0x00000008ba400000,0x00000008ba500000) (1024K)]


Current CompileTask:
C2:285563 5464       4       java.lang.invoke.InvokerBytecodeGenerator::addMethod (725 bytes)

Stack: [0x00000008ba400000,0x00000008ba500000]
Native frames: (J=compiled Java code, j=interpreted, Vv=VM code, C=native code)
V  [jvm.dll+0x6d83e9]
V  [jvm.dll+0x8b5736]
V  [jvm.dll+0x8b7cee]
V  [jvm.dll+0x8b83d3]
V  [jvm.dll+0x284596]
V  [jvm.dll+0xc685d]
V  [jvm.dll+0xc6da1]
V  [jvm.dll+0x1422bf]
V  [jvm.dll+0x666c03]
V  [jvm.dll+0x66510b]
V  [jvm.dll+0x24c57b]
V  [jvm.dll+0x24bce0]
V  [jvm.dll+0x1cb4ae]
V  [jvm.dll+0x25baad]
V  [jvm.dll+0x25a03a]
V  [jvm.dll+0x3f8aae]
V  [jvm.dll+0x8600cd]
V  [jvm.dll+0x6d6c1d]
C  [ucrtbase.dll+0x2cd30]
C  [KERNEL32.DLL+0x2cd87]
C  [ntdll.dll+0xacaec]


---------------  P R O C E S S  ---------------

Threads class SMR info:
_java_thread_list=0x000002043844e680, length=38, elements={
0x0000020404330370, 0x000002041a02d520, 0x000002041a02ff90, 0x000002041a0351f0,
0x000002041a035c50, 0x000002041a0366b0, 0x000002041a037110, 0x000002041a037ea0,
0x000002041a03e900, 0x000002041a336590, 0x000002041a2a5170, 0x0000020435926e00,
0x00000204341daab0, 0x000002043597de30, 0x000002043586e870, 0x000002041a335510,
0x0000020435957680, 0x000002041a13f590, 0x000002041a13d4c0, 0x000002041a1402b0,
0x000002041a13e870, 0x000002041a13ce30, 0x000002041a13fc20, 0x000002041a13ef00,
0x000002043464b6f0, 0x000002043464d130, 0x000002043464bd80, 0x000002043464a9d0,
0x000002043464d7c0, 0x000002043464c410, 0x000002043464a340, 0x000002043464e4e0,
0x000002043464eb70, 0x00000204346505b0, 0x000002043464f890, 0x000002043464de50,
0x0000020434650c40, 0x000002043464ff20
}

Java Threads: ( => current thread )
  0x0000020404330370 JavaThread "main"                              [_thread_blocked, id=38960, stack(0x00000008b9600000,0x00000008b9700000) (1024K)]
  0x000002041a02d520 JavaThread "Reference Handler"          daemon [_thread_blocked, id=39068, stack(0x00000008b9e00000,0x00000008b9f00000) (1024K)]
  0x000002041a02ff90 JavaThread "Finalizer"                  daemon [_thread_blocked, id=39072, stack(0x00000008b9f00000,0x00000008ba000000) (1024K)]
  0x000002041a0351f0 JavaThread "Signal Dispatcher"          daemon [_thread_blocked, id=39076, stack(0x00000008ba000000,0x00000008ba100000) (1024K)]
  0x000002041a035c50 JavaThread "Attach Listener"            daemon [_thread_blocked, id=39080, stack(0x00000008ba100000,0x00000008ba200000) (1024K)]
  0x000002041a0366b0 JavaThread "Service Thread"             daemon [_thread_blocked, id=39084, stack(0x00000008ba200000,0x00000008ba300000) (1024K)]
  0x000002041a037110 JavaThread "Monitor Deflation Thread"   daemon [_thread_blocked, id=39088, stack(0x00000008ba300000,0x00000008ba400000) (1024K)]
=>0x000002041a037ea0 JavaThread "C2 CompilerThread0"         daemon [_thread_in_native, id=39092, stack(0x00000008ba400000,0x00000008ba500000) (1024K)]
  0x000002041a03e900 JavaThread "C1 CompilerThread0"         daemon [_thread_blocked, id=39096, stack(0x00000008ba500000,0x00000008ba600000) (1024K)]
  0x000002041a336590 JavaThread "Common-Cleaner"             daemon [_thread_blocked, id=39116, stack(0x00000008ba600000,0x00000008ba700000) (1024K)]
  0x000002041a2a5170 JavaThread "Notification Thread"        daemon [_thread_blocked, id=39132, stack(0x00000008ba700000,0x00000008ba800000) (1024K)]
  0x0000020435926e00 JavaThread "Daemon health stats"               [_thread_blocked, id=39764, stack(0x00000008bad00000,0x00000008bae00000) (1024K)]
  0x00000204341daab0 JavaThread "Incoming local TCP Connector on port 55326"        [_thread_in_native, id=39352, stack(0x00000008bae00000,0x00000008baf00000) (1024K)]
  0x000002043597de30 JavaThread "Daemon periodic checks"            [_thread_blocked, id=5564, stack(0x00000008baf00000,0x00000008bb000000) (1024K)]
  0x000002043586e870 JavaThread "Daemon"                            [_thread_blocked, id=39460, stack(0x00000008bb000000,0x00000008bb100000) (1024K)]
  0x000002041a335510 JavaThread "Handler for socket connection from /127.0.0.1:55326 to /127.0.0.1:55331"        [_thread_in_native, id=39592, stack(0x00000008bb100000,0x00000008bb200000) (1024K)]
  0x0000020435957680 JavaThread "Cancel handler"                    [_thread_blocked, id=38852, stack(0x00000008bb200000,0x00000008bb300000) (1024K)]
  0x000002041a13f590 JavaThread "Daemon worker"                     [_thread_in_Java, id=39760, stack(0x00000008bb300000,0x00000008bb400000) (1024K)]
  0x000002041a13d4c0 JavaThread "Asynchronous log dispatcher for DefaultDaemonConnection: socket connection from /127.0.0.1:55326 to /127.0.0.1:55331"        [_thread_blocked, id=8680, stack(0x00000008bb400000,0x00000008bb500000) (1024K)]
  0x000002041a1402b0 JavaThread "Stdin handler"                     [_thread_blocked, id=30840, stack(0x00000008bb500000,0x00000008bb600000) (1024K)]
  0x000002041a13e870 JavaThread "Daemon client event forwarder"        [_thread_blocked, id=38344, stack(0x00000008bb600000,0x00000008bb700000) (1024K)]
  0x000002041a13ce30 JavaThread "Cache worker for journal cache (C:\Users\leyot\.gradle\caches\journal-1)"        [_thread_blocked, id=39976, stack(0x00000008bb700000,0x00000008bb800000) (1024K)]
  0x000002041a13fc20 JavaThread "File lock request listener"        [_thread_in_native, id=39980, stack(0x00000008bb800000,0x00000008bb900000) (1024K)]
  0x000002041a13ef00 JavaThread "Cache worker for file hash cache (C:\Users\leyot\.gradle\caches\9.6.0\fileHashes)"        [_thread_blocked, id=37936, stack(0x00000008bbe00000,0x00000008bbf00000) (1024K)]
  0x000002043464b6f0 JavaThread "Cache worker for file hash cache (C:\Users\leyot\OneDrive\Desktop\Aplicaciones Web Progresivas\Ambientar Proyecto\prueba\prueba\.gradle\9.6.0\fileHashes)"        [_thread_blocked, id=2976, stack(0x00000008bc100000,0x00000008bc200000) (1024K)]
  0x000002043464d130 JavaThread "Cache worker for Build Output Cleanup Cache (C:\Users\leyot\OneDrive\Desktop\Aplicaciones Web Progresivas\Ambientar Proyecto\prueba\prueba\.gradle\buildOutputCleanup)"        [_thread_blocked, id=31028, stack(0x00000008bc200000,0x00000008bc300000) (1024K)]
  0x000002043464bd80 JavaThread "File watcher server"        daemon [_thread_in_native, id=5356, stack(0x00000008bc300000,0x00000008bc400000) (1024K)]
  0x000002043464a9d0 JavaThread "File watcher consumer"      daemon [_thread_blocked, id=35780, stack(0x00000008bc400000,0x00000008bc500000) (1024K)]
  0x000002043464d7c0 JavaThread "Cache worker for file content cache (C:\Users\leyot\.gradle\caches\9.6.0\fileContent)"        [_thread_blocked, id=7236, stack(0x00000008bc500000,0x00000008bc600000) (1024K)]
  0x000002043464c410 JavaThread "Cache worker for checksums cache (C:\Users\leyot\OneDrive\Desktop\Aplicaciones Web Progresivas\Ambientar Proyecto\prueba\prueba\.gradle\9.6.0\checksums)"        [_thread_blocked, id=5288, stack(0x00000008bc600000,0x00000008bc700000) (1024K)]
  0x000002043464a340 JavaThread "Cache worker for cache directory md-supplier (C:\Users\leyot\.gradle\caches\9.6.0\md-supplier)"        [_thread_blocked, id=29344, stack(0x00000008bc800000,0x00000008bc900000) (1024K)]
  0x000002043464e4e0 JavaThread "Cache worker for cache directory md-rule (C:\Users\leyot\.gradle\caches\9.6.0\md-rule)"        [_thread_blocked, id=11436, stack(0x00000008bc700000,0x00000008bc800000) (1024K)]
  0x000002043464eb70 JavaThread "File lock release action executor Thread 2"        [_thread_blocked, id=43240, stack(0x00000008b9300000,0x00000008b9400000) (1024K)]
  0x00000204346505b0 JavaThread "jar transforms"                    [_thread_blocked, id=38288, stack(0x00000008b9400000,0x00000008b9500000) (1024K)]
  0x000002043464f890 JavaThread "jar transforms Thread 2"           [_thread_blocked, id=44276, stack(0x00000008bbd00000,0x00000008bbe00000) (1024K)]
  0x000002043464de50 JavaThread "jar transforms Thread 3"           [_thread_blocked, id=45068, stack(0x00000008b9500000,0x00000008b9600000) (1024K)]
  0x0000020434650c40 JavaThread "jar transforms Thread 4"           [_thread_blocked, id=48012, stack(0x00000008bc900000,0x00000008bca00000) (1024K)]
  0x000002043464ff20 JavaThread "jar transforms Thread 5"           [_thread_blocked, id=49416, stack(0x00000008bca00000,0x00000008bcb00000) (1024K)]
Total: 38

Other Threads:
  0x000002041a00f700 VMThread "VM Thread"                           [id=39020, stack(0x00000008b9d00000,0x00000008b9e00000) (1024K)]
  0x000002041a000050 WatcherThread "VM Periodic Task Thread"        [id=39016, stack(0x00000008b9c00000,0x00000008b9d00000) (1024K)]
  0x000002040435e460 WorkerThread "GC Thread#0"                     [id=38996, stack(0x00000008b9700000,0x00000008b9800000) (1024K)]
  0x000002041ab2b1f0 WorkerThread "GC Thread#1"                     [id=39544, stack(0x00000008ba800000,0x00000008ba900000) (1024K)]
  0x00000204341f2f20 WorkerThread "GC Thread#2"                     [id=39548, stack(0x00000008ba900000,0x00000008baa00000) (1024K)]
  0x00000204341f32d0 WorkerThread "GC Thread#3"                     [id=39556, stack(0x00000008baa00000,0x00000008bab00000) (1024K)]
  0x0000020434062d60 WorkerThread "GC Thread#4"                     [id=39560, stack(0x00000008bab00000,0x00000008bac00000) (1024K)]
  0x0000020434063110 WorkerThread "GC Thread#5"                     [id=39568, stack(0x00000008bac00000,0x00000008bad00000) (1024K)]
  0x00000204358683c0 WorkerThread "GC Thread#6"                     [id=39984, stack(0x00000008bb900000,0x00000008bba00000) (1024K)]
  0x0000020435868770 WorkerThread "GC Thread#7"                     [id=39988, stack(0x00000008bba00000,0x00000008bbb00000) (1024K)]
  0x0000020435869280 WorkerThread "GC Thread#8"                     [id=39992, stack(0x00000008bbb00000,0x00000008bbc00000) (1024K)]
  0x0000020435868b20 WorkerThread "GC Thread#9"                     [id=39996, stack(0x00000008bbc00000,0x00000008bbd00000) (1024K)]
  0x0000020404363360 ConcurrentGCThread "G1 Main Marker"            [id=39000, stack(0x00000008b9800000,0x00000008b9900000) (1024K)]
  0x0000020404364d90 WorkerThread "G1 Conc#0"                       [id=39004, stack(0x00000008b9900000,0x00000008b9a00000) (1024K)]
  0x000002041a239c50 WorkerThread "G1 Conc#1"                       [id=40660, stack(0x00000008bbf00000,0x00000008bc000000) (1024K)]
  0x000002041a23b620 WorkerThread "G1 Conc#2"                       [id=38420, stack(0x00000008bc000000,0x00000008bc100000) (1024K)]
  0x00000204043dead0 ConcurrentGCThread "G1 Refine#0"               [id=39008, stack(0x00000008b9a00000,0x00000008b9b00000) (1024K)]
  0x0000020419ed08b0 ConcurrentGCThread "G1 Service"                [id=39012, stack(0x00000008b9b00000,0x00000008b9c00000) (1024K)]
Total: 18

Threads with active compile tasks:
C2 CompilerThread0  285637 5464       4       java.lang.invoke.InvokerBytecodeGenerator::addMethod (725 bytes)
Total: 1

VM state: not at safepoint (normal execution)

VM Mutex/Monitor currently owned by a thread: None

Heap address: 0x00000000e0000000, size: 512 MB, Compressed Oops mode: 32-bit

CDS archive(s) mapped at: [0x000002041b000000-0x000002041bba0000-0x000002041bba0000), size 12189696, SharedBaseAddress: 0x000002041b000000, ArchiveRelocationMode: 1.
Compressed class space mapped at: 0x000002041c000000-0x0000020430000000, reserved size: 335544320
Narrow klass base: 0x000002041b000000, Narrow klass shift: 0, Narrow klass range: 0x100000000

GC Precious Log:
 CardTable entry size: 512
 Card Set container configuration: InlinePtr #cards 5 size 8 Array Of Cards #cards 12 size 40 Howl #buckets 4 coarsen threshold 1843 Howl Bitmap #cards 512 size 80 coarsen threshold 460 Card regions per heap region 1 cards per card region 2048
 CPUs: 12 total, 12 available
 Memory: 15688M
 Large Page Support: Disabled
 NUMA Support: Disabled
 Compressed Oops: Enabled (32-bit)
 Heap Region Size: 1M
 Heap Min Capacity: 256M
 Heap Initial Capacity: 256M
 Heap Max Capacity: 512M
 Pre-touch: Disabled
 Parallel Workers: 10
 Concurrent Workers: 3
 Concurrent Refinement Workers: 10
 Periodic GC: Disabled

Heap:
 garbage-first heap   total 262144K, used 98189K [0x00000000e0000000, 0x0000000100000000)
  region size 1024K, 68 young (69632K), 2 survivors (2048K)
 Metaspace       used 41713K, committed 43456K, reserved 393216K
  class space    used 6257K, committed 7104K, reserved 327680K

Heap Regions: E=young(eden), S=young(survivor), O=old, HS=humongous(starts), HC=humongous(continues), CS=collection set, F=free, TAMS=top-at-mark-start, PB=parsable bottom
|   0|0x00000000e0000000, 0x00000000e0100000, 0x00000000e0100000|100%|HS|  |TAMS 0x00000000e0000000| PB 0x00000000e0000000| Complete 
|   1|0x00000000e0100000, 0x00000000e0200000, 0x00000000e0200000|100%|HC|  |TAMS 0x00000000e0100000| PB 0x00000000e0100000| Complete 
|   2|0x00000000e0200000, 0x00000000e0300000, 0x00000000e0300000|100%|HC|  |TAMS 0x00000000e0200000| PB 0x00000000e0200000| Complete 
|   3|0x00000000e0300000, 0x00000000e0400000, 0x00000000e0400000|100%|HC|  |TAMS 0x00000000e0300000| PB 0x00000000e0300000| Complete 
|   4|0x00000000e0400000, 0x00000000e0400000, 0x00000000e0500000|  0%| F|  |TAMS 0x00000000e0400000| PB 0x00000000e0400000| Untracked 
|   5|0x00000000e0500000, 0x00000000e0600000, 0x00000000e0600000|100%| O|  |TAMS 0x00000000e0500000| PB 0x00000000e0500000| Untracked 
|   6|0x00000000e0600000, 0x00000000e0700000, 0x00000000e0700000|100%| O|  |TAMS 0x00000000e0600000| PB 0x00000000e0600000| Untracked 
|   7|0x00000000e0700000, 0x00000000e0800000, 0x00000000e0800000|100%| O|  |TAMS 0x00000000e0700000| PB 0x00000000e0700000| Untracked 
|   8|0x00000000e0800000, 0x00000000e0900000, 0x00000000e0900000|100%| O|  |TAMS 0x00000000e0800000| PB 0x00000000e0800000| Untracked 
|   9|0x00000000e0900000, 0x00000000e0a00000, 0x00000000e0a00000|100%|HS|  |TAMS 0x00000000e0900000| PB 0x00000000e0900000| Complete 
|  10|0x00000000e0a00000, 0x00000000e0b00000, 0x00000000e0b00000|100%| O|  |TAMS 0x00000000e0a00000| PB 0x00000000e0a00000| Untracked 
|  11|0x00000000e0b00000, 0x00000000e0c00000, 0x00000000e0c00000|100%| O|  |TAMS 0x00000000e0b00000| PB 0x00000000e0b00000| Untracked 
|  12|0x00000000e0c00000, 0x00000000e0d00000, 0x00000000e0d00000|100%| O|  |TAMS 0x00000000e0c00000| PB 0x00000000e0c00000| Untracked 
|  13|0x00000000e0d00000, 0x00000000e0e00000, 0x00000000e0e00000|100%| O|  |TAMS 0x00000000e0d00000| PB 0x00000000e0d00000| Untracked 
|  14|0x00000000e0e00000, 0x00000000e0f00000, 0x00000000e0f00000|100%| O|  |TAMS 0x00000000e0e00000| PB 0x00000000e0e00000| Untracked 
|  15|0x00000000e0f00000, 0x00000000e1000000, 0x00000000e1000000|100%| O|  |TAMS 0x00000000e0f00000| PB 0x00000000e0f00000| Untracked 
|  16|0x00000000e1000000, 0x00000000e1100000, 0x00000000e1100000|100%| O|  |TAMS 0x00000000e1000000| PB 0x00000000e1000000| Untracked 
|  17|0x00000000e1100000, 0x00000000e1200000, 0x00000000e1200000|100%| O|  |TAMS 0x00000000e1100000| PB 0x00000000e1100000| Untracked 
|  18|0x00000000e1200000, 0x00000000e1300000, 0x00000000e1300000|100%| O|  |TAMS 0x00000000e1200000| PB 0x00000000e1200000| Untracked 
|  19|0x00000000e1300000, 0x00000000e1400000, 0x00000000e1400000|100%| O|  |TAMS 0x00000000e1300000| PB 0x00000000e1300000| Untracked 
|  20|0x00000000e1400000, 0x00000000e1500000, 0x00000000e1500000|100%| O|  |TAMS 0x00000000e1400000| PB 0x00000000e1400000| Untracked 
|  21|0x00000000e1500000, 0x00000000e1600000, 0x00000000e1600000|100%| O|  |TAMS 0x00000000e1500000| PB 0x00000000e1500000| Untracked 
|  22|0x00000000e1600000, 0x00000000e1700000, 0x00000000e1700000|100%| O|  |TAMS 0x00000000e1600000| PB 0x00000000e1600000| Untracked 
|  23|0x00000000e1700000, 0x00000000e1800000, 0x00000000e1800000|100%| O|  |TAMS 0x00000000e1700000| PB 0x00000000e1700000| Untracked 
|  24|0x00000000e1800000, 0x00000000e1900000, 0x00000000e1900000|100%| O|  |TAMS 0x00000000e1800000| PB 0x00000000e1800000| Untracked 
|  25|0x00000000e1900000, 0x00000000e1a00000, 0x00000000e1a00000|100%| O|  |TAMS 0x00000000e1900000| PB 0x00000000e1900000| Untracked 
|  26|0x00000000e1a00000, 0x00000000e1b00000, 0x00000000e1b00000|100%| O|  |TAMS 0x00000000e1a00000| PB 0x00000000e1a00000| Untracked 
|  27|0x00000000e1b00000, 0x00000000e1c00000, 0x00000000e1c00000|100%| O|  |TAMS 0x00000000e1b00000| PB 0x00000000e1b00000| Untracked 
|  28|0x00000000e1c00000, 0x00000000e1d00000, 0x00000000e1d00000|100%| O|  |TAMS 0x00000000e1c00000| PB 0x00000000e1c00000| Untracked 
|  29|0x00000000e1d00000, 0x00000000e1e00000, 0x00000000e1e00000|100%| O|Cm|TAMS 0x00000000e1d00000| PB 0x00000000e1d00000| Complete 
|  30|0x00000000e1e00000, 0x00000000e1e94c00, 0x00000000e1f00000| 58%| O|  |TAMS 0x00000000e1e00000| PB 0x00000000e1e00000| Untracked 
|  31|0x00000000e1f00000, 0x00000000e1f00000, 0x00000000e2000000|  0%| F|  |TAMS 0x00000000e1f00000| PB 0x00000000e1f00000| Untracked 
|  32|0x00000000e2000000, 0x00000000e2000000, 0x00000000e2100000|  0%| F|  |TAMS 0x00000000e2000000| PB 0x00000000e2000000| Untracked 
|  33|0x00000000e2100000, 0x00000000e2100000, 0x00000000e2200000|  0%| F|  |TAMS 0x00000000e2100000| PB 0x00000000e2100000| Untracked 
|  34|0x00000000e2200000, 0x00000000e2200000, 0x00000000e2300000|  0%| F|  |TAMS 0x00000000e2200000| PB 0x00000000e2200000| Untracked 
|  35|0x00000000e2300000, 0x00000000e2300000, 0x00000000e2400000|  0%| F|  |TAMS 0x00000000e2300000| PB 0x00000000e2300000| Untracked 
|  36|0x00000000e2400000, 0x00000000e2400000, 0x00000000e2500000|  0%| F|  |TAMS 0x00000000e2400000| PB 0x00000000e2400000| Untracked 
|  37|0x00000000e2500000, 0x00000000e2500000, 0x00000000e2600000|  0%| F|  |TAMS 0x00000000e2500000| PB 0x00000000e2500000| Untracked 
|  38|0x00000000e2600000, 0x00000000e2600000, 0x00000000e2700000|  0%| F|  |TAMS 0x00000000e2600000| PB 0x00000000e2600000| Untracked 
|  39|0x00000000e2700000, 0x00000000e2700000, 0x00000000e2800000|  0%| F|  |TAMS 0x00000000e2700000| PB 0x00000000e2700000| Untracked 
|  40|0x00000000e2800000, 0x00000000e2800000, 0x00000000e2900000|  0%| F|  |TAMS 0x00000000e2800000| PB 0x00000000e2800000| Untracked 
|  41|0x00000000e2900000, 0x00000000e2900000, 0x00000000e2a00000|  0%| F|  |TAMS 0x00000000e2900000| PB 0x00000000e2900000| Untracked 
|  42|0x00000000e2a00000, 0x00000000e2a00000, 0x00000000e2b00000|  0%| F|  |TAMS 0x00000000e2a00000| PB 0x00000000e2a00000| Untracked 
|  43|0x00000000e2b00000, 0x00000000e2b00000, 0x00000000e2c00000|  0%| F|  |TAMS 0x00000000e2b00000| PB 0x00000000e2b00000| Untracked 
|  44|0x00000000e2c00000, 0x00000000e2c00000, 0x00000000e2d00000|  0%| F|  |TAMS 0x00000000e2c00000| PB 0x00000000e2c00000| Untracked 
|  45|0x00000000e2d00000, 0x00000000e2d00000, 0x00000000e2e00000|  0%| F|  |TAMS 0x00000000e2d00000| PB 0x00000000e2d00000| Untracked 
|  46|0x00000000e2e00000, 0x00000000e2e00000, 0x00000000e2f00000|  0%| F|  |TAMS 0x00000000e2e00000| PB 0x00000000e2e00000| Untracked 
|  47|0x00000000e2f00000, 0x00000000e2f00000, 0x00000000e3000000|  0%| F|  |TAMS 0x00000000e2f00000| PB 0x00000000e2f00000| Untracked 
|  48|0x00000000e3000000, 0x00000000e3000000, 0x00000000e3100000|  0%| F|  |TAMS 0x00000000e3000000| PB 0x00000000e3000000| Untracked 
|  49|0x00000000e3100000, 0x00000000e3100000, 0x00000000e3200000|  0%| F|  |TAMS 0x00000000e3100000| PB 0x00000000e3100000| Untracked 
|  50|0x00000000e3200000, 0x00000000e3200000, 0x00000000e3300000|  0%| F|  |TAMS 0x00000000e3200000| PB 0x00000000e3200000| Untracked 
|  51|0x00000000e3300000, 0x00000000e3300000, 0x00000000e3400000|  0%| F|  |TAMS 0x00000000e3300000| PB 0x00000000e3300000| Untracked 
|  52|0x00000000e3400000, 0x00000000e3400000, 0x00000000e3500000|  0%| F|  |TAMS 0x00000000e3400000| PB 0x00000000e3400000| Untracked 
|  53|0x00000000e3500000, 0x00000000e3500000, 0x00000000e3600000|  0%| F|  |TAMS 0x00000000e3500000| PB 0x00000000e3500000| Untracked 
|  54|0x00000000e3600000, 0x00000000e3600000, 0x00000000e3700000|  0%| F|  |TAMS 0x00000000e3600000| PB 0x00000000e3600000| Untracked 
|  55|0x00000000e3700000, 0x00000000e3700000, 0x00000000e3800000|  0%| F|  |TAMS 0x00000000e3700000| PB 0x00000000e3700000| Untracked 
|  56|0x00000000e3800000, 0x00000000e3800000, 0x00000000e3900000|  0%| F|  |TAMS 0x00000000e3800000| PB 0x00000000e3800000| Untracked 
|  57|0x00000000e3900000, 0x00000000e3900000, 0x00000000e3a00000|  0%| F|  |TAMS 0x00000000e3900000| PB 0x00000000e3900000| Untracked 
|  58|0x00000000e3a00000, 0x00000000e3a00000, 0x00000000e3b00000|  0%| F|  |TAMS 0x00000000e3a00000| PB 0x00000000e3a00000| Untracked 
|  59|0x00000000e3b00000, 0x00000000e3b00000, 0x00000000e3c00000|  0%| F|  |TAMS 0x00000000e3b00000| PB 0x00000000e3b00000| Untracked 
|  60|0x00000000e3c00000, 0x00000000e3c00000, 0x00000000e3d00000|  0%| F|  |TAMS 0x00000000e3c00000| PB 0x00000000e3c00000| Untracked 
|  61|0x00000000e3d00000, 0x00000000e3d00000, 0x00000000e3e00000|  0%| F|  |TAMS 0x00000000e3d00000| PB 0x00000000e3d00000| Untracked 
|  62|0x00000000e3e00000, 0x00000000e3e00000, 0x00000000e3f00000|  0%| F|  |TAMS 0x00000000e3e00000| PB 0x00000000e3e00000| Untracked 
|  63|0x00000000e3f00000, 0x00000000e3f00000, 0x00000000e4000000|  0%| F|  |TAMS 0x00000000e3f00000| PB 0x00000000e3f00000| Untracked 
|  64|0x00000000e4000000, 0x00000000e4000000, 0x00000000e4100000|  0%| F|  |TAMS 0x00000000e4000000| PB 0x00000000e4000000| Untracked 
|  65|0x00000000e4100000, 0x00000000e4100000, 0x00000000e4200000|  0%| F|  |TAMS 0x00000000e4100000| PB 0x00000000e4100000| Untracked 
|  66|0x00000000e4200000, 0x00000000e4200000, 0x00000000e4300000|  0%| F|  |TAMS 0x00000000e4200000| PB 0x00000000e4200000| Untracked 
|  67|0x00000000e4300000, 0x00000000e4300000, 0x00000000e4400000|  0%| F|  |TAMS 0x00000000e4300000| PB 0x00000000e4300000| Untracked 
|  68|0x00000000e4400000, 0x00000000e4400000, 0x00000000e4500000|  0%| F|  |TAMS 0x00000000e4400000| PB 0x00000000e4400000| Untracked 
|  69|0x00000000e4500000, 0x00000000e4500000, 0x00000000e4600000|  0%| F|  |TAMS 0x00000000e4500000| PB 0x00000000e4500000| Untracked 
|  70|0x00000000e4600000, 0x00000000e4600000, 0x00000000e4700000|  0%| F|  |TAMS 0x00000000e4600000| PB 0x00000000e4600000| Untracked 
|  71|0x00000000e4700000, 0x00000000e4700000, 0x00000000e4800000|  0%| F|  |TAMS 0x00000000e4700000| PB 0x00000000e4700000| Untracked 
|  72|0x00000000e4800000, 0x00000000e4800000, 0x00000000e4900000|  0%| F|  |TAMS 0x00000000e4800000| PB 0x00000000e4800000| Untracked 
|  73|0x00000000e4900000, 0x00000000e4900000, 0x00000000e4a00000|  0%| F|  |TAMS 0x00000000e4900000| PB 0x00000000e4900000| Untracked 
|  74|0x00000000e4a00000, 0x00000000e4a00000, 0x00000000e4b00000|  0%| F|  |TAMS 0x00000000e4a00000| PB 0x00000000e4a00000| Untracked 
|  75|0x00000000e4b00000, 0x00000000e4b00000, 0x00000000e4c00000|  0%| F|  |TAMS 0x00000000e4b00000| PB 0x00000000e4b00000| Untracked 
|  76|0x00000000e4c00000, 0x00000000e4c00000, 0x00000000e4d00000|  0%| F|  |TAMS 0x00000000e4c00000| PB 0x00000000e4c00000| Untracked 
|  77|0x00000000e4d00000, 0x00000000e4d00000, 0x00000000e4e00000|  0%| F|  |TAMS 0x00000000e4d00000| PB 0x00000000e4d00000| Untracked 
|  78|0x00000000e4e00000, 0x00000000e4e00000, 0x00000000e4f00000|  0%| F|  |TAMS 0x00000000e4e00000| PB 0x00000000e4e00000| Untracked 
|  79|0x00000000e4f00000, 0x00000000e4f00000, 0x00000000e5000000|  0%| F|  |TAMS 0x00000000e4f00000| PB 0x00000000e4f00000| Untracked 
|  80|0x00000000e5000000, 0x00000000e5000000, 0x00000000e5100000|  0%| F|  |TAMS 0x00000000e5000000| PB 0x00000000e5000000| Untracked 
|  81|0x00000000e5100000, 0x00000000e5100000, 0x00000000e5200000|  0%| F|  |TAMS 0x00000000e5100000| PB 0x00000000e5100000| Untracked 
|  82|0x00000000e5200000, 0x00000000e5200000, 0x00000000e5300000|  0%| F|  |TAMS 0x00000000e5200000| PB 0x00000000e5200000| Untracked 
|  83|0x00000000e5300000, 0x00000000e5300000, 0x00000000e5400000|  0%| F|  |TAMS 0x00000000e5300000| PB 0x00000000e5300000| Untracked 
|  84|0x00000000e5400000, 0x00000000e5400000, 0x00000000e5500000|  0%| F|  |TAMS 0x00000000e5400000| PB 0x00000000e5400000| Untracked 
|  85|0x00000000e5500000, 0x00000000e5500000, 0x00000000e5600000|  0%| F|  |TAMS 0x00000000e5500000| PB 0x00000000e5500000| Untracked 
|  86|0x00000000e5600000, 0x00000000e5600000, 0x00000000e5700000|  0%| F|  |TAMS 0x00000000e5600000| PB 0x00000000e5600000| Untracked 
|  87|0x00000000e5700000, 0x00000000e5700000, 0x00000000e5800000|  0%| F|  |TAMS 0x00000000e5700000| PB 0x00000000e5700000| Untracked 
|  88|0x00000000e5800000, 0x00000000e5800000, 0x00000000e5900000|  0%| F|  |TAMS 0x00000000e5800000| PB 0x00000000e5800000| Untracked 
|  89|0x00000000e5900000, 0x00000000e5900000, 0x00000000e5a00000|  0%| F|  |TAMS 0x00000000e5900000| PB 0x00000000e5900000| Untracked 
|  90|0x00000000e5a00000, 0x00000000e5a00000, 0x00000000e5b00000|  0%| F|  |TAMS 0x00000000e5a00000| PB 0x00000000e5a00000| Untracked 
|  91|0x00000000e5b00000, 0x00000000e5b00000, 0x00000000e5c00000|  0%| F|  |TAMS 0x00000000e5b00000| PB 0x00000000e5b00000| Untracked 
|  92|0x00000000e5c00000, 0x00000000e5c00000, 0x00000000e5d00000|  0%| F|  |TAMS 0x00000000e5c00000| PB 0x00000000e5c00000| Untracked 
|  93|0x00000000e5d00000, 0x00000000e5d00000, 0x00000000e5e00000|  0%| F|  |TAMS 0x00000000e5d00000| PB 0x00000000e5d00000| Untracked 
|  94|0x00000000e5e00000, 0x00000000e5e00000, 0x00000000e5f00000|  0%| F|  |TAMS 0x00000000e5e00000| PB 0x00000000e5e00000| Untracked 
|  95|0x00000000e5f00000, 0x00000000e5f00000, 0x00000000e6000000|  0%| F|  |TAMS 0x00000000e5f00000| PB 0x00000000e5f00000| Untracked 
|  96|0x00000000e6000000, 0x00000000e6000000, 0x00000000e6100000|  0%| F|  |TAMS 0x00000000e6000000| PB 0x00000000e6000000| Untracked 
|  97|0x00000000e6100000, 0x00000000e6100000, 0x00000000e6200000|  0%| F|  |TAMS 0x00000000e6100000| PB 0x00000000e6100000| Untracked 
|  98|0x00000000e6200000, 0x00000000e6200000, 0x00000000e6300000|  0%| F|  |TAMS 0x00000000e6200000| PB 0x00000000e6200000| Untracked 
|  99|0x00000000e6300000, 0x00000000e6300000, 0x00000000e6400000|  0%| F|  |TAMS 0x00000000e6300000| PB 0x00000000e6300000| Untracked 
| 100|0x00000000e6400000, 0x00000000e6400000, 0x00000000e6500000|  0%| F|  |TAMS 0x00000000e6400000| PB 0x00000000e6400000| Untracked 
| 101|0x00000000e6500000, 0x00000000e6500000, 0x00000000e6600000|  0%| F|  |TAMS 0x00000000e6500000| PB 0x00000000e6500000| Untracked 
| 102|0x00000000e6600000, 0x00000000e6600000, 0x00000000e6700000|  0%| F|  |TAMS 0x00000000e6600000| PB 0x00000000e6600000| Untracked 
| 103|0x00000000e6700000, 0x00000000e6700000, 0x00000000e6800000|  0%| F|  |TAMS 0x00000000e6700000| PB 0x00000000e6700000| Untracked 
| 104|0x00000000e6800000, 0x00000000e6800000, 0x00000000e6900000|  0%| F|  |TAMS 0x00000000e6800000| PB 0x00000000e6800000| Untracked 
| 105|0x00000000e6900000, 0x00000000e6900000, 0x00000000e6a00000|  0%| F|  |TAMS 0x00000000e6900000| PB 0x00000000e6900000| Untracked 
| 106|0x00000000e6a00000, 0x00000000e6a00000, 0x00000000e6b00000|  0%| F|  |TAMS 0x00000000e6a00000| PB 0x00000000e6a00000| Untracked 
| 107|0x00000000e6b00000, 0x00000000e6b00000, 0x00000000e6c00000|  0%| F|  |TAMS 0x00000000e6b00000| PB 0x00000000e6b00000| Untracked 
| 108|0x00000000e6c00000, 0x00000000e6c00000, 0x00000000e6d00000|  0%| F|  |TAMS 0x00000000e6c00000| PB 0x00000000e6c00000| Untracked 
| 109|0x00000000e6d00000, 0x00000000e6d00000, 0x00000000e6e00000|  0%| F|  |TAMS 0x00000000e6d00000| PB 0x00000000e6d00000| Untracked 
| 110|0x00000000e6e00000, 0x00000000e6e00000, 0x00000000e6f00000|  0%| F|  |TAMS 0x00000000e6e00000| PB 0x00000000e6e00000| Untracked 
| 111|0x00000000e6f00000, 0x00000000e6f00000, 0x00000000e7000000|  0%| F|  |TAMS 0x00000000e6f00000| PB 0x00000000e6f00000| Untracked 
| 112|0x00000000e7000000, 0x00000000e7000000, 0x00000000e7100000|  0%| F|  |TAMS 0x00000000e7000000| PB 0x00000000e7000000| Untracked 
| 113|0x00000000e7100000, 0x00000000e7100000, 0x00000000e7200000|  0%| F|  |TAMS 0x00000000e7100000| PB 0x00000000e7100000| Untracked 
| 114|0x00000000e7200000, 0x00000000e7200000, 0x00000000e7300000|  0%| F|  |TAMS 0x00000000e7200000| PB 0x00000000e7200000| Untracked 
| 115|0x00000000e7300000, 0x00000000e7300000, 0x00000000e7400000|  0%| F|  |TAMS 0x00000000e7300000| PB 0x00000000e7300000| Untracked 
| 116|0x00000000e7400000, 0x00000000e7400000, 0x00000000e7500000|  0%| F|  |TAMS 0x00000000e7400000| PB 0x00000000e7400000| Untracked 
| 117|0x00000000e7500000, 0x00000000e7500000, 0x00000000e7600000|  0%| F|  |TAMS 0x00000000e7500000| PB 0x00000000e7500000| Untracked 
| 118|0x00000000e7600000, 0x00000000e7600000, 0x00000000e7700000|  0%| F|  |TAMS 0x00000000e7600000| PB 0x00000000e7600000| Untracked 
| 119|0x00000000e7700000, 0x00000000e7700000, 0x00000000e7800000|  0%| F|  |TAMS 0x00000000e7700000| PB 0x00000000e7700000| Untracked 
| 120|0x00000000e7800000, 0x00000000e7800000, 0x00000000e7900000|  0%| F|  |TAMS 0x00000000e7800000| PB 0x00000000e7800000| Untracked 
| 121|0x00000000e7900000, 0x00000000e7900000, 0x00000000e7a00000|  0%| F|  |TAMS 0x00000000e7900000| PB 0x00000000e7900000| Untracked 
| 122|0x00000000e7a00000, 0x00000000e7a00000, 0x00000000e7b00000|  0%| F|  |TAMS 0x00000000e7a00000| PB 0x00000000e7a00000| Untracked 
| 123|0x00000000e7b00000, 0x00000000e7b00000, 0x00000000e7c00000|  0%| F|  |TAMS 0x00000000e7b00000| PB 0x00000000e7b00000| Untracked 
| 124|0x00000000e7c00000, 0x00000000e7c00000, 0x00000000e7d00000|  0%| F|  |TAMS 0x00000000e7c00000| PB 0x00000000e7c00000| Untracked 
| 125|0x00000000e7d00000, 0x00000000e7d00000, 0x00000000e7e00000|  0%| F|  |TAMS 0x00000000e7d00000| PB 0x00000000e7d00000| Untracked 
| 126|0x00000000e7e00000, 0x00000000e7e00000, 0x00000000e7f00000|  0%| F|  |TAMS 0x00000000e7e00000| PB 0x00000000e7e00000| Untracked 
| 127|0x00000000e7f00000, 0x00000000e7f00000, 0x00000000e8000000|  0%| F|  |TAMS 0x00000000e7f00000| PB 0x00000000e7f00000| Untracked 
| 128|0x00000000e8000000, 0x00000000e8000000, 0x00000000e8100000|  0%| F|  |TAMS 0x00000000e8000000| PB 0x00000000e8000000| Untracked 
| 129|0x00000000e8100000, 0x00000000e8100000, 0x00000000e8200000|  0%| F|  |TAMS 0x00000000e8100000| PB 0x00000000e8100000| Untracked 
| 130|0x00000000e8200000, 0x00000000e8200000, 0x00000000e8300000|  0%| F|  |TAMS 0x00000000e8200000| PB 0x00000000e8200000| Untracked 
| 131|0x00000000e8300000, 0x00000000e8300000, 0x00000000e8400000|  0%| F|  |TAMS 0x00000000e8300000| PB 0x00000000e8300000| Untracked 
| 132|0x00000000e8400000, 0x00000000e8400000, 0x00000000e8500000|  0%| F|  |TAMS 0x00000000e8400000| PB 0x00000000e8400000| Untracked 
| 133|0x00000000e8500000, 0x00000000e8500000, 0x00000000e8600000|  0%| F|  |TAMS 0x00000000e8500000| PB 0x00000000e8500000| Untracked 
| 134|0x00000000e8600000, 0x00000000e8600000, 0x00000000e8700000|  0%| F|  |TAMS 0x00000000e8600000| PB 0x00000000e8600000| Untracked 
| 135|0x00000000e8700000, 0x00000000e8700000, 0x00000000e8800000|  0%| F|  |TAMS 0x00000000e8700000| PB 0x00000000e8700000| Untracked 
| 136|0x00000000e8800000, 0x00000000e8800000, 0x00000000e8900000|  0%| F|  |TAMS 0x00000000e8800000| PB 0x00000000e8800000| Untracked 
| 137|0x00000000e8900000, 0x00000000e8900000, 0x00000000e8a00000|  0%| F|  |TAMS 0x00000000e8900000| PB 0x00000000e8900000| Untracked 
| 138|0x00000000e8a00000, 0x00000000e8a00000, 0x00000000e8b00000|  0%| F|  |TAMS 0x00000000e8a00000| PB 0x00000000e8a00000| Untracked 
| 139|0x00000000e8b00000, 0x00000000e8b00000, 0x00000000e8c00000|  0%| F|  |TAMS 0x00000000e8b00000| PB 0x00000000e8b00000| Untracked 
| 140|0x00000000e8c00000, 0x00000000e8c00000, 0x00000000e8d00000|  0%| F|  |TAMS 0x00000000e8c00000| PB 0x00000000e8c00000| Untracked 
| 141|0x00000000e8d00000, 0x00000000e8d00000, 0x00000000e8e00000|  0%| F|  |TAMS 0x00000000e8d00000| PB 0x00000000e8d00000| Untracked 
| 142|0x00000000e8e00000, 0x00000000e8e00000, 0x00000000e8f00000|  0%| F|  |TAMS 0x00000000e8e00000| PB 0x00000000e8e00000| Untracked 
| 143|0x00000000e8f00000, 0x00000000e8f00000, 0x00000000e9000000|  0%| F|  |TAMS 0x00000000e8f00000| PB 0x00000000e8f00000| Untracked 
| 144|0x00000000e9000000, 0x00000000e9000000, 0x00000000e9100000|  0%| F|  |TAMS 0x00000000e9000000| PB 0x00000000e9000000| Untracked 
| 145|0x00000000e9100000, 0x00000000e9100000, 0x00000000e9200000|  0%| F|  |TAMS 0x00000000e9100000| PB 0x00000000e9100000| Untracked 
| 146|0x00000000e9200000, 0x00000000e9200000, 0x00000000e9300000|  0%| F|  |TAMS 0x00000000e9200000| PB 0x00000000e9200000| Untracked 
| 147|0x00000000e9300000, 0x00000000e9300000, 0x00000000e9400000|  0%| F|  |TAMS 0x00000000e9300000| PB 0x00000000e9300000| Untracked 
| 148|0x00000000e9400000, 0x00000000e9400000, 0x00000000e9500000|  0%| F|  |TAMS 0x00000000e9400000| PB 0x00000000e9400000| Untracked 
| 149|0x00000000e9500000, 0x00000000e9500000, 0x00000000e9600000|  0%| F|  |TAMS 0x00000000e9500000| PB 0x00000000e9500000| Untracked 
| 150|0x00000000e9600000, 0x00000000e9600000, 0x00000000e9700000|  0%| F|  |TAMS 0x00000000e9600000| PB 0x00000000e9600000| Untracked 
| 151|0x00000000e9700000, 0x00000000e9700000, 0x00000000e9800000|  0%| F|  |TAMS 0x00000000e9700000| PB 0x00000000e9700000| Untracked 
| 152|0x00000000e9800000, 0x00000000e9800000, 0x00000000e9900000|  0%| F|  |TAMS 0x00000000e9800000| PB 0x00000000e9800000| Untracked 
| 153|0x00000000e9900000, 0x00000000e9900000, 0x00000000e9a00000|  0%| F|  |TAMS 0x00000000e9900000| PB 0x00000000e9900000| Untracked 
| 154|0x00000000e9a00000, 0x00000000e9a00000, 0x00000000e9b00000|  0%| F|  |TAMS 0x00000000e9a00000| PB 0x00000000e9a00000| Untracked 
| 155|0x00000000e9b00000, 0x00000000e9b00000, 0x00000000e9c00000|  0%| F|  |TAMS 0x00000000e9b00000| PB 0x00000000e9b00000| Untracked 
| 156|0x00000000e9c00000, 0x00000000e9c00000, 0x00000000e9d00000|  0%| F|  |TAMS 0x00000000e9c00000| PB 0x00000000e9c00000| Untracked 
| 157|0x00000000e9d00000, 0x00000000e9d00000, 0x00000000e9e00000|  0%| F|  |TAMS 0x00000000e9d00000| PB 0x00000000e9d00000| Untracked 
| 158|0x00000000e9e00000, 0x00000000e9e00000, 0x00000000e9f00000|  0%| F|  |TAMS 0x00000000e9e00000| PB 0x00000000e9e00000| Untracked 
| 159|0x00000000e9f00000, 0x00000000e9f00000, 0x00000000ea000000|  0%| F|  |TAMS 0x00000000e9f00000| PB 0x00000000e9f00000| Untracked 
| 160|0x00000000ea000000, 0x00000000ea000000, 0x00000000ea100000|  0%| F|  |TAMS 0x00000000ea000000| PB 0x00000000ea000000| Untracked 
| 161|0x00000000ea100000, 0x00000000ea100000, 0x00000000ea200000|  0%| F|  |TAMS 0x00000000ea100000| PB 0x00000000ea100000| Untracked 
| 162|0x00000000ea200000, 0x00000000ea200000, 0x00000000ea300000|  0%| F|  |TAMS 0x00000000ea200000| PB 0x00000000ea200000| Untracked 
| 163|0x00000000ea300000, 0x00000000ea300000, 0x00000000ea400000|  0%| F|  |TAMS 0x00000000ea300000| PB 0x00000000ea300000| Untracked 
| 164|0x00000000ea400000, 0x00000000ea400000, 0x00000000ea500000|  0%| F|  |TAMS 0x00000000ea400000| PB 0x00000000ea400000| Untracked 
| 165|0x00000000ea500000, 0x00000000ea500000, 0x00000000ea600000|  0%| F|  |TAMS 0x00000000ea500000| PB 0x00000000ea500000| Untracked 
| 166|0x00000000ea600000, 0x00000000ea600000, 0x00000000ea700000|  0%| F|  |TAMS 0x00000000ea600000| PB 0x00000000ea600000| Untracked 
| 167|0x00000000ea700000, 0x00000000ea700000, 0x00000000ea800000|  0%| F|  |TAMS 0x00000000ea700000| PB 0x00000000ea700000| Untracked 
| 168|0x00000000ea800000, 0x00000000ea800000, 0x00000000ea900000|  0%| F|  |TAMS 0x00000000ea800000| PB 0x00000000ea800000| Untracked 
| 169|0x00000000ea900000, 0x00000000ea900000, 0x00000000eaa00000|  0%| F|  |TAMS 0x00000000ea900000| PB 0x00000000ea900000| Untracked 
| 170|0x00000000eaa00000, 0x00000000eaa00000, 0x00000000eab00000|  0%| F|  |TAMS 0x00000000eaa00000| PB 0x00000000eaa00000| Untracked 
| 171|0x00000000eab00000, 0x00000000eab00000, 0x00000000eac00000|  0%| F|  |TAMS 0x00000000eab00000| PB 0x00000000eab00000| Untracked 
| 172|0x00000000eac00000, 0x00000000eac00000, 0x00000000ead00000|  0%| F|  |TAMS 0x00000000eac00000| PB 0x00000000eac00000| Untracked 
| 173|0x00000000ead00000, 0x00000000ead00000, 0x00000000eae00000|  0%| F|  |TAMS 0x00000000ead00000| PB 0x00000000ead00000| Untracked 
| 174|0x00000000eae00000, 0x00000000eae00000, 0x00000000eaf00000|  0%| F|  |TAMS 0x00000000eae00000| PB 0x00000000eae00000| Untracked 
| 175|0x00000000eaf00000, 0x00000000eaf00000, 0x00000000eb000000|  0%| F|  |TAMS 0x00000000eaf00000| PB 0x00000000eaf00000| Untracked 
| 176|0x00000000eb000000, 0x00000000eb000000, 0x00000000eb100000|  0%| F|  |TAMS 0x00000000eb000000| PB 0x00000000eb000000| Untracked 
| 177|0x00000000eb100000, 0x00000000eb100000, 0x00000000eb200000|  0%| F|  |TAMS 0x00000000eb100000| PB 0x00000000eb100000| Untracked 
| 178|0x00000000eb200000, 0x00000000eb200000, 0x00000000eb300000|  0%| F|  |TAMS 0x00000000eb200000| PB 0x00000000eb200000| Untracked 
| 179|0x00000000eb300000, 0x00000000eb300000, 0x00000000eb400000|  0%| F|  |TAMS 0x00000000eb300000| PB 0x00000000eb300000| Untracked 
| 180|0x00000000eb400000, 0x00000000eb400000, 0x00000000eb500000|  0%| F|  |TAMS 0x00000000eb400000| PB 0x00000000eb400000| Untracked 
| 181|0x00000000eb500000, 0x00000000eb500000, 0x00000000eb600000|  0%| F|  |TAMS 0x00000000eb500000| PB 0x00000000eb500000| Untracked 
| 182|0x00000000eb600000, 0x00000000eb600000, 0x00000000eb700000|  0%| F|  |TAMS 0x00000000eb600000| PB 0x00000000eb600000| Untracked 
| 183|0x00000000eb700000, 0x00000000eb700000, 0x00000000eb800000|  0%| F|  |TAMS 0x00000000eb700000| PB 0x00000000eb700000| Untracked 
| 184|0x00000000eb800000, 0x00000000eb800000, 0x00000000eb900000|  0%| F|  |TAMS 0x00000000eb800000| PB 0x00000000eb800000| Untracked 
| 185|0x00000000eb900000, 0x00000000eb900000, 0x00000000eba00000|  0%| F|  |TAMS 0x00000000eb900000| PB 0x00000000eb900000| Untracked 
| 186|0x00000000eba00000, 0x00000000eba00000, 0x00000000ebb00000|  0%| F|  |TAMS 0x00000000eba00000| PB 0x00000000eba00000| Untracked 
| 187|0x00000000ebb00000, 0x00000000ebb00000, 0x00000000ebc00000|  0%| F|  |TAMS 0x00000000ebb00000| PB 0x00000000ebb00000| Untracked 
| 188|0x00000000ebc00000, 0x00000000ebd00000, 0x00000000ebd00000|100%| E|  |TAMS 0x00000000ebc00000| PB 0x00000000ebc00000| Complete 
| 189|0x00000000ebd00000, 0x00000000ebe00000, 0x00000000ebe00000|100%| E|CS|TAMS 0x00000000ebd00000| PB 0x00000000ebd00000| Complete 
| 190|0x00000000ebe00000, 0x00000000ebf00000, 0x00000000ebf00000|100%| E|CS|TAMS 0x00000000ebe00000| PB 0x00000000ebe00000| Complete 
| 191|0x00000000ebf00000, 0x00000000ec000000, 0x00000000ec000000|100%| E|CS|TAMS 0x00000000ebf00000| PB 0x00000000ebf00000| Complete 
| 192|0x00000000ec000000, 0x00000000ec100000, 0x00000000ec100000|100%| E|CS|TAMS 0x00000000ec000000| PB 0x00000000ec000000| Complete 
| 193|0x00000000ec100000, 0x00000000ec200000, 0x00000000ec200000|100%| E|CS|TAMS 0x00000000ec100000| PB 0x00000000ec100000| Complete 
| 194|0x00000000ec200000, 0x00000000ec300000, 0x00000000ec300000|100%| E|CS|TAMS 0x00000000ec200000| PB 0x00000000ec200000| Complete 
| 195|0x00000000ec300000, 0x00000000ec400000, 0x00000000ec400000|100%| E|CS|TAMS 0x00000000ec300000| PB 0x00000000ec300000| Complete 
| 196|0x00000000ec400000, 0x00000000ec500000, 0x00000000ec500000|100%| E|CS|TAMS 0x00000000ec400000| PB 0x00000000ec400000| Complete 
| 197|0x00000000ec500000, 0x00000000ec600000, 0x00000000ec600000|100%| E|CS|TAMS 0x00000000ec500000| PB 0x00000000ec500000| Complete 
| 198|0x00000000ec600000, 0x00000000ec700000, 0x00000000ec700000|100%| E|CS|TAMS 0x00000000ec600000| PB 0x00000000ec600000| Complete 
| 199|0x00000000ec700000, 0x00000000ec800000, 0x00000000ec800000|100%| E|CS|TAMS 0x00000000ec700000| PB 0x00000000ec700000| Complete 
| 200|0x00000000ec800000, 0x00000000ec900000, 0x00000000ec900000|100%| E|CS|TAMS 0x00000000ec800000| PB 0x00000000ec800000| Complete 
| 201|0x00000000ec900000, 0x00000000eca00000, 0x00000000eca00000|100%| E|CS|TAMS 0x00000000ec900000| PB 0x00000000ec900000| Complete 
| 202|0x00000000eca00000, 0x00000000ecb00000, 0x00000000ecb00000|100%| E|CS|TAMS 0x00000000eca00000| PB 0x00000000eca00000| Complete 
| 203|0x00000000ecb00000, 0x00000000ecc00000, 0x00000000ecc00000|100%| E|CS|TAMS 0x00000000ecb00000| PB 0x00000000ecb00000| Complete 
| 204|0x00000000ecc00000, 0x00000000ecd00000, 0x00000000ecd00000|100%| E|CS|TAMS 0x00000000ecc00000| PB 0x00000000ecc00000| Complete 
| 205|0x00000000ecd00000, 0x00000000ece00000, 0x00000000ece00000|100%| E|CS|TAMS 0x00000000ecd00000| PB 0x00000000ecd00000| Complete 
| 206|0x00000000ece00000, 0x00000000ecf00000, 0x00000000ecf00000|100%| E|CS|TAMS 0x00000000ece00000| PB 0x00000000ece00000| Complete 
| 207|0x00000000ecf00000, 0x00000000ed000000, 0x00000000ed000000|100%| E|CS|TAMS 0x00000000ecf00000| PB 0x00000000ecf00000| Complete 
| 208|0x00000000ed000000, 0x00000000ed100000, 0x00000000ed100000|100%| E|CS|TAMS 0x00000000ed000000| PB 0x00000000ed000000| Complete 
| 209|0x00000000ed100000, 0x00000000ed200000, 0x00000000ed200000|100%| E|CS|TAMS 0x00000000ed100000| PB 0x00000000ed100000| Complete 
| 210|0x00000000ed200000, 0x00000000ed300000, 0x00000000ed300000|100%| E|CS|TAMS 0x00000000ed200000| PB 0x00000000ed200000| Complete 
| 211|0x00000000ed300000, 0x00000000ed400000, 0x00000000ed400000|100%| E|CS|TAMS 0x00000000ed300000| PB 0x00000000ed300000| Complete 
| 212|0x00000000ed400000, 0x00000000ed500000, 0x00000000ed500000|100%| E|CS|TAMS 0x00000000ed400000| PB 0x00000000ed400000| Complete 
| 213|0x00000000ed500000, 0x00000000ed600000, 0x00000000ed600000|100%| E|CS|TAMS 0x00000000ed500000| PB 0x00000000ed500000| Complete 
| 214|0x00000000ed600000, 0x00000000ed700000, 0x00000000ed700000|100%| E|CS|TAMS 0x00000000ed600000| PB 0x00000000ed600000| Complete 
| 215|0x00000000ed700000, 0x00000000ed800000, 0x00000000ed800000|100%| E|CS|TAMS 0x00000000ed700000| PB 0x00000000ed700000| Complete 
| 216|0x00000000ed800000, 0x00000000ed900000, 0x00000000ed900000|100%| E|CS|TAMS 0x00000000ed800000| PB 0x00000000ed800000| Complete 
| 217|0x00000000ed900000, 0x00000000eda00000, 0x00000000eda00000|100%| E|CS|TAMS 0x00000000ed900000| PB 0x00000000ed900000| Complete 
| 218|0x00000000eda00000, 0x00000000edb00000, 0x00000000edb00000|100%| E|CS|TAMS 0x00000000eda00000| PB 0x00000000eda00000| Complete 
| 219|0x00000000edb00000, 0x00000000edc00000, 0x00000000edc00000|100%| E|CS|TAMS 0x00000000edb00000| PB 0x00000000edb00000| Complete 
| 220|0x00000000edc00000, 0x00000000edd00000, 0x00000000edd00000|100%| E|CS|TAMS 0x00000000edc00000| PB 0x00000000edc00000| Complete 
| 221|0x00000000edd00000, 0x00000000ede00000, 0x00000000ede00000|100%| E|CS|TAMS 0x00000000edd00000| PB 0x00000000edd00000| Complete 
| 222|0x00000000ede00000, 0x00000000edf00000, 0x00000000edf00000|100%| E|CS|TAMS 0x00000000ede00000| PB 0x00000000ede00000| Complete 
| 223|0x00000000edf00000, 0x00000000ee000000, 0x00000000ee000000|100%| E|CS|TAMS 0x00000000edf00000| PB 0x00000000edf00000| Complete 
| 224|0x00000000ee000000, 0x00000000ee100000, 0x00000000ee100000|100%| E|CS|TAMS 0x00000000ee000000| PB 0x00000000ee000000| Complete 
| 225|0x00000000ee100000, 0x00000000ee200000, 0x00000000ee200000|100%| E|CS|TAMS 0x00000000ee100000| PB 0x00000000ee100000| Complete 
| 226|0x00000000ee200000, 0x00000000ee300000, 0x00000000ee300000|100%| E|CS|TAMS 0x00000000ee200000| PB 0x00000000ee200000| Complete 
| 227|0x00000000ee300000, 0x00000000ee400000, 0x00000000ee400000|100%| E|CS|TAMS 0x00000000ee300000| PB 0x00000000ee300000| Complete 
| 228|0x00000000ee400000, 0x00000000ee500000, 0x00000000ee500000|100%| E|CS|TAMS 0x00000000ee400000| PB 0x00000000ee400000| Complete 
| 229|0x00000000ee500000, 0x00000000ee600000, 0x00000000ee600000|100%| E|CS|TAMS 0x00000000ee500000| PB 0x00000000ee500000| Complete 
| 230|0x00000000ee600000, 0x00000000ee700000, 0x00000000ee700000|100%| E|CS|TAMS 0x00000000ee600000| PB 0x00000000ee600000| Complete 
| 231|0x00000000ee700000, 0x00000000ee800000, 0x00000000ee800000|100%| E|CS|TAMS 0x00000000ee700000| PB 0x00000000ee700000| Complete 
| 232|0x00000000ee800000, 0x00000000ee900000, 0x00000000ee900000|100%| E|CS|TAMS 0x00000000ee800000| PB 0x00000000ee800000| Complete 
| 233|0x00000000ee900000, 0x00000000eea00000, 0x00000000eea00000|100%| E|CS|TAMS 0x00000000ee900000| PB 0x00000000ee900000| Complete 
| 234|0x00000000eea00000, 0x00000000eeb00000, 0x00000000eeb00000|100%| E|CS|TAMS 0x00000000eea00000| PB 0x00000000eea00000| Complete 
| 235|0x00000000eeb00000, 0x00000000eec00000, 0x00000000eec00000|100%| E|CS|TAMS 0x00000000eeb00000| PB 0x00000000eeb00000| Complete 
| 236|0x00000000eec00000, 0x00000000eed00000, 0x00000000eed00000|100%| E|CS|TAMS 0x00000000eec00000| PB 0x00000000eec00000| Complete 
| 237|0x00000000eed00000, 0x00000000eee00000, 0x00000000eee00000|100%| E|CS|TAMS 0x00000000eed00000| PB 0x00000000eed00000| Complete 
| 238|0x00000000eee00000, 0x00000000eef00000, 0x00000000eef00000|100%| E|CS|TAMS 0x00000000eee00000| PB 0x00000000eee00000| Complete 
| 239|0x00000000eef00000, 0x00000000ef000000, 0x00000000ef000000|100%| E|CS|TAMS 0x00000000eef00000| PB 0x00000000eef00000| Complete 
| 240|0x00000000ef000000, 0x00000000ef100000, 0x00000000ef100000|100%| E|CS|TAMS 0x00000000ef000000| PB 0x00000000ef000000| Complete 
| 241|0x00000000ef100000, 0x00000000ef200000, 0x00000000ef200000|100%| E|CS|TAMS 0x00000000ef100000| PB 0x00000000ef100000| Complete 
| 242|0x00000000ef200000, 0x00000000ef300000, 0x00000000ef300000|100%| E|CS|TAMS 0x00000000ef200000| PB 0x00000000ef200000| Complete 
| 243|0x00000000ef300000, 0x00000000ef400000, 0x00000000ef400000|100%| E|CS|TAMS 0x00000000ef300000| PB 0x00000000ef300000| Complete 
| 244|0x00000000ef400000, 0x00000000ef500000, 0x00000000ef500000|100%| E|CS|TAMS 0x00000000ef400000| PB 0x00000000ef400000| Complete 
| 245|0x00000000ef500000, 0x00000000ef600000, 0x00000000ef600000|100%| E|CS|TAMS 0x00000000ef500000| PB 0x00000000ef500000| Complete 
| 246|0x00000000ef600000, 0x00000000ef700000, 0x00000000ef700000|100%| E|CS|TAMS 0x00000000ef600000| PB 0x00000000ef600000| Complete 
| 247|0x00000000ef700000, 0x00000000ef800000, 0x00000000ef800000|100%| E|CS|TAMS 0x00000000ef700000| PB 0x00000000ef700000| Complete 
| 248|0x00000000ef800000, 0x00000000ef84e8c0, 0x00000000ef900000| 30%| S|CS|TAMS 0x00000000ef800000| PB 0x00000000ef800000| Complete 
| 249|0x00000000ef900000, 0x00000000efa00000, 0x00000000efa00000|100%| E|CS|TAMS 0x00000000ef900000| PB 0x00000000ef900000| Complete 
| 250|0x00000000efa00000, 0x00000000efb00000, 0x00000000efb00000|100%| E|CS|TAMS 0x00000000efa00000| PB 0x00000000efa00000| Complete 
| 251|0x00000000efb00000, 0x00000000efc00000, 0x00000000efc00000|100%| E|CS|TAMS 0x00000000efb00000| PB 0x00000000efb00000| Complete 
| 252|0x00000000efc00000, 0x00000000efd00000, 0x00000000efd00000|100%| S|CS|TAMS 0x00000000efc00000| PB 0x00000000efc00000| Complete 
| 253|0x00000000efd00000, 0x00000000efe00000, 0x00000000efe00000|100%| E|CS|TAMS 0x00000000efd00000| PB 0x00000000efd00000| Complete 
| 254|0x00000000efe00000, 0x00000000eff00000, 0x00000000eff00000|100%| E|CS|TAMS 0x00000000efe00000| PB 0x00000000efe00000| Complete 
| 255|0x00000000eff00000, 0x00000000f0000000, 0x00000000f0000000|100%| E|CS|TAMS 0x00000000eff00000| PB 0x00000000eff00000| Complete 

Card table byte_map: [0x0000020416a60000,0x0000020416b60000] _byte_map_base: 0x0000020416360000

Marking Bits: (CMBitMap*) 0x000002040435ea80
 Bits: [0x0000020416b60000, 0x0000020417360000)

Polling page: 0x0000020401e20000

Metaspace:

Usage:
  Non-class:     34.63 MB used.
      Class:      6.11 MB used.
       Both:     40.75 MB used.

Virtual space:
  Non-class space:       64.00 MB reserved,      35.56 MB ( 56%) committed,  1 nodes.
      Class space:      320.00 MB reserved,       6.94 MB (  2%) committed,  1 nodes.
             Both:      384.00 MB reserved,      42.50 MB ( 11%) committed. 

Chunk freelists:
   Non-Class:  11.98 MB
       Class:  9.00 MB
        Both:  20.98 MB

MaxMetaspaceSize: 384.00 MB
CompressedClassSpaceSize: 320.00 MB
Initial GC threshold: 21.00 MB
Current GC threshold: 60.62 MB
CDS: on
 - commit_granule_bytes: 65536.
 - commit_granule_words: 8192.
 - virtual_space_node_default_size: 8388608.
 - enlarge_chunks_in_place: 1.
 - use_allocation_guard: 0.


Internal statistics:

num_allocs_failed_limit: 12.
num_arena_births: 3090.
num_arena_deaths: 0.
num_vsnodes_births: 2.
num_vsnodes_deaths: 0.
num_space_committed: 680.
num_space_uncommitted: 0.
num_chunks_returned_to_freelist: 12.
num_chunks_taken_from_freelist: 5161.
num_chunk_merges: 12.
num_chunk_splits: 3343.
num_chunks_enlarged: 1973.
num_inconsistent_stats: 0.

CodeHeap 'non-profiled nmethods': size=120000Kb used=2879Kb max_used=2879Kb free=117120Kb
 bounds [0x000002040eff0000, 0x000002040f2c0000, 0x0000020416520000]
CodeHeap 'profiled nmethods': size=120000Kb used=9681Kb max_used=9681Kb free=110318Kb
 bounds [0x0000020407520000, 0x0000020407ea0000, 0x000002040ea50000]
CodeHeap 'non-nmethods': size=5760Kb used=1843Kb max_used=1862Kb free=3916Kb
 bounds [0x000002040ea50000, 0x000002040ecc0000, 0x000002040eff0000]
CodeCache: size=245760Kb, used=14403Kb, max_used=14422Kb, free=231354Kb
 total_blobs=5747, nmethods=5032, adapters=618, full_count=0
Compilation: enabled, stopped_count=0, restarted_count=0

Compilation events (20 events):
Event: 285.369 Thread 0x000002041a03e900 5467   !   3       jdk.proxy1.$Proxy31::annotationType (29 bytes)
Event: 285.369 Thread 0x000002041a03e900 nmethod 5467 0x0000020407e8d790 code [0x0000020407e8d960, 0x0000020407e8dd60]
Event: 285.370 Thread 0x000002041a03e900 5468       3       org.gradle.internal.instantiation.generator.AbstractClassGenerator$DslMixInPropertyType::claimPropertyImplementation (21 bytes)
Event: 285.370 Thread 0x000002041a03e900 nmethod 5468 0x0000020407e8df10 code [0x0000020407e8e0c0, 0x0000020407e8e2a8]
Event: 285.370 Thread 0x000002041a03e900 5472       3       org.gradle.internal.instantiation.generator.AbstractClassGenerator$AbstractInjectedPropertyHandler::claimPropertyImplementation (61 bytes)
Event: 285.371 Thread 0x000002041a03e900 nmethod 5472 0x0000020407e8e390 code [0x0000020407e8e640, 0x0000020407e8f348]
Event: 285.371 Thread 0x000002041a03e900 5471       3       org.gradle.internal.instantiation.generator.AbstractClassGenerator$ManagedPropertiesHandler::claimPropertyImplementation (141 bytes)
Event: 285.373 Thread 0x000002041a03e900 nmethod 5471 0x0000020407e8f790 code [0x0000020407e8fac0, 0x0000020407e90dd0]
Event: 285.373 Thread 0x000002041a03e900 5473       3       org.gradle.internal.instantiation.generator.AbstractClassGenerator::isPropertyType (36 bytes)
Event: 285.374 Thread 0x000002041a03e900 nmethod 5473 0x0000020407e91290 code [0x0000020407e91460, 0x0000020407e916a8]
Event: 285.374 Thread 0x000002041a03e900 5469       3       org.gradle.internal.instantiation.generator.AbstractClassGenerator$ServicesPropertyHandler::claimPropertyImplementation (40 bytes)
Event: 285.374 Thread 0x000002041a03e900 nmethod 5469 0x0000020407e91790 code [0x0000020407e919e0, 0x0000020407e92270]
Event: 285.374 Thread 0x000002041a03e900 5470       3       org.gradle.internal.instantiation.generator.AbstractClassGenerator$NamePropertyHandler::claimPropertyImplementation (16 bytes)
Event: 285.375 Thread 0x000002041a03e900 nmethod 5470 0x0000020407e92590 code [0x0000020407e92760, 0x0000020407e929c8]
Event: 285.384 Thread 0x000002041a03e900 5474       3       org.gradle.internal.instantiation.generator.AsmBackedClassGenerator$ClassBuilderImpl::applyConventionMappingToGetter (64 bytes)
Event: 285.386 Thread 0x000002041a03e900 nmethod 5474 0x0000020407e92a90 code [0x0000020407e92d00, 0x0000020407e939a0]
Event: 285.440 Thread 0x000002041a03e900 5481       3       java.lang.invoke.MethodType::invokerType (9 bytes)
Event: 285.440 Thread 0x000002041a03e900 nmethod 5481 0x0000020407e93d90 code [0x0000020407e93f40, 0x0000020407e94090]
Event: 285.475 Thread 0x000002041a03e900 5488       3       com.google.common.collect.RegularImmutableSet::size (6 bytes)
Event: 285.476 Thread 0x000002041a03e900 nmethod 5488 0x0000020407e94110 code [0x0000020407e942a0, 0x0000020407e943b8]

GC Heap History (14 events):
Event: 3.117 GC heap before
{Heap before GC invocations=0 (full 0):
 garbage-first heap   total 262144K, used 26624K [0x00000000e0000000, 0x0000000100000000)
  region size 1024K, 23 young (23552K), 0 survivors (0K)
 Metaspace       used 2886K, committed 3008K, reserved 393216K
  class space    used 339K, committed 384K, reserved 327680K
}
Event: 3.369 GC heap after
{Heap after GC invocations=1 (full 0):
 garbage-first heap   total 262144K, used 11383K [0x00000000e0000000, 0x0000000100000000)
  region size 1024K, 3 young (3072K), 3 survivors (3072K)
 Metaspace       used 2886K, committed 3008K, reserved 393216K
  class space    used 339K, committed 384K, reserved 327680K
}
Event: 6.023 GC heap before
{Heap before GC invocations=1 (full 0):
 garbage-first heap   total 262144K, used 39031K [0x00000000e0000000, 0x0000000100000000)
  region size 1024K, 30 young (30720K), 3 survivors (3072K)
 Metaspace       used 4638K, committed 4864K, reserved 393216K
  class space    used 595K, committed 704K, reserved 327680K
}
Event: 6.033 GC heap after
{Heap after GC invocations=2 (full 0):
 garbage-first heap   total 262144K, used 14657K [0x00000000e0000000, 0x0000000100000000)
  region size 1024K, 3 young (3072K), 3 survivors (3072K)
 Metaspace       used 4638K, committed 4864K, reserved 393216K
  class space    used 595K, committed 704K, reserved 327680K
}
Event: 16.632 GC heap before
{Heap before GC invocations=2 (full 0):
 garbage-first heap   total 262144K, used 88385K [0x00000000e0000000, 0x0000000100000000)
  region size 1024K, 75 young (76800K), 3 survivors (3072K)
 Metaspace       used 15406K, committed 15936K, reserved 393216K
  class space    used 2140K, committed 2368K, reserved 327680K
}
Event: 17.251 GC heap after
{Heap after GC invocations=3 (full 0):
 garbage-first heap   total 262144K, used 22148K [0x00000000e0000000, 0x0000000100000000)
  region size 1024K, 10 young (10240K), 10 survivors (10240K)
 Metaspace       used 15406K, committed 15936K, reserved 393216K
  class space    used 2140K, committed 2368K, reserved 327680K
}
Event: 29.252 GC heap before
{Heap before GC invocations=3 (full 0):
 garbage-first heap   total 262144K, used 61060K [0x00000000e0000000, 0x0000000100000000)
  region size 1024K, 49 young (50176K), 10 survivors (10240K)
 Metaspace       used 20842K, committed 21504K, reserved 393216K
  class space    used 2987K, committed 3328K, reserved 327680K
}
Event: 29.262 GC heap after
{Heap after GC invocations=4 (full 0):
 garbage-first heap   total 262144K, used 24826K [0x00000000e0000000, 0x0000000100000000)
  region size 1024K, 11 young (11264K), 11 survivors (11264K)
 Metaspace       used 20842K, committed 21504K, reserved 393216K
  class space    used 2987K, committed 3328K, reserved 327680K
}
Event: 168.898 GC heap before
{Heap before GC invocations=5 (full 0):
 garbage-first heap   total 262144K, used 143610K [0x00000000e0000000, 0x0000000100000000)
  region size 1024K, 129 young (132096K), 11 survivors (11264K)
 Metaspace       used 34981K, committed 36416K, reserved 393216K
  class space    used 5157K, committed 5888K, reserved 327680K
}
Event: 169.231 GC heap after
{Heap after GC invocations=6 (full 0):
 garbage-first heap   total 262144K, used 31166K [0x00000000e0000000, 0x0000000100000000)
  region size 1024K, 17 young (17408K), 17 survivors (17408K)
 Metaspace       used 34981K, committed 36416K, reserved 393216K
  class space    used 5157K, committed 5888K, reserved 327680K
}
Event: 169.827 GC heap before
{Heap before GC invocations=6 (full 0):
 garbage-first heap   total 262144K, used 34238K [0x00000000e0000000, 0x0000000100000000)
  region size 1024K, 21 young (21504K), 17 survivors (17408K)
 Metaspace       used 35368K, committed 36736K, reserved 393216K
  class space    used 5209K, committed 5888K, reserved 327680K
}
Event: 169.847 GC heap after
{Heap after GC invocations=7 (full 0):
 garbage-first heap   total 262144K, used 32859K [0x00000000e0000000, 0x0000000100000000)
  region size 1024K, 3 young (3072K), 3 survivors (3072K)
 Metaspace       used 35368K, committed 36736K, reserved 393216K
  class space    used 5209K, committed 5888K, reserved 327680K
}
Event: 170.166 GC heap before
{Heap before GC invocations=7 (full 0):
 garbage-first heap   total 262144K, used 34907K [0x00000000e0000000, 0x0000000100000000)
  region size 1024K, 6 young (6144K), 3 survivors (3072K)
 Metaspace       used 35694K, committed 37056K, reserved 393216K
  class space    used 5244K, committed 5888K, reserved 327680K
}
Event: 170.169 GC heap after
{Heap after GC invocations=8 (full 0):
 garbage-first heap   total 262144K, used 31629K [0x00000000e0000000, 0x0000000100000000)
  region size 1024K, 2 young (2048K), 2 survivors (2048K)
 Metaspace       used 35694K, committed 37056K, reserved 393216K
  class space    used 5244K, committed 5888K, reserved 327680K
}

Dll operation events (20 events):
Event: 0.642 Attempting to load shared library C:\Users\leyot\.vscode\extensions\redhat.java-1.56.0-win32-x64\jre\21.0.12.1-win32-x86_64\bin\nio.dll
Event: 0.644 Loaded shared library C:\Users\leyot\.vscode\extensions\redhat.java-1.56.0-win32-x64\jre\21.0.12.1-win32-x86_64\bin\nio.dll
Event: 0.654 Attempting to load shared library C:\Users\leyot\.vscode\extensions\redhat.java-1.56.0-win32-x64\jre\21.0.12.1-win32-x86_64\bin\zip.dll
Event: 0.654 Loaded shared library C:\Users\leyot\.vscode\extensions\redhat.java-1.56.0-win32-x64\jre\21.0.12.1-win32-x86_64\bin\zip.dll
Event: 1.526 Attempting to load shared library C:\Users\leyot\.vscode\extensions\redhat.java-1.56.0-win32-x64\jre\21.0.12.1-win32-x86_64\bin\jimage.dll
Event: 1.526 Loaded shared library C:\Users\leyot\.vscode\extensions\redhat.java-1.56.0-win32-x64\jre\21.0.12.1-win32-x86_64\bin\jimage.dll
Event: 2.584 Attempting to load shared library C:\Users\leyot\.vscode\extensions\redhat.java-1.56.0-win32-x64\jre\21.0.12.1-win32-x86_64\bin\verify.dll
Event: 2.585 Loaded shared library C:\Users\leyot\.vscode\extensions\redhat.java-1.56.0-win32-x64\jre\21.0.12.1-win32-x86_64\bin\verify.dll
Event: 2.821 Attempting to load shared library C:\Users\leyot\.gradle\native\660c5614fbf4a5f2a75b1949f50a0caf5cd603558e7d8a26e50b933a0cfb79d1\windows-amd64\native-platform.dll
Event: 2.825 Loaded shared library C:\Users\leyot\.gradle\native\660c5614fbf4a5f2a75b1949f50a0caf5cd603558e7d8a26e50b933a0cfb79d1\windows-amd64\native-platform.dll
Event: 2.859 Attempting to load shared library C:\Users\leyot\.gradle\native\0.2.8\x86_64-windows-gnu\gradle-fileevents.dll
Event: 2.860 Loaded shared library C:\Users\leyot\.gradle\native\0.2.8\x86_64-windows-gnu\gradle-fileevents.dll
Event: 8.466 Attempting to load shared library C:\Users\leyot\.vscode\extensions\redhat.java-1.56.0-win32-x64\jre\21.0.12.1-win32-x86_64\bin\management.dll
Event: 8.467 Loaded shared library C:\Users\leyot\.vscode\extensions\redhat.java-1.56.0-win32-x64\jre\21.0.12.1-win32-x86_64\bin\management.dll
Event: 8.479 Attempting to load shared library C:\Users\leyot\.vscode\extensions\redhat.java-1.56.0-win32-x64\jre\21.0.12.1-win32-x86_64\bin\management_ext.dll
Event: 8.483 Loaded shared library C:\Users\leyot\.vscode\extensions\redhat.java-1.56.0-win32-x64\jre\21.0.12.1-win32-x86_64\bin\management_ext.dll
Event: 9.802 Attempting to load shared library C:\Users\leyot\.vscode\extensions\redhat.java-1.56.0-win32-x64\jre\21.0.12.1-win32-x86_64\bin\extnet.dll
Event: 9.803 Loaded shared library C:\Users\leyot\.vscode\extensions\redhat.java-1.56.0-win32-x64\jre\21.0.12.1-win32-x86_64\bin\extnet.dll
Event: 12.393 Attempting to load shared library C:\Users\leyot\.vscode\extensions\redhat.java-1.56.0-win32-x64\jre\21.0.12.1-win32-x86_64\bin\sunmscapi.dll
Event: 12.399 Loaded shared library C:\Users\leyot\.vscode\extensions\redhat.java-1.56.0-win32-x64\jre\21.0.12.1-win32-x86_64\bin\sunmscapi.dll

Deoptimization events (20 events):
Event: 284.391 Thread 0x000002041a13f590 Uncommon trap: trap_request=0xffffffc6 fr.pc=0x000002040f1bd45c relative=0x00000000000002fc
Event: 284.391 Thread 0x000002041a13f590 Uncommon trap: reason=bimorphic_or_optimized_type_check action=maybe_recompile pc=0x000002040f1bd45c method=com.google.common.base.CharMatcher.indexIn(Ljava/lang/CharSequence;I)I @ 31 c2
Event: 284.391 Thread 0x000002041a13f590 DEOPT PACKING pc=0x000002040f1bd45c sp=0x00000008bb3f6e00
Event: 284.391 Thread 0x000002041a13f590 DEOPT UNPACKING pc=0x000002040eaa4422 sp=0x00000008bb3f6da8 mode 2
Event: 284.427 Thread 0x000002041a13f590 Uncommon trap: trap_request=0xffffff45 fr.pc=0x000002040f0d5edc relative=0x000000000000039c
Event: 284.427 Thread 0x000002041a13f590 Uncommon trap: reason=unstable_if action=reinterpret pc=0x000002040f0d5edc method=sun.invoke.util.VerifyType.isNullConversion(Ljava/lang/Class;Ljava/lang/Class;Z)Z @ 15 c2
Event: 284.427 Thread 0x000002041a13f590 DEOPT PACKING pc=0x000002040f0d5edc sp=0x00000008bb3f77a0
Event: 284.428 Thread 0x000002041a13f590 DEOPT UNPACKING pc=0x000002040eaa4422 sp=0x00000008bb3f7748 mode 2
Event: 284.432 Thread 0x000002041a13f590 Uncommon trap: trap_request=0xffffffc6 fr.pc=0x000002040f1bd45c relative=0x00000000000002fc
Event: 284.432 Thread 0x000002041a13f590 Uncommon trap: reason=bimorphic_or_optimized_type_check action=maybe_recompile pc=0x000002040f1bd45c method=com.google.common.base.CharMatcher.indexIn(Ljava/lang/CharSequence;I)I @ 31 c2
Event: 284.432 Thread 0x000002041a13f590 DEOPT PACKING pc=0x000002040f1bd45c sp=0x00000008bb3f6e00
Event: 284.432 Thread 0x000002041a13f590 DEOPT UNPACKING pc=0x000002040eaa4422 sp=0x00000008bb3f6da8 mode 2
Event: 284.435 Thread 0x000002041a13f590 Uncommon trap: trap_request=0xffffffc6 fr.pc=0x000002040f1bd45c relative=0x00000000000002fc
Event: 284.435 Thread 0x000002041a13f590 Uncommon trap: reason=bimorphic_or_optimized_type_check action=maybe_recompile pc=0x000002040f1bd45c method=com.google.common.base.CharMatcher.indexIn(Ljava/lang/CharSequence;I)I @ 31 c2
Event: 284.435 Thread 0x000002041a13f590 DEOPT PACKING pc=0x000002040f1bd45c sp=0x00000008bb3f6e00
Event: 284.435 Thread 0x000002041a13f590 DEOPT UNPACKING pc=0x000002040eaa4422 sp=0x00000008bb3f6da8 mode 2
Event: 284.823 Thread 0x000002041a13f590 Uncommon trap: trap_request=0xffffff45 fr.pc=0x000002040f2b27dc relative=0x000000000000035c
Event: 284.823 Thread 0x000002041a13f590 Uncommon trap: reason=unstable_if action=reinterpret pc=0x000002040f2b27dc method=org.gradle.internal.reflect.PropertyAccessorType.of(Ljava/lang/reflect/Method;)Lorg/gradle/internal/reflect/PropertyAccessorType; @ 56 c2
Event: 284.823 Thread 0x000002041a13f590 DEOPT PACKING pc=0x000002040f2b27dc sp=0x00000008bb3f8370
Event: 284.823 Thread 0x000002041a13f590 DEOPT UNPACKING pc=0x000002040eaa4422 sp=0x00000008bb3f8330 mode 2

Classes loaded (20 events):
Event: 253.027 Loading class sun/reflect/generics/tree/BooleanSignature
Event: 253.027 Loading class sun/reflect/generics/tree/BooleanSignature done
Event: 253.075 Loading class org/xml/sax/SAXParseException
Event: 253.080 Loading class org/xml/sax/SAXParseException done
Event: 253.091 Loading class org/xml/sax/Locator
Event: 253.091 Loading class org/xml/sax/Locator done
Event: 253.093 Loading class org/xml/sax/Attributes
Event: 253.093 Loading class org/xml/sax/Attributes done
Event: 253.696 Loading class java/util/DualPivotQuicksort
Event: 253.699 Loading class java/util/DualPivotQuicksort done
Event: 253.931 Loading class java/util/function/LongUnaryOperator
Event: 253.931 Loading class java/util/function/LongUnaryOperator done
Event: 254.074 Loading class java/util/TreeMap$KeySpliterator
Event: 254.074 Loading class java/util/TreeMap$TreeMapSpliterator
Event: 254.074 Loading class java/util/TreeMap$TreeMapSpliterator done
Event: 254.074 Loading class java/util/TreeMap$KeySpliterator done
Event: 254.105 Loading class java/util/PrimitiveIterator$OfInt
Event: 254.105 Loading class java/util/PrimitiveIterator$OfInt done
Event: 284.154 Loading class java/lang/invoke/BoundMethodHandle$Species_LLLLILLLLLL
Event: 284.154 Loading class java/lang/invoke/BoundMethodHandle$Species_LLLLILLLLLL done

Classes unloaded (0 events):
No events

Classes redefined (0 events):
No events

Internal exceptions (20 events):
Event: 284.083 Thread 0x000002041a13f590 Exception <a 'java/lang/NoSuchMethodError'{0x00000000ec691668}: 'java.lang.Object java.lang.invoke.DelegatingMethodHandle$Holder.reinvoke_L(java.lang.Object, java.lang.Object, java.lang.Object, java.lang.Object, java.lang.Object, java.lang.Object, java.lang.Object, java.lang.Object, java.lang.Object, java.lang.Object, java.lang.Object, java.lang.Object, java.lang.Object, java.lang.Object, java.lang.Object, java.lang.Object, java.lang.Object)'> (0x00000000ec691668) 
thrown [s\src\hotspot\share\interpreter\l
Event: 284.170 Thread 0x000002041a13f590 Exception <a 'java/lang/NoSuchMethodError'{0x00000000ec52cfc0}: 'java.lang.Object java.lang.invoke.Invokers$Holder.linkToCallSite(java.lang.Object, int, java.lang.Object, java.lang.Object)'> (0x00000000ec52cfc0) 
thrown [s\src\hotspot\share\interpreter\linkResolver.cpp, line 773]
Event: 284.210 Thread 0x000002041a13f590 Exception <a 'java/lang/NoSuchMethodError'{0x00000000ec535418}: 'void java.lang.invoke.DirectMethodHandle$Holder.invokeVirtual(java.lang.Object, java.lang.Object, int, java.lang.Object)'> (0x00000000ec535418) 
thrown [s\src\hotspot\share\interpreter\linkResolver.cpp, line 773]
Event: 284.210 Thread 0x000002041a13f590 Exception <a 'java/lang/NoSuchMethodError'{0x00000000ec5396c0}: 'void java.lang.invoke.DelegatingMethodHandle$Holder.reinvoke_L(java.lang.Object, java.lang.Object, int, java.lang.Object)'> (0x00000000ec5396c0) 
thrown [s\src\hotspot\share\interpreter\linkResolver.cpp, line 773]
Event: 284.220 Thread 0x000002041a13f590 Exception <a 'java/lang/NoSuchMethodError'{0x00000000ec544080}: 'java.lang.Object java.lang.invoke.DirectMethodHandle$Holder.invokeSpecial(java.lang.Object, java.lang.Object, java.lang.Object, java.lang.Object, int, java.lang.Object)'> (0x00000000ec544080) 
thrown [s\src\hotspot\share\interpreter\linkResolver.cpp, line 773]
Event: 284.301 Thread 0x000002041a13f590 Exception <a 'java/lang/NoSuchMethodError'{0x00000000ec59a6d0}: 'java.lang.Object java.lang.invoke.DirectMethodHandle$Holder.invokeSpecial(java.lang.Object, java.lang.Object, java.lang.Object, java.lang.Object, int)'> (0x00000000ec59a6d0) 
thrown [s\src\hotspot\share\interpreter\linkResolver.cpp, line 773]
Event: 284.301 Thread 0x000002041a13f590 Exception <a 'java/lang/NoSuchMethodError'{0x00000000ec59e860}: 'java.lang.Object java.lang.invoke.Invokers$Holder.linkToCallSite(java.lang.Object, java.lang.Object, int, java.lang.Object)'> (0x00000000ec59e860) 
thrown [s\src\hotspot\share\interpreter\linkResolver.cpp, line 773]
Event: 284.312 Thread 0x000002041a13f590 Exception <a 'java/lang/NoSuchMethodError'{0x00000000ec5b1488}: 'java.lang.Object java.lang.invoke.DirectMethodHandle$Holder.invokeSpecial(java.lang.Object, java.lang.Object, java.lang.Object, java.lang.Object, java.lang.Object, int)'> (0x00000000ec5b1488) 
thrown [s\src\hotspot\share\interpreter\linkResolver.cpp, line 773]
Event: 284.318 Thread 0x000002041a13f590 Exception <a 'java/lang/NoSuchMethodError'{0x00000000ec5b5ee8}: 'java.lang.Object java.lang.invoke.DelegatingMethodHandle$Holder.delegate(java.lang.Object, java.lang.Object, java.lang.Object, java.lang.Object, int)'> (0x00000000ec5b5ee8) 
thrown [s\src\hotspot\share\interpreter\linkResolver.cpp, line 773]
Event: 284.355 Thread 0x000002041a13f590 Exception <a 'java/lang/ClassNotFoundException'{0x00000000ec407f28}: org/gradle/plugin/use/internal/PluginRequestCollector$PluginDependenciesSpecImplBeanInfo> (0x00000000ec407f28) 
thrown [s\src\hotspot\share\classfile\systemDictionary.cpp, line 313]
Event: 284.363 Thread 0x000002041a13f590 Exception <a 'java/lang/ClassNotFoundException'{0x00000000ec419de8}: org/gradle/plugin/use/internal/PluginRequestCollector$PluginDependenciesSpecImplCustomizer> (0x00000000ec419de8) 
thrown [s\src\hotspot\share\classfile\systemDictionary.cpp, line 313]
Event: 284.378 Thread 0x000002041a13f590 Exception <a 'java/lang/NoSuchMethodError'{0x00000000ec428380}: 'java.lang.Object java.lang.invoke.DirectMethodHandle$Holder.invokeVirtual(java.lang.Object, java.lang.Object, java.lang.Object, int)'> (0x00000000ec428380) 
thrown [s\src\hotspot\share\interpreter\linkResolver.cpp, line 773]
Event: 284.416 Thread 0x000002041a13f590 Exception <a 'java/lang/ClassNotFoundException'{0x00000000ec473260}: org/gradle/plugin/use/internal/PluginRequestCollector$PluginDependencySpecImplBeanInfo> (0x00000000ec473260) 
thrown [s\src\hotspot\share\classfile\systemDictionary.cpp, line 313]
Event: 284.423 Thread 0x000002041a13f590 Exception <a 'java/lang/ClassNotFoundException'{0x00000000ec485338}: org/gradle/plugin/use/internal/PluginRequestCollector$PluginDependencySpecImplCustomizer> (0x00000000ec485338) 
thrown [s\src\hotspot\share\classfile\systemDictionary.cpp, line 313]
Event: 284.480 Thread 0x000002041a13f590 Exception <a 'java/lang/NoSuchMethodError'{0x00000000ec4bea38}: 'void java.lang.invoke.DirectMethodHandle$Holder.invokeStatic(java.lang.Object, java.lang.Object, java.lang.Object, java.lang.Object, java.lang.Object, java.lang.Object)'> (0x00000000ec4bea38) 
thrown [s\src\hotspot\share\interpreter\linkResolver.cpp, line 773]
Event: 284.920 Thread 0x000002041a13f590 Exception <a 'java/lang/NoSuchMethodError'{0x00000000ec1dfd98}: 'java.lang.Object java.lang.invoke.DirectMethodHandle$Holder.newInvokeSpecial(java.lang.Object, java.lang.Object, java.lang.Object, java.lang.Object, int)'> (0x00000000ec1dfd98) 
thrown [s\src\hotspot\share\interpreter\linkResolver.cpp, line 773]
Event: 284.921 Thread 0x000002041a13f590 Exception <a 'java/lang/NoSuchMethodError'{0x00000000ec1e47c8}: 'java.lang.Object java.lang.invoke.Invokers$Holder.linkToTargetMethod(java.lang.Object, java.lang.Object, java.lang.Object, int, java.lang.Object)'> (0x00000000ec1e47c8) 
thrown [s\src\hotspot\share\interpreter\linkResolver.cpp, line 773]
Event: 284.939 Thread 0x000002041a13f590 Exception <a 'java/lang/NoSuchMethodError'{0x00000000ec010a10}: 'java.lang.Object java.lang.invoke.DirectMethodHandle$Holder.newInvokeSpecial(java.lang.Object, java.lang.Object, java.lang.Object, java.lang.Object, java.lang.Object, java.lang.Object, java.lang.Object, java.lang.Object, java.lang.Object, java.lang.Object, java.lang.Object, java.lang.Object, java.lang.Object, java.lang.Object, java.lang.Object, java.lang.Object, java.lang.Object, java.lang.Object, java.lang.Object)'> (0x00000000ec010a10) 
thr
Event: 284.940 Thread 0x000002041a13f590 Exception <a 'java/lang/NoSuchMethodError'{0x00000000ec017690}: 'java.lang.Object java.lang.invoke.DirectMethodHandle$Holder.invokeSpecial(java.lang.Object, java.lang.Object, java.lang.Object, java.lang.Object, java.lang.Object, java.lang.Object, java.lang.Object, java.lang.Object, java.lang.Object, java.lang.Object, java.lang.Object, java.lang.Object, java.lang.Object, java.lang.Object, java.lang.Object, java.lang.Object, java.lang.Object, java.lang.Object, java.lang.Object, java.lang.Object)'> (0x0000000
Event: 284.940 Thread 0x000002041a13f590 Exception <a 'java/lang/NoSuchMethodError'{0x00000000ec01cee0}: 'java.lang.Object java.lang.invoke.DelegatingMethodHandle$Holder.reinvoke_L(java.lang.Object, java.lang.Object, java.lang.Object, java.lang.Object, java.lang.Object, java.lang.Object, java.lang.Object, java.lang.Object, java.lang.Object, java.lang.Object, java.lang.Object, java.lang.Object, java.lang.Object, java.lang.Object, java.lang.Object, java.lang.Object, java.lang.Object, java.lang.Object, java.lang.Object)'> (0x00000000ec01cee0) 
throw

ZGC Phase Switch (0 events):
No events

VM Operations (20 events):
Event: 252.132 Executing safepoint VM operation: Cleanup
Event: 252.134 Executing safepoint VM operation: Cleanup done
Event: 253.137 Executing safepoint VM operation: Cleanup
Event: 253.198 Executing safepoint VM operation: Cleanup done
Event: 253.994 Executing non-safepoint VM operation: HandshakeAllThreads (Deoptimize)
Event: 253.995 Executing non-safepoint VM operation: HandshakeAllThreads (Deoptimize) done
Event: 254.996 Executing safepoint VM operation: Cleanup
Event: 254.997 Executing safepoint VM operation: Cleanup done
Event: 256.000 Executing safepoint VM operation: Cleanup
Event: 256.000 Executing safepoint VM operation: Cleanup done
Event: 261.053 Executing safepoint VM operation: Cleanup
Event: 261.053 Executing safepoint VM operation: Cleanup done
Event: 265.078 Executing safepoint VM operation: Cleanup
Event: 265.078 Executing safepoint VM operation: Cleanup done
Event: 283.191 Executing safepoint VM operation: Cleanup
Event: 283.192 Executing safepoint VM operation: Cleanup done
Event: 284.194 Executing safepoint VM operation: Cleanup
Event: 284.208 Executing safepoint VM operation: Cleanup done
Event: 285.210 Executing safepoint VM operation: Cleanup
Event: 285.225 Executing safepoint VM operation: Cleanup done

Memory protections (0 events):
No events

Nmethod flushes (20 events):
Event: 170.228 Thread 0x000002041a00f700 flushing  nmethod 0x000002040765e990
Event: 170.228 Thread 0x000002041a00f700 flushing  nmethod 0x00000204076a7990
Event: 170.228 Thread 0x000002041a00f700 flushing  nmethod 0x00000204076acb10
Event: 170.228 Thread 0x000002041a00f700 flushing  nmethod 0x00000204076b3a10
Event: 170.228 Thread 0x000002041a00f700 flushing  nmethod 0x0000020407898910
Event: 170.228 Thread 0x000002041a00f700 flushing  nmethod 0x000002040789a190
Event: 170.228 Thread 0x000002041a00f700 flushing  nmethod 0x000002040789ce90
Event: 170.228 Thread 0x000002041a00f700 flushing  nmethod 0x000002040789da90
Event: 170.228 Thread 0x000002041a00f700 flushing  nmethod 0x000002040789fd90
Event: 170.228 Thread 0x000002041a00f700 flushing  nmethod 0x00000204078baf90
Event: 170.228 Thread 0x000002041a00f700 flushing  nmethod 0x00000204078e3d10
Event: 170.228 Thread 0x000002041a00f700 flushing  nmethod 0x00000204078e5510
Event: 170.228 Thread 0x000002041a00f700 flushing  nmethod 0x00000204078e7390
Event: 170.228 Thread 0x000002041a00f700 flushing  nmethod 0x00000204078ec690
Event: 170.228 Thread 0x000002041a00f700 flushing  nmethod 0x00000204078efd90
Event: 170.228 Thread 0x000002041a00f700 flushing  nmethod 0x00000204078f0090
Event: 170.228 Thread 0x000002041a00f700 flushing  nmethod 0x00000204078f0910
Event: 170.228 Thread 0x000002041a00f700 flushing  nmethod 0x00000204078f4910
Event: 170.228 Thread 0x000002041a00f700 flushing  nmethod 0x0000020407a8c210
Event: 170.228 Thread 0x000002041a00f700 flushing  nmethod 0x0000020407a8c590

Events (20 events):
Event: 33.406 Thread 0x000002041a13f590 Thread added: 0x000002043464a9d0
Event: 33.880 Thread 0x000002041a13f590 Thread added: 0x000002043464d7c0
Event: 34.256 Thread 0x000002041a13f590 Thread added: 0x000002043464c410
Event: 35.075 Thread 0x000002041a03e900 Thread added: 0x0000020435db6080
Event: 35.519 Thread 0x000002041a13f590 Thread added: 0x000002043464a340
Event: 35.526 Thread 0x0000020435db6080 Thread exited: 0x0000020435db6080
Event: 35.687 Thread 0x000002041a13f590 Thread added: 0x000002043464e4e0
Event: 36.021 Thread 0x000002041a03e900 Thread added: 0x00000204376d9310
Event: 36.420 Thread 0x00000204376d9310 Thread exited: 0x00000204376d9310
Event: 100.269 Thread 0x000002041a13e1e0 Thread exited: 0x000002041a13e1e0
Event: 128.549 Thread 0x000002041a13fc20 Thread added: 0x000002043464eb70
Event: 128.900 Thread 0x000002041a13f590 Thread added: 0x00000204346505b0
Event: 134.589 Thread 0x000002041a13fc20 Thread added: 0x000002043464f200
Event: 164.827 Thread 0x000002041a13f590 Thread added: 0x000002043464f890
Event: 166.329 Thread 0x000002041a03e900 Thread added: 0x0000020436370f00
Event: 167.713 Thread 0x0000020436370f00 Thread exited: 0x0000020436370f00
Event: 194.609 Thread 0x000002043464f200 Thread exited: 0x000002043464f200
Event: 195.565 Thread 0x000002041a13f590 Thread added: 0x000002043464de50
Event: 246.300 Thread 0x000002041a13f590 Thread added: 0x0000020434650c40
Event: 282.200 Thread 0x000002041a13f590 Thread added: 0x000002043464ff20


Dynamic libraries:
0x00007ff6a1e50000 - 0x00007ff6a1e5e000 	C:\Users\leyot\.vscode\extensions\redhat.java-1.56.0-win32-x64\jre\21.0.12.1-win32-x86_64\bin\java.exe
0x00007ffb8ada0000 - 0x00007ffb8b007000 	C:\WINDOWS\SYSTEM32\ntdll.dll
0x00007ffb89cb0000 - 0x00007ffb89d7b000 	C:\WINDOWS\System32\KERNEL32.DLL
0x00007ffb87fd0000 - 0x00007ffb883d2000 	C:\WINDOWS\System32\KERNELBASE.dll
0x00007ffb84dc0000 - 0x00007ffb84e5f000 	C:\WINDOWS\SYSTEM32\apphelp.dll
0x00007ffb39790000 - 0x00007ffb397a8000 	C:\Users\leyot\.vscode\extensions\redhat.java-1.56.0-win32-x64\jre\21.0.12.1-win32-x86_64\bin\jli.dll
0x00007ffb394e0000 - 0x00007ffb394fe000 	C:\Users\leyot\.vscode\extensions\redhat.java-1.56.0-win32-x64\jre\21.0.12.1-win32-x86_64\bin\VCRUNTIME140.dll
0x00007ffb8a4d0000 - 0x00007ffb8a69f000 	C:\WINDOWS\System32\USER32.dll
0x00007ffb87fa0000 - 0x00007ffb87fc7000 	C:\WINDOWS\System32\win32u.dll
0x00007ffb89fb0000 - 0x00007ffb89fdb000 	C:\WINDOWS\System32\GDI32.dll
0x00007ffb88810000 - 0x00007ffb8895c000 	C:\WINDOWS\System32\ucrtbase.dll
0x00007ffb73d90000 - 0x00007ffb74020000 	C:\WINDOWS\WinSxS\amd64_microsoft.windows.common-controls_6595b64144ccf1df_6.0.26100.9278_none_3e0d1ba8e3303201\COMCTL32.dll
0x00007ffb88ac0000 - 0x00007ffb88b69000 	C:\WINDOWS\System32\msvcrt.dll
0x00007ffb886e0000 - 0x00007ffb88809000 	C:\WINDOWS\System32\gdi32full.dll
0x00007ffb88630000 - 0x00007ffb886d3000 	C:\WINDOWS\System32\msvcp_win.dll
0x00007ffb89740000 - 0x00007ffb89771000 	C:\WINDOWS\System32\IMM32.DLL
0x00007ffb82d60000 - 0x00007ffb82d6c000 	C:\Users\leyot\.vscode\extensions\redhat.java-1.56.0-win32-x64\jre\21.0.12.1-win32-x86_64\bin\vcruntime140_1.dll
0x00007ffae9c70000 - 0x00007ffae9cfd000 	C:\Users\leyot\.vscode\extensions\redhat.java-1.56.0-win32-x64\jre\21.0.12.1-win32-x86_64\bin\msvcp140.dll
0x00007ffa6aba0000 - 0x00007ffa6b942000 	C:\Users\leyot\.vscode\extensions\redhat.java-1.56.0-win32-x64\jre\21.0.12.1-win32-x86_64\bin\server\jvm.dll
0x00007ffb8a400000 - 0x00007ffb8a4bc000 	C:\WINDOWS\System32\ADVAPI32.dll
0x00007ffb8a280000 - 0x00007ffb8a329000 	C:\WINDOWS\System32\sechost.dll
0x00007ffb8aa60000 - 0x00007ffb8ab78000 	C:\WINDOWS\System32\RPCRT4.dll
0x00007ffb89780000 - 0x00007ffb89800000 	C:\WINDOWS\System32\WS2_32.dll
0x00007ffb87e00000 - 0x00007ffb87e5e000 	C:\WINDOWS\SYSTEM32\POWRPROF.dll
0x00007ffb7bf90000 - 0x00007ffb7bfc6000 	C:\WINDOWS\SYSTEM32\WINMM.dll
0x00007ffb80ed0000 - 0x00007ffb80edb000 	C:\WINDOWS\SYSTEM32\VERSION.dll
0x00007ffb87de0000 - 0x00007ffb87df5000 	C:\WINDOWS\SYSTEM32\UMPDC.dll
0x00007ffb86c70000 - 0x00007ffb86c8b000 	C:\WINDOWS\SYSTEM32\kernel.appcore.dll
0x00007ffb7b230000 - 0x00007ffb7b23a000 	C:\Users\leyot\.vscode\extensions\redhat.java-1.56.0-win32-x64\jre\21.0.12.1-win32-x86_64\bin\jimage.dll
0x00007ffb7e220000 - 0x00007ffb7e46c000 	C:\WINDOWS\SYSTEM32\DBGHELP.DLL
0x00007ffb893b0000 - 0x00007ffb89735000 	C:\WINDOWS\System32\combase.dll
0x00007ffb89ed0000 - 0x00007ffb89fa9000 	C:\WINDOWS\System32\OLEAUT32.dll
0x00007ffb68220000 - 0x00007ffb6825b000 	C:\WINDOWS\SYSTEM32\dbgcore.DLL
0x00007ffb88a00000 - 0x00007ffb88aac000 	C:\WINDOWS\System32\bcryptPrimitives.dll
0x00007ffb7a650000 - 0x00007ffb7a65f000 	C:\Users\leyot\.vscode\extensions\redhat.java-1.56.0-win32-x64\jre\21.0.12.1-win32-x86_64\bin\instrument.dll
0x00007ffb362e0000 - 0x00007ffb36300000 	C:\Users\leyot\.vscode\extensions\redhat.java-1.56.0-win32-x64\jre\21.0.12.1-win32-x86_64\bin\java.dll
0x00007ffb88b70000 - 0x00007ffb89308000 	C:\WINDOWS\System32\SHELL32.dll
0x00007ffb859d0000 - 0x00007ffb8627e000 	C:\WINDOWS\SYSTEM32\windows.storage.dll
0x00007ffb89d80000 - 0x00007ffb89e7b000 	C:\WINDOWS\System32\SHCORE.dll
0x00007ffb89fe0000 - 0x00007ffb8a046000 	C:\WINDOWS\System32\shlwapi.dll
0x00007ffb87ec0000 - 0x00007ffb87ee9000 	C:\WINDOWS\SYSTEM32\profapi.dll
0x00007ffb35f10000 - 0x00007ffb35f28000 	C:\Users\leyot\.vscode\extensions\redhat.java-1.56.0-win32-x64\jre\21.0.12.1-win32-x86_64\bin\zip.dll
0x00007ffb75660000 - 0x00007ffb75670000 	C:\Users\leyot\.vscode\extensions\redhat.java-1.56.0-win32-x64\jre\21.0.12.1-win32-x86_64\bin\net.dll
0x00007ffb822d0000 - 0x00007ffb823fa000 	C:\WINDOWS\SYSTEM32\WINHTTP.dll
0x00007ffb87230000 - 0x00007ffb8729c000 	C:\WINDOWS\system32\mswsock.dll
0x00007ffb31ba0000 - 0x00007ffb31bb6000 	C:\Users\leyot\.vscode\extensions\redhat.java-1.56.0-win32-x64\jre\21.0.12.1-win32-x86_64\bin\nio.dll
0x00007ffb73390000 - 0x00007ffb733a0000 	C:\Users\leyot\.vscode\extensions\redhat.java-1.56.0-win32-x64\jre\21.0.12.1-win32-x86_64\bin\verify.dll
0x00007ffb723c0000 - 0x00007ffb723e7000 	C:\Users\leyot\.gradle\native\660c5614fbf4a5f2a75b1949f50a0caf5cd603558e7d8a26e50b933a0cfb79d1\windows-amd64\native-platform.dll
0x00007ffaeb910000 - 0x00007ffaeb987000 	C:\Users\leyot\.gradle\native\0.2.8\x86_64-windows-gnu\gradle-fileevents.dll
0x00007ffb72790000 - 0x00007ffb7279a000 	C:\Users\leyot\.vscode\extensions\redhat.java-1.56.0-win32-x64\jre\21.0.12.1-win32-x86_64\bin\management.dll
0x00007ffb62ed0000 - 0x00007ffb62edc000 	C:\Users\leyot\.vscode\extensions\redhat.java-1.56.0-win32-x64\jre\21.0.12.1-win32-x86_64\bin\management_ext.dll
0x00007ffb8a6b0000 - 0x00007ffb8a6b8000 	C:\WINDOWS\System32\PSAPI.DLL
0x00007ffb86650000 - 0x00007ffb86683000 	C:\WINDOWS\SYSTEM32\IPHLPAPI.DLL
0x00007ffb8a330000 - 0x00007ffb8a33a000 	C:\WINDOWS\System32\NSI.dll
0x00007ffb59950000 - 0x00007ffb59959000 	C:\Users\leyot\.vscode\extensions\redhat.java-1.56.0-win32-x64\jre\21.0.12.1-win32-x86_64\bin\extnet.dll
0x00007ffb87520000 - 0x00007ffb8753b000 	C:\WINDOWS\SYSTEM32\CRYPTSP.dll
0x00007ffb86bd0000 - 0x00007ffb86c09000 	C:\WINDOWS\system32\rsaenh.dll
0x00007ffb872e0000 - 0x00007ffb87314000 	C:\WINDOWS\SYSTEM32\USERENV.dll
0x00007ffb87e90000 - 0x00007ffb87eba000 	C:\WINDOWS\SYSTEM32\bcrypt.dll
0x00007ffb87540000 - 0x00007ffb8754c000 	C:\WINDOWS\SYSTEM32\CRYPTBASE.dll
0x00007ffb54980000 - 0x00007ffb5498e000 	C:\Users\leyot\.vscode\extensions\redhat.java-1.56.0-win32-x64\jre\21.0.12.1-win32-x86_64\bin\sunmscapi.dll
0x00007ffb883e0000 - 0x00007ffb8855e000 	C:\WINDOWS\System32\CRYPT32.dll
0x00007ffb87760000 - 0x00007ffb87790000 	C:\WINDOWS\SYSTEM32\ncrypt.dll
0x00007ffb87710000 - 0x00007ffb8774f000 	C:\WINDOWS\SYSTEM32\NTASN1.dll
0x00007ffb29fe0000 - 0x00007ffb29fe8000 	C:\WINDOWS\system32\wshunix.dll

JVMTI agents:
C:\Users\leyot\.gradle\wrapper\dists\gradle-9.6.0-bin\42k10rwplmzkhuboz9kdazi7s\gradle-9.6.0\lib\agents\gradle-instrumentation-agent-9.6.0.jar path:C:\Users\leyot\.vscode\extensions\redhat.java-1.56.0-win32-x64\jre\21.0.12.1-win32-x86_64\bin\instrument.dll, loaded, initialized, instrumentlib options:none

dbghelp: loaded successfully - version: 4.0.5 - missing functions: none
symbol engine: initialized successfully - sym options: 0x614 - pdb path: .;C:\Users\leyot\.vscode\extensions\redhat.java-1.56.0-win32-x64\jre\21.0.12.1-win32-x86_64\bin;C:\WINDOWS\SYSTEM32;C:\WINDOWS\WinSxS\amd64_microsoft.windows.common-controls_6595b64144ccf1df_6.0.26100.9278_none_3e0d1ba8e3303201;C:\Users\leyot\.vscode\extensions\redhat.java-1.56.0-win32-x64\jre\21.0.12.1-win32-x86_64\bin\server;C:\Users\leyot\.gradle\native\660c5614fbf4a5f2a75b1949f50a0caf5cd603558e7d8a26e50b933a0cfb79d1\windows-amd64;C:\Users\leyot\.gradle\native\0.2.8\x86_64-windows-gnu

VM Arguments:
jvm_args: --add-opens=java.base/java.lang=ALL-UNNAMED --add-opens=java.base/java.lang.invoke=ALL-UNNAMED --add-opens=java.base/java.util=ALL-UNNAMED --add-opens=java.prefs/java.util.prefs=ALL-UNNAMED --add-exports=jdk.compiler/com.sun.tools.javac.api=ALL-UNNAMED --add-exports=jdk.compiler/com.sun.tools.javac.util=ALL-UNNAMED --add-opens=java.base/java.nio.charset=ALL-UNNAMED --add-opens=java.base/java.net=ALL-UNNAMED --add-opens=java.base/java.util.concurrent=ALL-UNNAMED --add-opens=java.base/java.util.concurrent.atomic=ALL-UNNAMED --add-opens=java.xml/javax.xml.namespace=ALL-UNNAMED --add-opens=java.base/java.time=ALL-UNNAMED -XX:MaxMetaspaceSize=384m -XX:+HeapDumpOnOutOfMemoryError -Xms256m -Xmx512m -Dfile.encoding=UTF-8 -Duser.country=MX -Duser.language=es -Duser.variant -javaagent:C:\Users\leyot\.gradle\wrapper\dists\gradle-9.6.0-bin\42k10rwplmzkhuboz9kdazi7s\gradle-9.6.0\lib\agents\gradle-instrumentation-agent-9.6.0.jar 
java_command: org.gradle.launcher.daemon.bootstrap.GradleDaemon 9.6.0
java_class_path (initial): C:\Users\leyot\.gradle\wrapper\dists\gradle-9.6.0-bin\42k10rwplmzkhuboz9kdazi7s\gradle-9.6.0\lib\gradle-daemon-main-9.6.0.jar
Launcher Type: SUN_STANDARD

[Global flags]
     intx CICompilerCount                          = 4                                         {product} {ergonomic}
   size_t CompressedClassSpaceSize                 = 335544320                                 {product} {ergonomic}
     uint ConcGCThreads                            = 3                                         {product} {ergonomic}
     uint G1ConcRefinementThreads                  = 10                                        {product} {ergonomic}
   size_t G1HeapRegionSize                         = 1048576                                   {product} {ergonomic}
    uintx GCDrainStackTargetSize                   = 64                                        {product} {ergonomic}
     bool HeapDumpOnOutOfMemoryError               = true                                   {manageable} {command line}
   size_t InitialHeapSize                          = 268435456                                 {product} {command line}
   size_t MarkStackSize                            = 4194304                                   {product} {ergonomic}
   size_t MaxHeapSize                              = 536870912                                 {product} {command line}
   size_t MaxMetaspaceSize                         = 402653184                                 {product} {command line}
   size_t MaxNewSize                               = 321912832                                 {product} {ergonomic}
   size_t MinHeapDeltaBytes                        = 1048576                                   {product} {ergonomic}
   size_t MinHeapSize                              = 268435456                                 {product} {command line}
    uintx NonNMethodCodeHeapSize                   = 5839372                                {pd product} {ergonomic}
    uintx NonProfiledCodeHeapSize                  = 122909434                              {pd product} {ergonomic}
    uintx ProfiledCodeHeapSize                     = 122909434                              {pd product} {ergonomic}
    uintx ReservedCodeCacheSize                    = 251658240                              {pd product} {ergonomic}
     bool SegmentedCodeCache                       = true                                      {product} {ergonomic}
   size_t SoftMaxHeapSize                          = 536870912                              {manageable} {ergonomic}
     bool UseCompressedOops                        = true                           {product lp64_product} {ergonomic}
     bool UseG1GC                                  = true                                      {product} {ergonomic}
     bool UseLargePagesIndividualAllocation        = false                                  {pd product} {ergonomic}

Logging:
Log output configuration:
 #0: stdout all=warning uptime,level,tags foldmultilines=false
 #1: stderr all=off uptime,level,tags foldmultilines=false

Release file:
JAVA_VERSION="21.0.12.1" 
MODULES="java.base java.compiler java.datatransfer java.xml java.prefs java.desktop java.instrument java.logging java.management java.security.sasl java.naming java.rmi java.management.rmi java.net.http java.scripting java.security.jgss java.transaction.xa java.sql java.sql.rowset java.xml.crypto java.se java.smartcardio jdk.accessibility jdk.internal.jvmstat jdk.attach jdk.charsets jdk.internal.opt jdk.zipfs jdk.compiler jdk.crypto.ec jdk.crypto.cryptoki jdk.crypto.mscapi jdk.dynalink jdk.internal.ed jdk.editpad jdk.hotspot.agent jdk.httpserver jdk.internal.le jdk.internal.vm.ci jdk.internal.vm.compiler jdk.internal.vm.compiler.management jdk.jartool jdk.javadoc jdk.jcmd jdk.management jdk.management.agent jdk.jconsole jdk.jdeps jdk.jdwp.agent jdk.jdi jdk.jfr jdk.jshell jdk.jsobject jdk.jstatd jdk.localedata jdk.management.jfr jdk.naming.dns jdk.naming.rmi jdk.net jdk.nio.mapmode jdk.random jdk.sctp jdk.security.auth jdk.security.jgss jdk.unsupported jdk.unsupported.desktop jdk.xml.dom" 

Environment Variables:
JAVA_HOME=C:\Program Files\Java\jdk-22
PATH=C:\Program Files\Microsoft MPI\Bin\;C:\Program Files\Java\jdk-22\bin;C:\Program Files (x86)\Common Files\Oracle\Java\javapath;C:\Program Files\Common Files\Oracle\Java\javapath;C:\dev\flutter\bin;C:\WINDOWS\system32;C:\WINDOWS;C:\WINDOWS\System32\Wbem;C:\WINDOWS\System32\WindowsPowerShell\v1.0\;C:\WINDOWS\System32\OpenSSH\;C:\Program Files (x86)\NVIDIA Corporation\PhysX\Common;C:\Program Files\dotnet\;C:\flutter\bin;C:\Program Files (x86)\Windows Kits\10\Windows Performance Toolkit\;C:\WINDOWS\system32\config\systemprofile\dev\flutter\bin;C:\Program Files\Git\cmd;C:\Users\leyot\OneDrive\Documents\apache-maven\apache-maven-3.9.9-bin\apache-maven-3.9.9\bin;C:\Program Files\Java\jdk-22\bin;C:\Program Files (x86)\Microsoft SQL Server\170\Tools\Binn\;C:\Program Files\Microsoft SQL Server\170\Tools\Binn\;C:\Program Files\Microsoft SQL Server\Client SDK\ODBC\180\Tools\Binn\;C:\Program Files\Microsoft SQL Server\170\DTS\Binn\;C:\Program Files (x86)\Microsoft SQL Server\170\DTS\Binn\;C:\Program Files\nodejs\;C:\Program Files\NVIDIA Corporation\NVIDIA App\NvDLISR;C:\Program Files\Memurai\;C:\Program Files\Amazon\AWSCLIV2\;C:\Program Files (x86)\Firebird\Firebird_2_5\bin\;C:\Program Files\k6\;C:\Program Files\Docker\Docker\resources\bin;C:\Program Files\Java\jdk-22;C:\src\flutter\bin;C:\Users\leyot\AppData\Local\Microsoft\WindowsApps;C:\sqlite;C:\Users\leyot\AppData\Local\Programs\Microsoft VS Code\bin;C:\Program Files\MongoDB\Server\8.0\bin;C:\Program Files\MongoDB\mongosh-2.3.8-win32-x64\bin;C:\Program Files\mosquitto;C:\Program Files\mosquitto;C:\Users\leyot\OneDrive\Documents\apache-maven\apache-maven-3.9.9-bin\apache-maven-3.9.9\bin;C:\Program Files\PostgreSQL\15\bin;C:\Users\leyot\AppData\Roaming\npm;C:\Users\leyot\AppData\Local\Packages\PythonSoftwareFoundation.Python.3.13_qbz5n2kfra8p0\LocalCache\local-packages\Python313\Scripts;C:\Users\leyot\AppData\Local\Unity\bin;C:\Users\leyot\.dotnet\tools;
USERNAME=leyot
OS=Windows_NT
PROCESSOR_IDENTIFIER=AMD64 Family 25 Model 68 Stepping 1, AuthenticAMD
TMP=C:\Users\leyot\AppData\Local\Temp
TEMP=C:\Users\leyot\AppData\Local\Temp




Periodic native trim disabled

---------------  S Y S T E M  ---------------

OS:
 Windows 11 , 64 bit Build 26100 (10.0.26100.9444)
OS uptime: 0 days 2:18 hours
Hyper-V role detected

CPU: total 12 (initial active 12) (12 cores per cpu, 2 threads per core) family 25 model 68 stepping 1 microcode 0xa404107, cx8, cmov, fxsr, ht, mmx, 3dnowpref, sse, sse2, sse3, ssse3, sse4a, sse4.1, sse4.2, popcnt, lzcnt, tsc, tscinvbit, avx, avx2, aes, erms, clmul, bmi1, bmi2, adx, sha, fma, vzeroupper, clflush, clflushopt, hv, rdtscp, rdpid, fsrm, f16c, cet_ss
Processor Information for processor 0
  Max Mhz: 3301, Current Mhz: 2496, Mhz Limit: 3301
Processor Information for processor 1
  Max Mhz: 3301, Current Mhz: 2024, Mhz Limit: 3301
Processor Information for processor 2
  Max Mhz: 3301, Current Mhz: 2496, Mhz Limit: 3301
Processor Information for processor 3
  Max Mhz: 3301, Current Mhz: 2024, Mhz Limit: 3301
Processor Information for processor 4
  Max Mhz: 3301, Current Mhz: 2024, Mhz Limit: 3301
Processor Information for processor 5
  Max Mhz: 3301, Current Mhz: 2496, Mhz Limit: 3301
Processor Information for processor 6
  Max Mhz: 3301, Current Mhz: 2024, Mhz Limit: 3301
Processor Information for processor 7
  Max Mhz: 3301, Current Mhz: 2496, Mhz Limit: 3301
Processor Information for processor 8
  Max Mhz: 3301, Current Mhz: 2024, Mhz Limit: 3301
Processor Information for processor 9
  Max Mhz: 3301, Current Mhz: 2024, Mhz Limit: 3301
Processor Information for processor 10
  Max Mhz: 3301, Current Mhz: 2024, Mhz Limit: 3301
Processor Information for processor 11
  Max Mhz: 3301, Current Mhz: 2024, Mhz Limit: 3301

Memory: 4k page, system-wide physical 15688M (15M free)
TotalPageFile size 62792M (AvailPageFile size 5M)
current process WorkingSet (physical memory assigned to process): 117M, peak: 247M
current process commit charge ("private bytes"): 458M, peak: 482M

vm_info: OpenJDK 64-Bit Server VM (21.0.12.1+1-LTS) for windows-amd64 JRE (21.0.12.1+1-LTS), built on 2026-08-18T00:00:00Z by "admin" with MS VC++ 17.12 (VS2022)

END.
