#
# There is insufficient memory for the Java Runtime Environment to continue.
# Native memory allocation (malloc) failed to allocate 32744 bytes. Error detail: Chunk::new
# Possible reasons:
#   The system is out of physical RAM or swap space
#   This process is running with CompressedOops enabled, and the Java Heap may be blocking the growth of the native heap
# Possible solutions:
#   Reduce memory load on the system
#   Increase physical memory or swap space
#   Check if swap backing store is full
#   Decrease Java heap size (-Xmx/-Xms)
#   Decrease number of Java threads
#   Decrease Java thread stack sizes (-Xss)
#   Set larger code cache with -XX:ReservedCodeCacheSize=
#   JVM is running with Unscaled Compressed Oops mode in which the Java heap is
#     placed in the first 4GB address space. The Java Heap base address is the
#     maximum limit for the native heap growth. Please use -XX:HeapBaseMinAddress
#     to set the Java Heap base and to place the Java Heap above 4GB virtual address.
# This output file may be truncated or incomplete.
#
#  Out of Memory Error (arena.cpp:168), pid=10160, tid=60356
#
# JRE version: OpenJDK Runtime Environment Temurin-21.0.12.1+1 (21.0.12.1+1) (build 21.0.12.1+1-LTS)
# Java VM: OpenJDK 64-Bit Server VM Temurin-21.0.12.1+1 (21.0.12.1+1-LTS, mixed mode, sharing, tiered, compressed oops, compressed class ptrs, g1 gc, windows-amd64)
# No core dump will be written. Minidumps are not enabled by default on client versions of Windows
#

---------------  S U M M A R Y ------------

Command Line: --add-opens=java.base/java.lang=ALL-UNNAMED --add-opens=java.base/java.lang.invoke=ALL-UNNAMED --add-opens=java.base/java.util=ALL-UNNAMED --add-opens=java.prefs/java.util.prefs=ALL-UNNAMED --add-exports=jdk.compiler/com.sun.tools.javac.api=ALL-UNNAMED --add-exports=jdk.compiler/com.sun.tools.javac.util=ALL-UNNAMED --add-opens=java.base/java.nio.charset=ALL-UNNAMED --add-opens=java.base/java.net=ALL-UNNAMED --add-opens=java.base/java.util.concurrent=ALL-UNNAMED --add-opens=java.base/java.util.concurrent.atomic=ALL-UNNAMED --add-opens=java.xml/javax.xml.namespace=ALL-UNNAMED --add-opens=java.base/java.time=ALL-UNNAMED -XX:MaxMetaspaceSize=384m -XX:+HeapDumpOnOutOfMemoryError -Xms256m -Xmx512m -Dfile.encoding=UTF-8 -Duser.country=MX -Duser.language=es -Duser.variant -javaagent:C:\Users\leyot\.gradle\wrapper\dists\gradle-9.6.0-bin\42k10rwplmzkhuboz9kdazi7s\gradle-9.6.0\lib\agents\gradle-instrumentation-agent-9.6.0.jar org.gradle.launcher.daemon.bootstrap.GradleDaemon 9.6.0

Host: AMD Ryzen 5 7535HS with Radeon Graphics        , 12 cores, 15G,  Windows 11 , 64 bit Build 26100 (10.0.26100.9444)
Time: Sat Sep 19 22:30:05 2026 Hora estándar central (México) elapsed time: 166.069386 seconds (0d 0h 2m 46s)

---------------  T H R E A D  ---------------

Current thread (0x00000213ba40f9c0):  JavaThread "C1 CompilerThread0" daemon [_thread_in_native, id=60356, stack(0x00000043b4b00000,0x00000043b4c00000) (1024K)]


Current CompileTask:
C1:166069 5275   !   3       java.util.regex.Matcher::appendExpandedReplacement (508 bytes)

Stack: [0x00000043b4b00000,0x00000043b4c00000]
Native frames: (J=compiled Java code, j=interpreted, Vv=VM code, C=native code)
V  [jvm.dll+0x6d83e9]
V  [jvm.dll+0x8b5736]
V  [jvm.dll+0x8b7cee]
V  [jvm.dll+0x8b83d3]
V  [jvm.dll+0x284596]
V  [jvm.dll+0xc685d]
V  [jvm.dll+0xc6da1]
V  [jvm.dll+0x197f7c]
V  [jvm.dll+0x198c32]
V  [jvm.dll+0x198ced]
V  [jvm.dll+0x19b0a8]
V  [jvm.dll+0x19c8c4]
V  [jvm.dll+0x157515]
V  [jvm.dll+0x156db7]
V  [jvm.dll+0x156fe4]
V  [jvm.dll+0x1563fc]
V  [jvm.dll+0x15818d]
V  [jvm.dll+0x25baad]
V  [jvm.dll+0x25a03a]
V  [jvm.dll+0x3f8aae]
V  [jvm.dll+0x8600cd]
V  [jvm.dll+0x6d6c1d]
C  [ucrtbase.dll+0x2cd30]
C  [KERNEL32.DLL+0x2cd87]
C  [ntdll.dll+0xacaec]


---------------  P R O C E S S  ---------------

Threads class SMR info:
_java_thread_list=0x00000213d82abbd0, length=38, elements={
0x00000213a218b000, 0x00000213ba3fda20, 0x00000213ba3fe580, 0x00000213ba407000,
0x00000213ba409a70, 0x00000213ba40b040, 0x00000213ba40cab0, 0x00000213ba40d840,
0x00000213ba40f9c0, 0x00000213ba6132e0, 0x00000213ba670600, 0x00000213d52c3fe0,
0x00000213d52e3b50, 0x00000213d51f7ca0, 0x00000213d5b45d80, 0x00000213d5b463f0,
0x00000213ba64cce0, 0x00000213ba64f440, 0x00000213ba64d370, 0x00000213ba64da00,
0x00000213ba64e090, 0x00000213ba64e720, 0x00000213ba64edb0, 0x00000213ba64fad0,
0x00000213ba64c650, 0x00000213d59ab500, 0x00000213d59a8710, 0x00000213d59aa150,
0x00000213d59a8080, 0x00000213d59abb90, 0x00000213d59ac220, 0x00000213d59ac8b0,
0x00000213d59a9430, 0x00000213d59a9ac0, 0x00000213d59ad5d0, 0x00000213d59ae2f0,
0x00000213d59ae980, 0x00000213d59af6a0
}

Java Threads: ( => current thread )
  0x00000213a218b000 JavaThread "main"                              [_thread_blocked, id=60352, stack(0x00000043b3c00000,0x00000043b3d00000) (1024K)]
  0x00000213ba3fda20 JavaThread "Reference Handler"          daemon [_thread_blocked, id=63712, stack(0x00000043b4400000,0x00000043b4500000) (1024K)]
  0x00000213ba3fe580 JavaThread "Finalizer"                  daemon [_thread_blocked, id=15740, stack(0x00000043b4500000,0x00000043b4600000) (1024K)]
  0x00000213ba407000 JavaThread "Signal Dispatcher"          daemon [_thread_blocked, id=64376, stack(0x00000043b4600000,0x00000043b4700000) (1024K)]
  0x00000213ba409a70 JavaThread "Attach Listener"            daemon [_thread_blocked, id=64480, stack(0x00000043b4700000,0x00000043b4800000) (1024K)]
  0x00000213ba40b040 JavaThread "Service Thread"             daemon [_thread_blocked, id=60056, stack(0x00000043b4800000,0x00000043b4900000) (1024K)]
  0x00000213ba40cab0 JavaThread "Monitor Deflation Thread"   daemon [_thread_blocked, id=61704, stack(0x00000043b4900000,0x00000043b4a00000) (1024K)]
  0x00000213ba40d840 JavaThread "C2 CompilerThread0"         daemon [_thread_in_native, id=56660, stack(0x00000043b4a00000,0x00000043b4b00000) (1024K)]
=>0x00000213ba40f9c0 JavaThread "C1 CompilerThread0"         daemon [_thread_in_native, id=60356, stack(0x00000043b4b00000,0x00000043b4c00000) (1024K)]
  0x00000213ba6132e0 JavaThread "Common-Cleaner"             daemon [_thread_blocked, id=56416, stack(0x00000043b4d00000,0x00000043b4e00000) (1024K)]
  0x00000213ba670600 JavaThread "Notification Thread"        daemon [_thread_blocked, id=61860, stack(0x00000043b4c00000,0x00000043b4d00000) (1024K)]
  0x00000213d52c3fe0 JavaThread "Daemon health stats"               [_thread_blocked, id=60260, stack(0x00000043b5400000,0x00000043b5500000) (1024K)]
  0x00000213d52e3b50 JavaThread "Incoming local TCP Connector on port 58684"        [_thread_in_native, id=65580, stack(0x00000043b4e00000,0x00000043b4f00000) (1024K)]
  0x00000213d51f7ca0 JavaThread "Daemon periodic checks"            [_thread_blocked, id=62968, stack(0x00000043b5500000,0x00000043b5600000) (1024K)]
  0x00000213d5b45d80 JavaThread "Daemon"                            [_thread_blocked, id=47220, stack(0x00000043b5600000,0x00000043b5700000) (1024K)]
  0x00000213d5b463f0 JavaThread "Handler for socket connection from /127.0.0.1:58684 to /127.0.0.1:60324"        [_thread_in_native, id=65308, stack(0x00000043b5700000,0x00000043b5800000) (1024K)]
  0x00000213ba64cce0 JavaThread "Cancel handler"                    [_thread_blocked, id=59464, stack(0x00000043b5800000,0x00000043b5900000) (1024K)]
  0x00000213ba64f440 JavaThread "Daemon worker"                     [_thread_in_vm, id=49972, stack(0x00000043b5900000,0x00000043b5a00000) (1024K)]
  0x00000213ba64d370 JavaThread "Asynchronous log dispatcher for DefaultDaemonConnection: socket connection from /127.0.0.1:58684 to /127.0.0.1:60324"        [_thread_blocked, id=3248, stack(0x00000043b5a00000,0x00000043b5b00000) (1024K)]
  0x00000213ba64da00 JavaThread "Stdin handler"                     [_thread_blocked, id=53404, stack(0x00000043b5b00000,0x00000043b5c00000) (1024K)]
  0x00000213ba64e090 JavaThread "Daemon client event forwarder"        [_thread_blocked, id=8904, stack(0x00000043b5c00000,0x00000043b5d00000) (1024K)]
  0x00000213ba64e720 JavaThread "Cache worker for journal cache (C:\Users\leyot\.gradle\caches\journal-1)"        [_thread_blocked, id=46712, stack(0x00000043b5d00000,0x00000043b5e00000) (1024K)]
  0x00000213ba64edb0 JavaThread "File lock request listener"        [_thread_in_native, id=57912, stack(0x00000043b5e00000,0x00000043b5f00000) (1024K)]
  0x00000213ba64fad0 JavaThread "File lock release action executor"        [_thread_blocked, id=60292, stack(0x00000043b5f00000,0x00000043b6000000) (1024K)]
  0x00000213ba64c650 JavaThread "Cache worker for file hash cache (C:\Users\leyot\.gradle\caches\9.6.0\fileHashes)"        [_thread_blocked, id=60196, stack(0x00000043b3900000,0x00000043b3a00000) (1024K)]
  0x00000213d59ab500 JavaThread "Cache worker for file hash cache (C:\Users\leyot\OneDrive\Desktop\Aplicaciones Web Progresivas\Ambientar Proyecto\prueba\prueba\.gradle\9.6.0\fileHashes)"        [_thread_blocked, id=64964, stack(0x00000043b6600000,0x00000043b6700000) (1024K)]
  0x00000213d59a8710 JavaThread "Cache worker for Build Output Cleanup Cache (C:\Users\leyot\OneDrive\Desktop\Aplicaciones Web Progresivas\Ambientar Proyecto\prueba\prueba\.gradle\buildOutputCleanup)"        [_thread_blocked, id=64840, stack(0x00000043b6700000,0x00000043b6800000) (1024K)]
  0x00000213d59aa150 JavaThread "File watcher server"        daemon [_thread_in_native, id=67512, stack(0x00000043b6800000,0x00000043b6900000) (1024K)]
  0x00000213d59a8080 JavaThread "File watcher consumer"      daemon [_thread_blocked, id=67544, stack(0x00000043b6900000,0x00000043b6a00000) (1024K)]
  0x00000213d59abb90 JavaThread "Cache worker for file content cache (C:\Users\leyot\.gradle\caches\9.6.0\fileContent)"        [_thread_blocked, id=15404, stack(0x00000043b6a00000,0x00000043b6b00000) (1024K)]
  0x00000213d59ac220 JavaThread "Cache worker for checksums cache (C:\Users\leyot\OneDrive\Desktop\Aplicaciones Web Progresivas\Ambientar Proyecto\prueba\prueba\.gradle\9.6.0\checksums)"        [_thread_blocked, id=67128, stack(0x00000043b6b00000,0x00000043b6c00000) (1024K)]
  0x00000213d59ac8b0 JavaThread "Cache worker for cache directory md-supplier (C:\Users\leyot\.gradle\caches\9.6.0\md-supplier)"        [_thread_blocked, id=67536, stack(0x00000043b6c00000,0x00000043b6d00000) (1024K)]
  0x00000213d59a9430 JavaThread "Cache worker for cache directory md-rule (C:\Users\leyot\.gradle\caches\9.6.0\md-rule)"        [_thread_blocked, id=62892, stack(0x00000043b6d00000,0x00000043b6e00000) (1024K)]
  0x00000213d59a9ac0 JavaThread "jar transforms"                    [_thread_blocked, id=69784, stack(0x00000043b3a00000,0x00000043b3b00000) (1024K)]
  0x00000213d59ad5d0 JavaThread "jar transforms Thread 2"           [_thread_blocked, id=8736, stack(0x00000043b3b00000,0x00000043b3c00000) (1024K)]
  0x00000213d59ae2f0 JavaThread "jar transforms Thread 3"           [_thread_blocked, id=67732, stack(0x00000043b6e00000,0x00000043b6f00000) (1024K)]
  0x00000213d59ae980 JavaThread "jar transforms Thread 4"           [_thread_blocked, id=67340, stack(0x00000043b6f00000,0x00000043b7000000) (1024K)]
  0x00000213d59af6a0 JavaThread "jar transforms Thread 5"           [_thread_blocked, id=64448, stack(0x00000043b7000000,0x00000043b7100000) (1024K)]
Total: 38

Other Threads:
  0x00000213ba3e0e10 VMThread "VM Thread"                           [id=64068, stack(0x00000043b4300000,0x00000043b4400000) (1024K)]
  0x00000213ba3d2760 WatcherThread "VM Periodic Task Thread"        [id=58672, stack(0x00000043b4200000,0x00000043b4300000) (1024K)]
  0x00000213a462f830 WorkerThread "GC Thread#0"                     [id=64752, stack(0x00000043b3d00000,0x00000043b3e00000) (1024K)]
  0x00000213d44292d0 WorkerThread "GC Thread#1"                     [id=27976, stack(0x00000043b4f00000,0x00000043b5000000) (1024K)]
  0x00000213d4429680 WorkerThread "GC Thread#2"                     [id=55504, stack(0x00000043b5000000,0x00000043b5100000) (1024K)]
  0x00000213d4429a30 WorkerThread "GC Thread#3"                     [id=63868, stack(0x00000043b5100000,0x00000043b5200000) (1024K)]
  0x00000213d4429de0 WorkerThread "GC Thread#4"                     [id=61964, stack(0x00000043b5200000,0x00000043b5300000) (1024K)]
  0x00000213d442a190 WorkerThread "GC Thread#5"                     [id=7352, stack(0x00000043b5300000,0x00000043b5400000) (1024K)]
  0x00000213d4fc5ba0 WorkerThread "GC Thread#6"                     [id=37296, stack(0x00000043b6000000,0x00000043b6100000) (1024K)]
  0x00000213d4fc5f50 WorkerThread "GC Thread#7"                     [id=57816, stack(0x00000043b6100000,0x00000043b6200000) (1024K)]
  0x00000213d4fc5440 WorkerThread "GC Thread#8"                     [id=3180, stack(0x00000043b6200000,0x00000043b6300000) (1024K)]
  0x00000213d4fc6300 WorkerThread "GC Thread#9"                     [id=62888, stack(0x00000043b6300000,0x00000043b6400000) (1024K)]
  0x00000213a4634730 ConcurrentGCThread "G1 Main Marker"            [id=63468, stack(0x00000043b3e00000,0x00000043b3f00000) (1024K)]
  0x00000213a4635960 WorkerThread "G1 Conc#0"                       [id=63552, stack(0x00000043b3f00000,0x00000043b4000000) (1024K)]
  0x00000213d495e820 WorkerThread "G1 Conc#1"                       [id=60048, stack(0x00000043b6400000,0x00000043b6500000) (1024K)]
  0x00000213d49605a0 WorkerThread "G1 Conc#2"                       [id=66400, stack(0x00000043b6500000,0x00000043b6600000) (1024K)]
  0x00000213ba2a29e0 ConcurrentGCThread "G1 Refine#0"               [id=55264, stack(0x00000043b4000000,0x00000043b4100000) (1024K)]
  0x00000213ba2a3370 ConcurrentGCThread "G1 Service"                [id=66372, stack(0x00000043b4100000,0x00000043b4200000) (1024K)]
Total: 18

Threads with active compile tasks:
C1 CompilerThread0  166197 5275   !   3       java.util.regex.Matcher::appendExpandedReplacement (508 bytes)
Total: 1

VM state: not at safepoint (normal execution)

VM Mutex/Monitor currently owned by a thread: None

Heap address: 0x00000000e0000000, size: 512 MB, Compressed Oops mode: 32-bit

CDS archive(s) mapped at: [0x00000213bb000000-0x00000213bbba0000-0x00000213bbba0000), size 12189696, SharedBaseAddress: 0x00000213bb000000, ArchiveRelocationMode: 1.
Compressed class space mapped at: 0x00000213bc000000-0x00000213d0000000, reserved size: 335544320
Narrow klass base: 0x00000213bb000000, Narrow klass shift: 0, Narrow klass range: 0x100000000

GC Precious Log:
 CardTable entry size: 512
 Card Set container configuration: InlinePtr #cards 5 size 8 Array Of Cards #cards 12 size 40 Howl #buckets 4 coarsen threshold 1843 Howl Bitmap #cards 512 size 80 coarsen threshold 460 Card regions per heap region 1 cards per card region 2048
 CPUs: 12 total, 12 available
 Memory: 15688M
 Large Page Support: Disabled
 NUMA Support: Disabled
 Compressed Oops: Enabled (32-bit)
 Heap Region Size: 1M
 Heap Min Capacity: 256M
 Heap Initial Capacity: 256M
 Heap Max Capacity: 512M
 Pre-touch: Disabled
 Parallel Workers: 10
 Concurrent Workers: 3
 Concurrent Refinement Workers: 10
 Periodic GC: Disabled

Heap:
 garbage-first heap   total 262144K, used 94004K [0x00000000e0000000, 0x0000000100000000)
  region size 1024K, 72 young (73728K), 10 survivors (10240K)
 Metaspace       used 41155K, committed 42880K, reserved 393216K
  class space    used 6181K, committed 7040K, reserved 327680K

Heap Regions: E=young(eden), S=young(survivor), O=old, HS=humongous(starts), HC=humongous(continues), CS=collection set, F=free, TAMS=top-at-mark-start, PB=parsable bottom
|   0|0x00000000e0000000, 0x00000000e0100000, 0x00000000e0100000|100%|HS|  |TAMS 0x00000000e0000000| PB 0x00000000e0000000| Complete 
|   1|0x00000000e0100000, 0x00000000e0200000, 0x00000000e0200000|100%|HC|  |TAMS 0x00000000e0100000| PB 0x00000000e0100000| Complete 
|   2|0x00000000e0200000, 0x00000000e0300000, 0x00000000e0300000|100%|HC|  |TAMS 0x00000000e0200000| PB 0x00000000e0200000| Complete 
|   3|0x00000000e0300000, 0x00000000e0400000, 0x00000000e0400000|100%|HC|  |TAMS 0x00000000e0300000| PB 0x00000000e0300000| Complete 
|   4|0x00000000e0400000, 0x00000000e0500000, 0x00000000e0500000|100%| O|  |TAMS 0x00000000e0400000| PB 0x00000000e0400000| Untracked 
|   5|0x00000000e0500000, 0x00000000e0500000, 0x00000000e0600000|  0%| F|  |TAMS 0x00000000e0500000| PB 0x00000000e0500000| Untracked 
|   6|0x00000000e0600000, 0x00000000e0700000, 0x00000000e0700000|100%| O|  |TAMS 0x00000000e0600000| PB 0x00000000e0600000| Untracked 
|   7|0x00000000e0700000, 0x00000000e0800000, 0x00000000e0800000|100%| O|  |TAMS 0x00000000e0700000| PB 0x00000000e0700000| Untracked 
|   8|0x00000000e0800000, 0x00000000e0900000, 0x00000000e0900000|100%| O|  |TAMS 0x00000000e0800000| PB 0x00000000e0800000| Untracked 
|   9|0x00000000e0900000, 0x00000000e0a00000, 0x00000000e0a00000|100%|HS|  |TAMS 0x00000000e0900000| PB 0x00000000e0900000| Complete 
|  10|0x00000000e0a00000, 0x00000000e0b00000, 0x00000000e0b00000|100%| O|  |TAMS 0x00000000e0a00000| PB 0x00000000e0a00000| Untracked 
|  11|0x00000000e0b00000, 0x00000000e0c00000, 0x00000000e0c00000|100%| O|  |TAMS 0x00000000e0b00000| PB 0x00000000e0b00000| Untracked 
|  12|0x00000000e0c00000, 0x00000000e0d00000, 0x00000000e0d00000|100%| O|  |TAMS 0x00000000e0c00000| PB 0x00000000e0c00000| Untracked 
|  13|0x00000000e0d00000, 0x00000000e0e00000, 0x00000000e0e00000|100%| O|  |TAMS 0x00000000e0d00000| PB 0x00000000e0d00000| Untracked 
|  14|0x00000000e0e00000, 0x00000000e0f00000, 0x00000000e0f00000|100%| O|  |TAMS 0x00000000e0e00000| PB 0x00000000e0e00000| Untracked 
|  15|0x00000000e0f00000, 0x00000000e1000000, 0x00000000e1000000|100%| O|  |TAMS 0x00000000e0f00000| PB 0x00000000e0f00000| Untracked 
|  16|0x00000000e1000000, 0x00000000e1100000, 0x00000000e1100000|100%| O|  |TAMS 0x00000000e1000000| PB 0x00000000e1000000| Untracked 
|  17|0x00000000e1100000, 0x00000000e1200000, 0x00000000e1200000|100%| O|  |TAMS 0x00000000e1100000| PB 0x00000000e1100000| Untracked 
|  18|0x00000000e1200000, 0x00000000e1300000, 0x00000000e1300000|100%| O|  |TAMS 0x00000000e1200000| PB 0x00000000e1200000| Untracked 
|  19|0x00000000e1300000, 0x00000000e1400000, 0x00000000e1400000|100%| O|  |TAMS 0x00000000e1300000| PB 0x00000000e1300000| Untracked 
|  20|0x00000000e1400000, 0x00000000e1500000, 0x00000000e1500000|100%| O|  |TAMS 0x00000000e1400000| PB 0x00000000e1400000| Untracked 
|  21|0x00000000e1500000, 0x00000000e1600000, 0x00000000e1600000|100%| O|  |TAMS 0x00000000e1500000| PB 0x00000000e1500000| Untracked 
|  22|0x00000000e1600000, 0x00000000e1640570, 0x00000000e1700000| 25%| O|  |TAMS 0x00000000e1600000| PB 0x00000000e1600000| Untracked 
|  23|0x00000000e1700000, 0x00000000e1700000, 0x00000000e1800000|  0%| F|  |TAMS 0x00000000e1700000| PB 0x00000000e1700000| Untracked 
|  24|0x00000000e1800000, 0x00000000e1800000, 0x00000000e1900000|  0%| F|  |TAMS 0x00000000e1800000| PB 0x00000000e1800000| Untracked 
|  25|0x00000000e1900000, 0x00000000e1900000, 0x00000000e1a00000|  0%| F|  |TAMS 0x00000000e1900000| PB 0x00000000e1900000| Untracked 
|  26|0x00000000e1a00000, 0x00000000e1a00000, 0x00000000e1b00000|  0%| F|  |TAMS 0x00000000e1a00000| PB 0x00000000e1a00000| Untracked 
|  27|0x00000000e1b00000, 0x00000000e1b00000, 0x00000000e1c00000|  0%| F|  |TAMS 0x00000000e1b00000| PB 0x00000000e1b00000| Untracked 
|  28|0x00000000e1c00000, 0x00000000e1c00000, 0x00000000e1d00000|  0%| F|  |TAMS 0x00000000e1c00000| PB 0x00000000e1c00000| Untracked 
|  29|0x00000000e1d00000, 0x00000000e1d00000, 0x00000000e1e00000|  0%| F|  |TAMS 0x00000000e1d00000| PB 0x00000000e1d00000| Untracked 
|  30|0x00000000e1e00000, 0x00000000e1e00000, 0x00000000e1f00000|  0%| F|  |TAMS 0x00000000e1e00000| PB 0x00000000e1e00000| Untracked 
|  31|0x00000000e1f00000, 0x00000000e1f00000, 0x00000000e2000000|  0%| F|  |TAMS 0x00000000e1f00000| PB 0x00000000e1f00000| Untracked 
|  32|0x00000000e2000000, 0x00000000e2000000, 0x00000000e2100000|  0%| F|  |TAMS 0x00000000e2000000| PB 0x00000000e2000000| Untracked 
|  33|0x00000000e2100000, 0x00000000e2100000, 0x00000000e2200000|  0%| F|  |TAMS 0x00000000e2100000| PB 0x00000000e2100000| Untracked 
|  34|0x00000000e2200000, 0x00000000e2200000, 0x00000000e2300000|  0%| F|  |TAMS 0x00000000e2200000| PB 0x00000000e2200000| Untracked 
|  35|0x00000000e2300000, 0x00000000e2300000, 0x00000000e2400000|  0%| F|  |TAMS 0x00000000e2300000| PB 0x00000000e2300000| Untracked 
|  36|0x00000000e2400000, 0x00000000e2400000, 0x00000000e2500000|  0%| F|  |TAMS 0x00000000e2400000| PB 0x00000000e2400000| Untracked 
|  37|0x00000000e2500000, 0x00000000e2500000, 0x00000000e2600000|  0%| F|  |TAMS 0x00000000e2500000| PB 0x00000000e2500000| Untracked 
|  38|0x00000000e2600000, 0x00000000e2600000, 0x00000000e2700000|  0%| F|  |TAMS 0x00000000e2600000| PB 0x00000000e2600000| Untracked 
|  39|0x00000000e2700000, 0x00000000e2700000, 0x00000000e2800000|  0%| F|  |TAMS 0x00000000e2700000| PB 0x00000000e2700000| Untracked 
|  40|0x00000000e2800000, 0x00000000e2800000, 0x00000000e2900000|  0%| F|  |TAMS 0x00000000e2800000| PB 0x00000000e2800000| Untracked 
|  41|0x00000000e2900000, 0x00000000e2900000, 0x00000000e2a00000|  0%| F|  |TAMS 0x00000000e2900000| PB 0x00000000e2900000| Untracked 
|  42|0x00000000e2a00000, 0x00000000e2a00000, 0x00000000e2b00000|  0%| F|  |TAMS 0x00000000e2a00000| PB 0x00000000e2a00000| Untracked 
|  43|0x00000000e2b00000, 0x00000000e2b00000, 0x00000000e2c00000|  0%| F|  |TAMS 0x00000000e2b00000| PB 0x00000000e2b00000| Untracked 
|  44|0x00000000e2c00000, 0x00000000e2c00000, 0x00000000e2d00000|  0%| F|  |TAMS 0x00000000e2c00000| PB 0x00000000e2c00000| Untracked 
|  45|0x00000000e2d00000, 0x00000000e2d00000, 0x00000000e2e00000|  0%| F|  |TAMS 0x00000000e2d00000| PB 0x00000000e2d00000| Untracked 
|  46|0x00000000e2e00000, 0x00000000e2e00000, 0x00000000e2f00000|  0%| F|  |TAMS 0x00000000e2e00000| PB 0x00000000e2e00000| Untracked 
|  47|0x00000000e2f00000, 0x00000000e2f00000, 0x00000000e3000000|  0%| F|  |TAMS 0x00000000e2f00000| PB 0x00000000e2f00000| Untracked 
|  48|0x00000000e3000000, 0x00000000e3000000, 0x00000000e3100000|  0%| F|  |TAMS 0x00000000e3000000| PB 0x00000000e3000000| Untracked 
|  49|0x00000000e3100000, 0x00000000e3100000, 0x00000000e3200000|  0%| F|  |TAMS 0x00000000e3100000| PB 0x00000000e3100000| Untracked 
|  50|0x00000000e3200000, 0x00000000e3200000, 0x00000000e3300000|  0%| F|  |TAMS 0x00000000e3200000| PB 0x00000000e3200000| Untracked 
|  51|0x00000000e3300000, 0x00000000e3300000, 0x00000000e3400000|  0%| F|  |TAMS 0x00000000e3300000| PB 0x00000000e3300000| Untracked 
|  52|0x00000000e3400000, 0x00000000e3400000, 0x00000000e3500000|  0%| F|  |TAMS 0x00000000e3400000| PB 0x00000000e3400000| Untracked 
|  53|0x00000000e3500000, 0x00000000e3500000, 0x00000000e3600000|  0%| F|  |TAMS 0x00000000e3500000| PB 0x00000000e3500000| Untracked 
|  54|0x00000000e3600000, 0x00000000e3600000, 0x00000000e3700000|  0%| F|  |TAMS 0x00000000e3600000| PB 0x00000000e3600000| Untracked 
|  55|0x00000000e3700000, 0x00000000e3700000, 0x00000000e3800000|  0%| F|  |TAMS 0x00000000e3700000| PB 0x00000000e3700000| Untracked 
|  56|0x00000000e3800000, 0x00000000e3800000, 0x00000000e3900000|  0%| F|  |TAMS 0x00000000e3800000| PB 0x00000000e3800000| Untracked 
|  57|0x00000000e3900000, 0x00000000e3900000, 0x00000000e3a00000|  0%| F|  |TAMS 0x00000000e3900000| PB 0x00000000e3900000| Untracked 
|  58|0x00000000e3a00000, 0x00000000e3a00000, 0x00000000e3b00000|  0%| F|  |TAMS 0x00000000e3a00000| PB 0x00000000e3a00000| Untracked 
|  59|0x00000000e3b00000, 0x00000000e3b00000, 0x00000000e3c00000|  0%| F|  |TAMS 0x00000000e3b00000| PB 0x00000000e3b00000| Untracked 
|  60|0x00000000e3c00000, 0x00000000e3c00000, 0x00000000e3d00000|  0%| F|  |TAMS 0x00000000e3c00000| PB 0x00000000e3c00000| Untracked 
|  61|0x00000000e3d00000, 0x00000000e3d00000, 0x00000000e3e00000|  0%| F|  |TAMS 0x00000000e3d00000| PB 0x00000000e3d00000| Untracked 
|  62|0x00000000e3e00000, 0x00000000e3e00000, 0x00000000e3f00000|  0%| F|  |TAMS 0x00000000e3e00000| PB 0x00000000e3e00000| Untracked 
|  63|0x00000000e3f00000, 0x00000000e3f00000, 0x00000000e4000000|  0%| F|  |TAMS 0x00000000e3f00000| PB 0x00000000e3f00000| Untracked 
|  64|0x00000000e4000000, 0x00000000e4000000, 0x00000000e4100000|  0%| F|  |TAMS 0x00000000e4000000| PB 0x00000000e4000000| Untracked 
|  65|0x00000000e4100000, 0x00000000e4100000, 0x00000000e4200000|  0%| F|  |TAMS 0x00000000e4100000| PB 0x00000000e4100000| Untracked 
|  66|0x00000000e4200000, 0x00000000e4200000, 0x00000000e4300000|  0%| F|  |TAMS 0x00000000e4200000| PB 0x00000000e4200000| Untracked 
|  67|0x00000000e4300000, 0x00000000e4300000, 0x00000000e4400000|  0%| F|  |TAMS 0x00000000e4300000| PB 0x00000000e4300000| Untracked 
|  68|0x00000000e4400000, 0x00000000e4400000, 0x00000000e4500000|  0%| F|  |TAMS 0x00000000e4400000| PB 0x00000000e4400000| Untracked 
|  69|0x00000000e4500000, 0x00000000e4500000, 0x00000000e4600000|  0%| F|  |TAMS 0x00000000e4500000| PB 0x00000000e4500000| Untracked 
|  70|0x00000000e4600000, 0x00000000e4600000, 0x00000000e4700000|  0%| F|  |TAMS 0x00000000e4600000| PB 0x00000000e4600000| Untracked 
|  71|0x00000000e4700000, 0x00000000e4700000, 0x00000000e4800000|  0%| F|  |TAMS 0x00000000e4700000| PB 0x00000000e4700000| Untracked 
|  72|0x00000000e4800000, 0x00000000e4800000, 0x00000000e4900000|  0%| F|  |TAMS 0x00000000e4800000| PB 0x00000000e4800000| Untracked 
|  73|0x00000000e4900000, 0x00000000e4900000, 0x00000000e4a00000|  0%| F|  |TAMS 0x00000000e4900000| PB 0x00000000e4900000| Untracked 
|  74|0x00000000e4a00000, 0x00000000e4a00000, 0x00000000e4b00000|  0%| F|  |TAMS 0x00000000e4a00000| PB 0x00000000e4a00000| Untracked 
|  75|0x00000000e4b00000, 0x00000000e4b00000, 0x00000000e4c00000|  0%| F|  |TAMS 0x00000000e4b00000| PB 0x00000000e4b00000| Untracked 
|  76|0x00000000e4c00000, 0x00000000e4c00000, 0x00000000e4d00000|  0%| F|  |TAMS 0x00000000e4c00000| PB 0x00000000e4c00000| Untracked 
|  77|0x00000000e4d00000, 0x00000000e4d00000, 0x00000000e4e00000|  0%| F|  |TAMS 0x00000000e4d00000| PB 0x00000000e4d00000| Untracked 
|  78|0x00000000e4e00000, 0x00000000e4e00000, 0x00000000e4f00000|  0%| F|  |TAMS 0x00000000e4e00000| PB 0x00000000e4e00000| Untracked 
|  79|0x00000000e4f00000, 0x00000000e4f00000, 0x00000000e5000000|  0%| F|  |TAMS 0x00000000e4f00000| PB 0x00000000e4f00000| Untracked 
|  80|0x00000000e5000000, 0x00000000e5000000, 0x00000000e5100000|  0%| F|  |TAMS 0x00000000e5000000| PB 0x00000000e5000000| Untracked 
|  81|0x00000000e5100000, 0x00000000e5100000, 0x00000000e5200000|  0%| F|  |TAMS 0x00000000e5100000| PB 0x00000000e5100000| Untracked 
|  82|0x00000000e5200000, 0x00000000e5200000, 0x00000000e5300000|  0%| F|  |TAMS 0x00000000e5200000| PB 0x00000000e5200000| Untracked 
|  83|0x00000000e5300000, 0x00000000e5300000, 0x00000000e5400000|  0%| F|  |TAMS 0x00000000e5300000| PB 0x00000000e5300000| Untracked 
|  84|0x00000000e5400000, 0x00000000e5400000, 0x00000000e5500000|  0%| F|  |TAMS 0x00000000e5400000| PB 0x00000000e5400000| Untracked 
|  85|0x00000000e5500000, 0x00000000e5500000, 0x00000000e5600000|  0%| F|  |TAMS 0x00000000e5500000| PB 0x00000000e5500000| Untracked 
|  86|0x00000000e5600000, 0x00000000e5600000, 0x00000000e5700000|  0%| F|  |TAMS 0x00000000e5600000| PB 0x00000000e5600000| Untracked 
|  87|0x00000000e5700000, 0x00000000e5700000, 0x00000000e5800000|  0%| F|  |TAMS 0x00000000e5700000| PB 0x00000000e5700000| Untracked 
|  88|0x00000000e5800000, 0x00000000e5800000, 0x00000000e5900000|  0%| F|  |TAMS 0x00000000e5800000| PB 0x00000000e5800000| Untracked 
|  89|0x00000000e5900000, 0x00000000e5900000, 0x00000000e5a00000|  0%| F|  |TAMS 0x00000000e5900000| PB 0x00000000e5900000| Untracked 
|  90|0x00000000e5a00000, 0x00000000e5a00000, 0x00000000e5b00000|  0%| F|  |TAMS 0x00000000e5a00000| PB 0x00000000e5a00000| Untracked 
|  91|0x00000000e5b00000, 0x00000000e5b00000, 0x00000000e5c00000|  0%| F|  |TAMS 0x00000000e5b00000| PB 0x00000000e5b00000| Untracked 
|  92|0x00000000e5c00000, 0x00000000e5c00000, 0x00000000e5d00000|  0%| F|  |TAMS 0x00000000e5c00000| PB 0x00000000e5c00000| Untracked 
|  93|0x00000000e5d00000, 0x00000000e5d00000, 0x00000000e5e00000|  0%| F|  |TAMS 0x00000000e5d00000| PB 0x00000000e5d00000| Untracked 
|  94|0x00000000e5e00000, 0x00000000e5e00000, 0x00000000e5f00000|  0%| F|  |TAMS 0x00000000e5e00000| PB 0x00000000e5e00000| Untracked 
|  95|0x00000000e5f00000, 0x00000000e5f00000, 0x00000000e6000000|  0%| F|  |TAMS 0x00000000e5f00000| PB 0x00000000e5f00000| Untracked 
|  96|0x00000000e6000000, 0x00000000e6000000, 0x00000000e6100000|  0%| F|  |TAMS 0x00000000e6000000| PB 0x00000000e6000000| Untracked 
|  97|0x00000000e6100000, 0x00000000e6100000, 0x00000000e6200000|  0%| F|  |TAMS 0x00000000e6100000| PB 0x00000000e6100000| Untracked 
|  98|0x00000000e6200000, 0x00000000e6200000, 0x00000000e6300000|  0%| F|  |TAMS 0x00000000e6200000| PB 0x00000000e6200000| Untracked 
|  99|0x00000000e6300000, 0x00000000e6300000, 0x00000000e6400000|  0%| F|  |TAMS 0x00000000e6300000| PB 0x00000000e6300000| Untracked 
| 100|0x00000000e6400000, 0x00000000e6400000, 0x00000000e6500000|  0%| F|  |TAMS 0x00000000e6400000| PB 0x00000000e6400000| Untracked 
| 101|0x00000000e6500000, 0x00000000e6500000, 0x00000000e6600000|  0%| F|  |TAMS 0x00000000e6500000| PB 0x00000000e6500000| Untracked 
| 102|0x00000000e6600000, 0x00000000e6600000, 0x00000000e6700000|  0%| F|  |TAMS 0x00000000e6600000| PB 0x00000000e6600000| Untracked 
| 103|0x00000000e6700000, 0x00000000e6700000, 0x00000000e6800000|  0%| F|  |TAMS 0x00000000e6700000| PB 0x00000000e6700000| Untracked 
| 104|0x00000000e6800000, 0x00000000e6800000, 0x00000000e6900000|  0%| F|  |TAMS 0x00000000e6800000| PB 0x00000000e6800000| Untracked 
| 105|0x00000000e6900000, 0x00000000e6900000, 0x00000000e6a00000|  0%| F|  |TAMS 0x00000000e6900000| PB 0x00000000e6900000| Untracked 
| 106|0x00000000e6a00000, 0x00000000e6a00000, 0x00000000e6b00000|  0%| F|  |TAMS 0x00000000e6a00000| PB 0x00000000e6a00000| Untracked 
| 107|0x00000000e6b00000, 0x00000000e6b00000, 0x00000000e6c00000|  0%| F|  |TAMS 0x00000000e6b00000| PB 0x00000000e6b00000| Untracked 
| 108|0x00000000e6c00000, 0x00000000e6c00000, 0x00000000e6d00000|  0%| F|  |TAMS 0x00000000e6c00000| PB 0x00000000e6c00000| Untracked 
| 109|0x00000000e6d00000, 0x00000000e6d00000, 0x00000000e6e00000|  0%| F|  |TAMS 0x00000000e6d00000| PB 0x00000000e6d00000| Untracked 
| 110|0x00000000e6e00000, 0x00000000e6e00000, 0x00000000e6f00000|  0%| F|  |TAMS 0x00000000e6e00000| PB 0x00000000e6e00000| Untracked 
| 111|0x00000000e6f00000, 0x00000000e6f00000, 0x00000000e7000000|  0%| F|  |TAMS 0x00000000e6f00000| PB 0x00000000e6f00000| Untracked 
| 112|0x00000000e7000000, 0x00000000e7000000, 0x00000000e7100000|  0%| F|  |TAMS 0x00000000e7000000| PB 0x00000000e7000000| Untracked 
| 113|0x00000000e7100000, 0x00000000e7100000, 0x00000000e7200000|  0%| F|  |TAMS 0x00000000e7100000| PB 0x00000000e7100000| Untracked 
| 114|0x00000000e7200000, 0x00000000e7200000, 0x00000000e7300000|  0%| F|  |TAMS 0x00000000e7200000| PB 0x00000000e7200000| Untracked 
| 115|0x00000000e7300000, 0x00000000e7300000, 0x00000000e7400000|  0%| F|  |TAMS 0x00000000e7300000| PB 0x00000000e7300000| Untracked 
| 116|0x00000000e7400000, 0x00000000e7400000, 0x00000000e7500000|  0%| F|  |TAMS 0x00000000e7400000| PB 0x00000000e7400000| Untracked 
| 117|0x00000000e7500000, 0x00000000e7500000, 0x00000000e7600000|  0%| F|  |TAMS 0x00000000e7500000| PB 0x00000000e7500000| Untracked 
| 118|0x00000000e7600000, 0x00000000e7600000, 0x00000000e7700000|  0%| F|  |TAMS 0x00000000e7600000| PB 0x00000000e7600000| Untracked 
| 119|0x00000000e7700000, 0x00000000e7700000, 0x00000000e7800000|  0%| F|  |TAMS 0x00000000e7700000| PB 0x00000000e7700000| Untracked 
| 120|0x00000000e7800000, 0x00000000e7800000, 0x00000000e7900000|  0%| F|  |TAMS 0x00000000e7800000| PB 0x00000000e7800000| Untracked 
| 121|0x00000000e7900000, 0x00000000e7900000, 0x00000000e7a00000|  0%| F|  |TAMS 0x00000000e7900000| PB 0x00000000e7900000| Untracked 
| 122|0x00000000e7a00000, 0x00000000e7a00000, 0x00000000e7b00000|  0%| F|  |TAMS 0x00000000e7a00000| PB 0x00000000e7a00000| Untracked 
| 123|0x00000000e7b00000, 0x00000000e7b00000, 0x00000000e7c00000|  0%| F|  |TAMS 0x00000000e7b00000| PB 0x00000000e7b00000| Untracked 
| 124|0x00000000e7c00000, 0x00000000e7c00000, 0x00000000e7d00000|  0%| F|  |TAMS 0x00000000e7c00000| PB 0x00000000e7c00000| Untracked 
| 125|0x00000000e7d00000, 0x00000000e7d00000, 0x00000000e7e00000|  0%| F|  |TAMS 0x00000000e7d00000| PB 0x00000000e7d00000| Untracked 
| 126|0x00000000e7e00000, 0x00000000e7e00000, 0x00000000e7f00000|  0%| F|  |TAMS 0x00000000e7e00000| PB 0x00000000e7e00000| Untracked 
| 127|0x00000000e7f00000, 0x00000000e7f00000, 0x00000000e8000000|  0%| F|  |TAMS 0x00000000e7f00000| PB 0x00000000e7f00000| Untracked 
| 128|0x00000000e8000000, 0x00000000e8000000, 0x00000000e8100000|  0%| F|  |TAMS 0x00000000e8000000| PB 0x00000000e8000000| Untracked 
| 129|0x00000000e8100000, 0x00000000e8100000, 0x00000000e8200000|  0%| F|  |TAMS 0x00000000e8100000| PB 0x00000000e8100000| Untracked 
| 130|0x00000000e8200000, 0x00000000e8200000, 0x00000000e8300000|  0%| F|  |TAMS 0x00000000e8200000| PB 0x00000000e8200000| Untracked 
| 131|0x00000000e8300000, 0x00000000e8300000, 0x00000000e8400000|  0%| F|  |TAMS 0x00000000e8300000| PB 0x00000000e8300000| Untracked 
| 132|0x00000000e8400000, 0x00000000e8400000, 0x00000000e8500000|  0%| F|  |TAMS 0x00000000e8400000| PB 0x00000000e8400000| Untracked 
| 133|0x00000000e8500000, 0x00000000e8500000, 0x00000000e8600000|  0%| F|  |TAMS 0x00000000e8500000| PB 0x00000000e8500000| Untracked 
| 134|0x00000000e8600000, 0x00000000e8600000, 0x00000000e8700000|  0%| F|  |TAMS 0x00000000e8600000| PB 0x00000000e8600000| Untracked 
| 135|0x00000000e8700000, 0x00000000e8700000, 0x00000000e8800000|  0%| F|  |TAMS 0x00000000e8700000| PB 0x00000000e8700000| Untracked 
| 136|0x00000000e8800000, 0x00000000e8800000, 0x00000000e8900000|  0%| F|  |TAMS 0x00000000e8800000| PB 0x00000000e8800000| Untracked 
| 137|0x00000000e8900000, 0x00000000e8900000, 0x00000000e8a00000|  0%| F|  |TAMS 0x00000000e8900000| PB 0x00000000e8900000| Untracked 
| 138|0x00000000e8a00000, 0x00000000e8a00000, 0x00000000e8b00000|  0%| F|  |TAMS 0x00000000e8a00000| PB 0x00000000e8a00000| Untracked 
| 139|0x00000000e8b00000, 0x00000000e8b00000, 0x00000000e8c00000|  0%| F|  |TAMS 0x00000000e8b00000| PB 0x00000000e8b00000| Untracked 
| 140|0x00000000e8c00000, 0x00000000e8c00000, 0x00000000e8d00000|  0%| F|  |TAMS 0x00000000e8c00000| PB 0x00000000e8c00000| Untracked 
| 141|0x00000000e8d00000, 0x00000000e8d00000, 0x00000000e8e00000|  0%| F|  |TAMS 0x00000000e8d00000| PB 0x00000000e8d00000| Untracked 
| 142|0x00000000e8e00000, 0x00000000e8e00000, 0x00000000e8f00000|  0%| F|  |TAMS 0x00000000e8e00000| PB 0x00000000e8e00000| Untracked 
| 143|0x00000000e8f00000, 0x00000000e8f00000, 0x00000000e9000000|  0%| F|  |TAMS 0x00000000e8f00000| PB 0x00000000e8f00000| Untracked 
| 144|0x00000000e9000000, 0x00000000e9000000, 0x00000000e9100000|  0%| F|  |TAMS 0x00000000e9000000| PB 0x00000000e9000000| Untracked 
| 145|0x00000000e9100000, 0x00000000e9100000, 0x00000000e9200000|  0%| F|  |TAMS 0x00000000e9100000| PB 0x00000000e9100000| Untracked 
| 146|0x00000000e9200000, 0x00000000e9200000, 0x00000000e9300000|  0%| F|  |TAMS 0x00000000e9200000| PB 0x00000000e9200000| Untracked 
| 147|0x00000000e9300000, 0x00000000e9300000, 0x00000000e9400000|  0%| F|  |TAMS 0x00000000e9300000| PB 0x00000000e9300000| Untracked 
| 148|0x00000000e9400000, 0x00000000e9400000, 0x00000000e9500000|  0%| F|  |TAMS 0x00000000e9400000| PB 0x00000000e9400000| Untracked 
| 149|0x00000000e9500000, 0x00000000e9500000, 0x00000000e9600000|  0%| F|  |TAMS 0x00000000e9500000| PB 0x00000000e9500000| Untracked 
| 150|0x00000000e9600000, 0x00000000e9600000, 0x00000000e9700000|  0%| F|  |TAMS 0x00000000e9600000| PB 0x00000000e9600000| Untracked 
| 151|0x00000000e9700000, 0x00000000e9700000, 0x00000000e9800000|  0%| F|  |TAMS 0x00000000e9700000| PB 0x00000000e9700000| Untracked 
| 152|0x00000000e9800000, 0x00000000e9800000, 0x00000000e9900000|  0%| F|  |TAMS 0x00000000e9800000| PB 0x00000000e9800000| Untracked 
| 153|0x00000000e9900000, 0x00000000e9900000, 0x00000000e9a00000|  0%| F|  |TAMS 0x00000000e9900000| PB 0x00000000e9900000| Untracked 
| 154|0x00000000e9a00000, 0x00000000e9a00000, 0x00000000e9b00000|  0%| F|  |TAMS 0x00000000e9a00000| PB 0x00000000e9a00000| Untracked 
| 155|0x00000000e9b00000, 0x00000000e9b00000, 0x00000000e9c00000|  0%| F|  |TAMS 0x00000000e9b00000| PB 0x00000000e9b00000| Untracked 
| 156|0x00000000e9c00000, 0x00000000e9c00000, 0x00000000e9d00000|  0%| F|  |TAMS 0x00000000e9c00000| PB 0x00000000e9c00000| Untracked 
| 157|0x00000000e9d00000, 0x00000000e9d00000, 0x00000000e9e00000|  0%| F|  |TAMS 0x00000000e9d00000| PB 0x00000000e9d00000| Untracked 
| 158|0x00000000e9e00000, 0x00000000e9e00000, 0x00000000e9f00000|  0%| F|  |TAMS 0x00000000e9e00000| PB 0x00000000e9e00000| Untracked 
| 159|0x00000000e9f00000, 0x00000000e9f00000, 0x00000000ea000000|  0%| F|  |TAMS 0x00000000e9f00000| PB 0x00000000e9f00000| Untracked 
| 160|0x00000000ea000000, 0x00000000ea000000, 0x00000000ea100000|  0%| F|  |TAMS 0x00000000ea000000| PB 0x00000000ea000000| Untracked 
| 161|0x00000000ea100000, 0x00000000ea100000, 0x00000000ea200000|  0%| F|  |TAMS 0x00000000ea100000| PB 0x00000000ea100000| Untracked 
| 162|0x00000000ea200000, 0x00000000ea200000, 0x00000000ea300000|  0%| F|  |TAMS 0x00000000ea200000| PB 0x00000000ea200000| Untracked 
| 163|0x00000000ea300000, 0x00000000ea300000, 0x00000000ea400000|  0%| F|  |TAMS 0x00000000ea300000| PB 0x00000000ea300000| Untracked 
| 164|0x00000000ea400000, 0x00000000ea400000, 0x00000000ea500000|  0%| F|  |TAMS 0x00000000ea400000| PB 0x00000000ea400000| Untracked 
| 165|0x00000000ea500000, 0x00000000ea500000, 0x00000000ea600000|  0%| F|  |TAMS 0x00000000ea500000| PB 0x00000000ea500000| Untracked 
| 166|0x00000000ea600000, 0x00000000ea600000, 0x00000000ea700000|  0%| F|  |TAMS 0x00000000ea600000| PB 0x00000000ea600000| Untracked 
| 167|0x00000000ea700000, 0x00000000ea700000, 0x00000000ea800000|  0%| F|  |TAMS 0x00000000ea700000| PB 0x00000000ea700000| Untracked 
| 168|0x00000000ea800000, 0x00000000ea800000, 0x00000000ea900000|  0%| F|  |TAMS 0x00000000ea800000| PB 0x00000000ea800000| Untracked 
| 169|0x00000000ea900000, 0x00000000ea900000, 0x00000000eaa00000|  0%| F|  |TAMS 0x00000000ea900000| PB 0x00000000ea900000| Untracked 
| 170|0x00000000eaa00000, 0x00000000eaa00000, 0x00000000eab00000|  0%| F|  |TAMS 0x00000000eaa00000| PB 0x00000000eaa00000| Untracked 
| 171|0x00000000eab00000, 0x00000000eab00000, 0x00000000eac00000|  0%| F|  |TAMS 0x00000000eab00000| PB 0x00000000eab00000| Untracked 
| 172|0x00000000eac00000, 0x00000000eac00000, 0x00000000ead00000|  0%| F|  |TAMS 0x00000000eac00000| PB 0x00000000eac00000| Untracked 
| 173|0x00000000ead00000, 0x00000000ead00000, 0x00000000eae00000|  0%| F|  |TAMS 0x00000000ead00000| PB 0x00000000ead00000| Untracked 
| 174|0x00000000eae00000, 0x00000000eae00000, 0x00000000eaf00000|  0%| F|  |TAMS 0x00000000eae00000| PB 0x00000000eae00000| Untracked 
| 175|0x00000000eaf00000, 0x00000000eaf00000, 0x00000000eb000000|  0%| F|  |TAMS 0x00000000eaf00000| PB 0x00000000eaf00000| Untracked 
| 176|0x00000000eb000000, 0x00000000eb000000, 0x00000000eb100000|  0%| F|  |TAMS 0x00000000eb000000| PB 0x00000000eb000000| Untracked 
| 177|0x00000000eb100000, 0x00000000eb100000, 0x00000000eb200000|  0%| F|  |TAMS 0x00000000eb100000| PB 0x00000000eb100000| Untracked 
| 178|0x00000000eb200000, 0x00000000eb200000, 0x00000000eb300000|  0%| F|  |TAMS 0x00000000eb200000| PB 0x00000000eb200000| Untracked 
| 179|0x00000000eb300000, 0x00000000eb300000, 0x00000000eb400000|  0%| F|  |TAMS 0x00000000eb300000| PB 0x00000000eb300000| Untracked 
| 180|0x00000000eb400000, 0x00000000eb400000, 0x00000000eb500000|  0%| F|  |TAMS 0x00000000eb400000| PB 0x00000000eb400000| Untracked 
| 181|0x00000000eb500000, 0x00000000eb500000, 0x00000000eb600000|  0%| F|  |TAMS 0x00000000eb500000| PB 0x00000000eb500000| Untracked 
| 182|0x00000000eb600000, 0x00000000eb600000, 0x00000000eb700000|  0%| F|  |TAMS 0x00000000eb600000| PB 0x00000000eb600000| Untracked 
| 183|0x00000000eb700000, 0x00000000eb700000, 0x00000000eb800000|  0%| F|  |TAMS 0x00000000eb700000| PB 0x00000000eb700000| Untracked 
| 184|0x00000000eb800000, 0x00000000eb880000, 0x00000000eb900000| 50%| E|  |TAMS 0x00000000eb800000| PB 0x00000000eb800000| Complete 
| 185|0x00000000eb900000, 0x00000000eba00000, 0x00000000eba00000|100%| E|CS|TAMS 0x00000000eb900000| PB 0x00000000eb900000| Complete 
| 186|0x00000000eba00000, 0x00000000ebb00000, 0x00000000ebb00000|100%| E|CS|TAMS 0x00000000eba00000| PB 0x00000000eba00000| Complete 
| 187|0x00000000ebb00000, 0x00000000ebc00000, 0x00000000ebc00000|100%| E|CS|TAMS 0x00000000ebb00000| PB 0x00000000ebb00000| Complete 
| 188|0x00000000ebc00000, 0x00000000ebd00000, 0x00000000ebd00000|100%| E|CS|TAMS 0x00000000ebc00000| PB 0x00000000ebc00000| Complete 
| 189|0x00000000ebd00000, 0x00000000ebe00000, 0x00000000ebe00000|100%| E|CS|TAMS 0x00000000ebd00000| PB 0x00000000ebd00000| Complete 
| 190|0x00000000ebe00000, 0x00000000ebf00000, 0x00000000ebf00000|100%| E|CS|TAMS 0x00000000ebe00000| PB 0x00000000ebe00000| Complete 
| 191|0x00000000ebf00000, 0x00000000ec000000, 0x00000000ec000000|100%| E|CS|TAMS 0x00000000ebf00000| PB 0x00000000ebf00000| Complete 
| 192|0x00000000ec000000, 0x00000000ec100000, 0x00000000ec100000|100%| E|CS|TAMS 0x00000000ec000000| PB 0x00000000ec000000| Complete 
| 193|0x00000000ec100000, 0x00000000ec200000, 0x00000000ec200000|100%| E|CS|TAMS 0x00000000ec100000| PB 0x00000000ec100000| Complete 
| 194|0x00000000ec200000, 0x00000000ec300000, 0x00000000ec300000|100%| E|CS|TAMS 0x00000000ec200000| PB 0x00000000ec200000| Complete 
| 195|0x00000000ec300000, 0x00000000ec400000, 0x00000000ec400000|100%| E|CS|TAMS 0x00000000ec300000| PB 0x00000000ec300000| Complete 
| 196|0x00000000ec400000, 0x00000000ec500000, 0x00000000ec500000|100%| E|CS|TAMS 0x00000000ec400000| PB 0x00000000ec400000| Complete 
| 197|0x00000000ec500000, 0x00000000ec600000, 0x00000000ec600000|100%| E|CS|TAMS 0x00000000ec500000| PB 0x00000000ec500000| Complete 
| 198|0x00000000ec600000, 0x00000000ec700000, 0x00000000ec700000|100%| E|CS|TAMS 0x00000000ec600000| PB 0x00000000ec600000| Complete 
| 199|0x00000000ec700000, 0x00000000ec800000, 0x00000000ec800000|100%| E|CS|TAMS 0x00000000ec700000| PB 0x00000000ec700000| Complete 
| 200|0x00000000ec800000, 0x00000000ec900000, 0x00000000ec900000|100%| E|CS|TAMS 0x00000000ec800000| PB 0x00000000ec800000| Complete 
| 201|0x00000000ec900000, 0x00000000eca00000, 0x00000000eca00000|100%| E|CS|TAMS 0x00000000ec900000| PB 0x00000000ec900000| Complete 
| 202|0x00000000eca00000, 0x00000000ecb00000, 0x00000000ecb00000|100%| E|CS|TAMS 0x00000000eca00000| PB 0x00000000eca00000| Complete 
| 203|0x00000000ecb00000, 0x00000000ecc00000, 0x00000000ecc00000|100%| E|CS|TAMS 0x00000000ecb00000| PB 0x00000000ecb00000| Complete 
| 204|0x00000000ecc00000, 0x00000000ecd00000, 0x00000000ecd00000|100%| E|CS|TAMS 0x00000000ecc00000| PB 0x00000000ecc00000| Complete 
| 205|0x00000000ecd00000, 0x00000000ece00000, 0x00000000ece00000|100%| E|CS|TAMS 0x00000000ecd00000| PB 0x00000000ecd00000| Complete 
| 206|0x00000000ece00000, 0x00000000ecf00000, 0x00000000ecf00000|100%| E|CS|TAMS 0x00000000ece00000| PB 0x00000000ece00000| Complete 
| 207|0x00000000ecf00000, 0x00000000ed000000, 0x00000000ed000000|100%| E|CS|TAMS 0x00000000ecf00000| PB 0x00000000ecf00000| Complete 
| 208|0x00000000ed000000, 0x00000000ed100000, 0x00000000ed100000|100%| E|CS|TAMS 0x00000000ed000000| PB 0x00000000ed000000| Complete 
| 209|0x00000000ed100000, 0x00000000ed200000, 0x00000000ed200000|100%| E|CS|TAMS 0x00000000ed100000| PB 0x00000000ed100000| Complete 
| 210|0x00000000ed200000, 0x00000000ed300000, 0x00000000ed300000|100%| E|CS|TAMS 0x00000000ed200000| PB 0x00000000ed200000| Complete 
| 211|0x00000000ed300000, 0x00000000ed400000, 0x00000000ed400000|100%| E|CS|TAMS 0x00000000ed300000| PB 0x00000000ed300000| Complete 
| 212|0x00000000ed400000, 0x00000000ed500000, 0x00000000ed500000|100%| E|CS|TAMS 0x00000000ed400000| PB 0x00000000ed400000| Complete 
| 213|0x00000000ed500000, 0x00000000ed600000, 0x00000000ed600000|100%| E|CS|TAMS 0x00000000ed500000| PB 0x00000000ed500000| Complete 
| 214|0x00000000ed600000, 0x00000000ed700000, 0x00000000ed700000|100%| E|CS|TAMS 0x00000000ed600000| PB 0x00000000ed600000| Complete 
| 215|0x00000000ed700000, 0x00000000ed800000, 0x00000000ed800000|100%| E|CS|TAMS 0x00000000ed700000| PB 0x00000000ed700000| Complete 
| 216|0x00000000ed800000, 0x00000000ed900000, 0x00000000ed900000|100%| E|CS|TAMS 0x00000000ed800000| PB 0x00000000ed800000| Complete 
| 217|0x00000000ed900000, 0x00000000eda00000, 0x00000000eda00000|100%| E|CS|TAMS 0x00000000ed900000| PB 0x00000000ed900000| Complete 
| 218|0x00000000eda00000, 0x00000000edb00000, 0x00000000edb00000|100%| E|CS|TAMS 0x00000000eda00000| PB 0x00000000eda00000| Complete 
| 219|0x00000000edb00000, 0x00000000edc00000, 0x00000000edc00000|100%| E|CS|TAMS 0x00000000edb00000| PB 0x00000000edb00000| Complete 
| 220|0x00000000edc00000, 0x00000000edd00000, 0x00000000edd00000|100%| E|CS|TAMS 0x00000000edc00000| PB 0x00000000edc00000| Complete 
| 221|0x00000000edd00000, 0x00000000ede00000, 0x00000000ede00000|100%| E|CS|TAMS 0x00000000edd00000| PB 0x00000000edd00000| Complete 
| 222|0x00000000ede00000, 0x00000000edf00000, 0x00000000edf00000|100%| E|CS|TAMS 0x00000000ede00000| PB 0x00000000ede00000| Complete 
| 223|0x00000000edf00000, 0x00000000ee000000, 0x00000000ee000000|100%| E|CS|TAMS 0x00000000edf00000| PB 0x00000000edf00000| Complete 
| 224|0x00000000ee000000, 0x00000000ee100000, 0x00000000ee100000|100%| E|CS|TAMS 0x00000000ee000000| PB 0x00000000ee000000| Complete 
| 225|0x00000000ee100000, 0x00000000ee200000, 0x00000000ee200000|100%| E|CS|TAMS 0x00000000ee100000| PB 0x00000000ee100000| Complete 
| 226|0x00000000ee200000, 0x00000000ee300000, 0x00000000ee300000|100%| E|CS|TAMS 0x00000000ee200000| PB 0x00000000ee200000| Complete 
| 227|0x00000000ee300000, 0x00000000ee400000, 0x00000000ee400000|100%| E|CS|TAMS 0x00000000ee300000| PB 0x00000000ee300000| Complete 
| 228|0x00000000ee400000, 0x00000000ee500000, 0x00000000ee500000|100%| E|CS|TAMS 0x00000000ee400000| PB 0x00000000ee400000| Complete 
| 229|0x00000000ee500000, 0x00000000ee600000, 0x00000000ee600000|100%| E|CS|TAMS 0x00000000ee500000| PB 0x00000000ee500000| Complete 
| 230|0x00000000ee600000, 0x00000000ee700000, 0x00000000ee700000|100%| E|CS|TAMS 0x00000000ee600000| PB 0x00000000ee600000| Complete 
| 231|0x00000000ee700000, 0x00000000ee800000, 0x00000000ee800000|100%| E|CS|TAMS 0x00000000ee700000| PB 0x00000000ee700000| Complete 
| 232|0x00000000ee800000, 0x00000000ee900000, 0x00000000ee900000|100%| E|CS|TAMS 0x00000000ee800000| PB 0x00000000ee800000| Complete 
| 233|0x00000000ee900000, 0x00000000eea00000, 0x00000000eea00000|100%| E|CS|TAMS 0x00000000ee900000| PB 0x00000000ee900000| Complete 
| 234|0x00000000eea00000, 0x00000000eea8cd48, 0x00000000eeb00000| 55%| S|CS|TAMS 0x00000000eea00000| PB 0x00000000eea00000| Complete 
| 235|0x00000000eeb00000, 0x00000000eec00000, 0x00000000eec00000|100%| S|CS|TAMS 0x00000000eeb00000| PB 0x00000000eeb00000| Complete 
| 236|0x00000000eec00000, 0x00000000eed00000, 0x00000000eed00000|100%| S|CS|TAMS 0x00000000eec00000| PB 0x00000000eec00000| Complete 
| 237|0x00000000eed00000, 0x00000000eee00000, 0x00000000eee00000|100%| S|CS|TAMS 0x00000000eed00000| PB 0x00000000eed00000| Complete 
| 238|0x00000000eee00000, 0x00000000eef00000, 0x00000000eef00000|100%| S|CS|TAMS 0x00000000eee00000| PB 0x00000000eee00000| Complete 
| 239|0x00000000eef00000, 0x00000000ef000000, 0x00000000ef000000|100%| S|CS|TAMS 0x00000000eef00000| PB 0x00000000eef00000| Complete 
| 240|0x00000000ef000000, 0x00000000ef100000, 0x00000000ef100000|100%| S|CS|TAMS 0x00000000ef000000| PB 0x00000000ef000000| Complete 
| 241|0x00000000ef100000, 0x00000000ef200000, 0x00000000ef200000|100%| S|CS|TAMS 0x00000000ef100000| PB 0x00000000ef100000| Complete 
| 242|0x00000000ef200000, 0x00000000ef300000, 0x00000000ef300000|100%| S|CS|TAMS 0x00000000ef200000| PB 0x00000000ef200000| Complete 
| 243|0x00000000ef300000, 0x00000000ef400000, 0x00000000ef400000|100%| S|CS|TAMS 0x00000000ef300000| PB 0x00000000ef300000| Complete 
| 244|0x00000000ef400000, 0x00000000ef500000, 0x00000000ef500000|100%| E|CS|TAMS 0x00000000ef400000| PB 0x00000000ef400000| Complete 
| 245|0x00000000ef500000, 0x00000000ef600000, 0x00000000ef600000|100%| E|CS|TAMS 0x00000000ef500000| PB 0x00000000ef500000| Complete 
| 246|0x00000000ef600000, 0x00000000ef700000, 0x00000000ef700000|100%| E|CS|TAMS 0x00000000ef600000| PB 0x00000000ef600000| Complete 
| 247|0x00000000ef700000, 0x00000000ef800000, 0x00000000ef800000|100%| E|CS|TAMS 0x00000000ef700000| PB 0x00000000ef700000| Complete 
| 248|0x00000000ef800000, 0x00000000ef900000, 0x00000000ef900000|100%| E|CS|TAMS 0x00000000ef800000| PB 0x00000000ef800000| Complete 
| 249|0x00000000ef900000, 0x00000000efa00000, 0x00000000efa00000|100%| E|CS|TAMS 0x00000000ef900000| PB 0x00000000ef900000| Complete 
| 250|0x00000000efa00000, 0x00000000efb00000, 0x00000000efb00000|100%| E|CS|TAMS 0x00000000efa00000| PB 0x00000000efa00000| Complete 
| 251|0x00000000efb00000, 0x00000000efc00000, 0x00000000efc00000|100%| E|CS|TAMS 0x00000000efb00000| PB 0x00000000efb00000| Complete 
| 252|0x00000000efc00000, 0x00000000efd00000, 0x00000000efd00000|100%| E|CS|TAMS 0x00000000efc00000| PB 0x00000000efc00000| Complete 
| 253|0x00000000efd00000, 0x00000000efe00000, 0x00000000efe00000|100%| E|CS|TAMS 0x00000000efd00000| PB 0x00000000efd00000| Complete 
| 254|0x00000000efe00000, 0x00000000eff00000, 0x00000000eff00000|100%| E|CS|TAMS 0x00000000efe00000| PB 0x00000000efe00000| Complete 
| 255|0x00000000eff00000, 0x00000000f0000000, 0x00000000f0000000|100%| E|CS|TAMS 0x00000000eff00000| PB 0x00000000eff00000| Complete 

Card table byte_map: [0x00000213b6e60000,0x00000213b6f60000] _byte_map_base: 0x00000213b6760000

Marking Bits: (CMBitMap*) 0x00000213a462fe50
 Bits: [0x00000213b6f60000, 0x00000213b7760000)

Polling page: 0x00000213a2440000

Metaspace:

Usage:
  Non-class:     34.16 MB used.
      Class:      6.04 MB used.
       Both:     40.19 MB used.

Virtual space:
  Non-class space:       64.00 MB reserved,      35.00 MB ( 55%) committed,  1 nodes.
      Class space:      320.00 MB reserved,       6.88 MB (  2%) committed,  1 nodes.
             Both:      384.00 MB reserved,      41.88 MB ( 11%) committed. 

Chunk freelists:
   Non-Class:  12.77 MB
       Class:  9.10 MB
        Both:  21.87 MB

MaxMetaspaceSize: 384.00 MB
CompressedClassSpaceSize: 320.00 MB
Initial GC threshold: 21.00 MB
Current GC threshold: 59.69 MB
CDS: on
 - commit_granule_bytes: 65536.
 - commit_granule_words: 8192.
 - virtual_space_node_default_size: 8388608.
 - enlarge_chunks_in_place: 1.
 - use_allocation_guard: 0.


Internal statistics:

num_allocs_failed_limit: 12.
num_arena_births: 3074.
num_arena_deaths: 0.
num_vsnodes_births: 2.
num_vsnodes_deaths: 0.
num_space_committed: 670.
num_space_uncommitted: 0.
num_chunks_returned_to_freelist: 12.
num_chunks_taken_from_freelist: 5132.
num_chunk_merges: 9.
num_chunk_splits: 3319.
num_chunks_enlarged: 1964.
num_inconsistent_stats: 0.

CodeHeap 'non-profiled nmethods': size=120000Kb used=2674Kb max_used=2674Kb free=117325Kb
 bounds [0x00000213af2d0000, 0x00000213af570000, 0x00000213b6800000]
CodeHeap 'profiled nmethods': size=120000Kb used=9242Kb max_used=9242Kb free=110757Kb
 bounds [0x00000213a7800000, 0x00000213a8110000, 0x00000213aed30000]
CodeHeap 'non-nmethods': size=5760Kb used=1839Kb max_used=1864Kb free=3920Kb
 bounds [0x00000213aed30000, 0x00000213aefa0000, 0x00000213af2d0000]
CodeCache: size=245760Kb, used=13755Kb, max_used=13780Kb, free=232002Kb
 total_blobs=5555, nmethods=4846, adapters=613, full_count=0
Compilation: enabled, stopped_count=0, restarted_count=0

Compilation events (20 events):
Event: 163.846 Thread 0x00000213ba40d840 5264       4       org.objectweb.asm.Label::resolve (259 bytes)
Event: 163.846 Thread 0x00000213ba40f9c0 5265       3       org.gradle.internal.instantiation.generator.AsmBackedClassGenerator$ClassBuilderImpl::access$4300 (4 bytes)
Event: 163.846 Thread 0x00000213ba40f9c0 nmethod 5265 0x00000213a7bc0810 code [0x00000213a7bc09a0, 0x00000213a7bc0a98]
Event: 163.846 Thread 0x00000213ba40f9c0 5266       3       org.objectweb.asm.Type::getSort (19 bytes)
Event: 163.846 Thread 0x00000213ba40f9c0 nmethod 5266 0x00000213a8100290 code [0x00000213a8100420, 0x00000213a8100570]
Event: 163.849 Thread 0x00000213ba40f9c0 5267       3       com.google.common.collect.LinkedHashMultimap::createCollection (14 bytes)
Event: 163.849 Thread 0x00000213ba40f9c0 nmethod 5267 0x00000213a8100610 code [0x00000213a81007c0, 0x00000213a8100978]
Event: 163.849 Thread 0x00000213ba40f9c0 5268       3       com.google.common.collect.LinkedHashMultimap$ValueSet::<init> (55 bytes)
Event: 163.849 Thread 0x00000213ba40f9c0 nmethod 5268 0x00000213a8100a90 code [0x00000213a8100ca0, 0x00000213a81011d0]
Event: 163.851 Thread 0x00000213ba40d840 nmethod 5264 0x00000213af563790 code [0x00000213af563920, 0x00000213af563c28]
Event: 163.871 Thread 0x00000213ba40d840 5269       4       sun.net.www.protocol.jar.Handler::parseURL (173 bytes)
Event: 163.930 Thread 0x00000213ba40f9c0 5271       3       org.gradle.internal.reflect.JavaPropertyReflectionUtil::hasTypeVariable (267 bytes)
Event: 163.932 Thread 0x00000213ba40f9c0 nmethod 5271 0x00000213a8101390 code [0x00000213a81017a0, 0x00000213a8103b88]
Event: 163.933 Thread 0x00000213ba40f9c0 5272       3       sun.reflect.generics.repository.ConstructorRepository::parse (6 bytes)
Event: 163.933 Thread 0x00000213ba40f9c0 nmethod 5272 0x00000213a8104290 code [0x00000213a8104480, 0x00000213a8104928]
Event: 163.933 Thread 0x00000213ba40f9c0 5273       3       sun.reflect.generics.repository.ConstructorRepository::parse (8 bytes)
Event: 163.934 Thread 0x00000213ba40f9c0 nmethod 5273 0x00000213a8104b10 code [0x00000213a8104ce0, 0x00000213a81050a8]
Event: 163.934 Thread 0x00000213ba40f9c0 5274       3       org.gradle.internal.reflect.PropertyAccessorType::of (99 bytes)
Event: 163.936 Thread 0x00000213ba40f9c0 nmethod 5274 0x00000213a8105210 code [0x00000213a8105540, 0x00000213a8106a28]
Event: 163.957 Thread 0x00000213ba40f9c0 5275   !   3       java.util.regex.Matcher::appendExpandedReplacement (508 bytes)

GC Heap History (14 events):
Event: 5.299 GC heap before
{Heap before GC invocations=0 (full 0):
 garbage-first heap   total 262144K, used 26624K [0x00000000e0000000, 0x0000000100000000)
  region size 1024K, 23 young (23552K), 0 survivors (0K)
 Metaspace       used 2804K, committed 2944K, reserved 393216K
  class space    used 326K, committed 384K, reserved 327680K
}
Event: 5.668 GC heap after
{Heap after GC invocations=1 (full 0):
 garbage-first heap   total 262144K, used 11370K [0x00000000e0000000, 0x0000000100000000)
  region size 1024K, 3 young (3072K), 3 survivors (3072K)
 Metaspace       used 2804K, committed 2944K, reserved 393216K
  class space    used 326K, committed 384K, reserved 327680K
}
Event: 7.731 GC heap before
{Heap before GC invocations=1 (full 0):
 garbage-first heap   total 262144K, used 40042K [0x00000000e0000000, 0x0000000100000000)
  region size 1024K, 30 young (30720K), 3 survivors (3072K)
 Metaspace       used 4637K, committed 4800K, reserved 393216K
  class space    used 595K, committed 704K, reserved 327680K
}
Event: 7.740 GC heap after
{Heap after GC invocations=2 (full 0):
 garbage-first heap   total 262144K, used 14374K [0x00000000e0000000, 0x0000000100000000)
  region size 1024K, 2 young (2048K), 2 survivors (2048K)
 Metaspace       used 4637K, committed 4800K, reserved 393216K
  class space    used 595K, committed 704K, reserved 327680K
}
Event: 58.362 GC heap before
{Heap before GC invocations=2 (full 0):
 garbage-first heap   total 262144K, used 95270K [0x00000000e0000000, 0x0000000100000000)
  region size 1024K, 80 young (81920K), 2 survivors (2048K)
 Metaspace       used 16146K, committed 16576K, reserved 393216K
  class space    used 2193K, committed 2368K, reserved 327680K
}
Event: 60.830 GC heap after
{Heap after GC invocations=3 (full 0):
 garbage-first heap   total 262144K, used 22260K [0x00000000e0000000, 0x0000000100000000)
  region size 1024K, 10 young (10240K), 10 survivors (10240K)
 Metaspace       used 16146K, committed 16576K, reserved 393216K
  class space    used 2193K, committed 2368K, reserved 327680K
}
Event: 65.577 GC heap before
{Heap before GC invocations=3 (full 0):
 garbage-first heap   total 262144K, used 57076K [0x00000000e0000000, 0x0000000100000000)
  region size 1024K, 45 young (46080K), 10 survivors (10240K)
 Metaspace       used 20817K, committed 21504K, reserved 393216K
  class space    used 2972K, committed 3328K, reserved 327680K
}
Event: 65.585 GC heap after
{Heap after GC invocations=4 (full 0):
 garbage-first heap   total 262144K, used 24853K [0x00000000e0000000, 0x0000000100000000)
  region size 1024K, 13 young (13312K), 13 survivors (13312K)
 Metaspace       used 20817K, committed 21504K, reserved 393216K
  class space    used 2972K, committed 3328K, reserved 327680K
}
Event: 120.269 GC heap before
{Heap before GC invocations=5 (full 0):
 garbage-first heap   total 262144K, used 131349K [0x00000000e0000000, 0x0000000100000000)
  region size 1024K, 119 young (121856K), 13 survivors (13312K)
 Metaspace       used 34556K, committed 35968K, reserved 393216K
  class space    used 5121K, committed 5824K, reserved 327680K
}
Event: 120.346 GC heap after
{Heap after GC invocations=6 (full 0):
 garbage-first heap   total 262144K, used 30989K [0x00000000e0000000, 0x0000000100000000)
  region size 1024K, 17 young (17408K), 17 survivors (17408K)
 Metaspace       used 34556K, committed 35968K, reserved 393216K
  class space    used 5121K, committed 5824K, reserved 327680K
}
Event: 120.776 GC heap before
{Heap before GC invocations=6 (full 0):
 garbage-first heap   total 262144K, used 32013K [0x00000000e0000000, 0x0000000100000000)
  region size 1024K, 19 young (19456K), 17 survivors (17408K)
 Metaspace       used 34841K, committed 36288K, reserved 393216K
  class space    used 5147K, committed 5888K, reserved 327680K
}
Event: 120.792 GC heap after
{Heap after GC invocations=7 (full 0):
 garbage-first heap   total 262144K, used 30977K [0x00000000e0000000, 0x0000000100000000)
  region size 1024K, 9 young (9216K), 9 survivors (9216K)
 Metaspace       used 34841K, committed 36288K, reserved 393216K
  class space    used 5147K, committed 5888K, reserved 327680K
}
Event: 121.208 GC heap before
{Heap before GC invocations=7 (full 0):
 garbage-first heap   total 262144K, used 33025K [0x00000000e0000000, 0x0000000100000000)
  region size 1024K, 12 young (12288K), 9 survivors (9216K)
 Metaspace       used 35198K, committed 36608K, reserved 393216K
  class space    used 5201K, committed 5888K, reserved 327680K
}
Event: 121.232 GC heap after
{Heap after GC invocations=8 (full 0):
 garbage-first heap   total 262144K, used 31540K [0x00000000e0000000, 0x0000000100000000)
  region size 1024K, 10 young (10240K), 10 survivors (10240K)
 Metaspace       used 35198K, committed 36608K, reserved 393216K
  class space    used 5201K, committed 5888K, reserved 327680K
}

Dll operation events (20 events):
Event: 2.444 Attempting to load shared library C:\Users\leyot\.vscode\extensions\redhat.java-1.56.0-win32-x64\jre\21.0.12.1-win32-x86_64\bin\nio.dll
Event: 2.445 Loaded shared library C:\Users\leyot\.vscode\extensions\redhat.java-1.56.0-win32-x64\jre\21.0.12.1-win32-x86_64\bin\nio.dll
Event: 2.506 Attempting to load shared library C:\Users\leyot\.vscode\extensions\redhat.java-1.56.0-win32-x64\jre\21.0.12.1-win32-x86_64\bin\zip.dll
Event: 2.506 Loaded shared library C:\Users\leyot\.vscode\extensions\redhat.java-1.56.0-win32-x64\jre\21.0.12.1-win32-x86_64\bin\zip.dll
Event: 3.656 Attempting to load shared library C:\Users\leyot\.vscode\extensions\redhat.java-1.56.0-win32-x64\jre\21.0.12.1-win32-x86_64\bin\jimage.dll
Event: 3.656 Loaded shared library C:\Users\leyot\.vscode\extensions\redhat.java-1.56.0-win32-x64\jre\21.0.12.1-win32-x86_64\bin\jimage.dll
Event: 4.912 Attempting to load shared library C:\Users\leyot\.vscode\extensions\redhat.java-1.56.0-win32-x64\jre\21.0.12.1-win32-x86_64\bin\verify.dll
Event: 4.913 Loaded shared library C:\Users\leyot\.vscode\extensions\redhat.java-1.56.0-win32-x64\jre\21.0.12.1-win32-x86_64\bin\verify.dll
Event: 5.063 Attempting to load shared library C:\Users\leyot\.gradle\native\660c5614fbf4a5f2a75b1949f50a0caf5cd603558e7d8a26e50b933a0cfb79d1\windows-amd64\native-platform.dll
Event: 5.065 Loaded shared library C:\Users\leyot\.gradle\native\660c5614fbf4a5f2a75b1949f50a0caf5cd603558e7d8a26e50b933a0cfb79d1\windows-amd64\native-platform.dll
Event: 5.113 Attempting to load shared library C:\Users\leyot\.gradle\native\0.2.8\x86_64-windows-gnu\gradle-fileevents.dll
Event: 5.115 Loaded shared library C:\Users\leyot\.gradle\native\0.2.8\x86_64-windows-gnu\gradle-fileevents.dll
Event: 9.581 Attempting to load shared library C:\Users\leyot\.vscode\extensions\redhat.java-1.56.0-win32-x64\jre\21.0.12.1-win32-x86_64\bin\management.dll
Event: 9.581 Loaded shared library C:\Users\leyot\.vscode\extensions\redhat.java-1.56.0-win32-x64\jre\21.0.12.1-win32-x86_64\bin\management.dll
Event: 9.589 Attempting to load shared library C:\Users\leyot\.vscode\extensions\redhat.java-1.56.0-win32-x64\jre\21.0.12.1-win32-x86_64\bin\management_ext.dll
Event: 9.590 Loaded shared library C:\Users\leyot\.vscode\extensions\redhat.java-1.56.0-win32-x64\jre\21.0.12.1-win32-x86_64\bin\management_ext.dll
Event: 11.179 Attempting to load shared library C:\Users\leyot\.vscode\extensions\redhat.java-1.56.0-win32-x64\jre\21.0.12.1-win32-x86_64\bin\extnet.dll
Event: 11.180 Loaded shared library C:\Users\leyot\.vscode\extensions\redhat.java-1.56.0-win32-x64\jre\21.0.12.1-win32-x86_64\bin\extnet.dll
Event: 39.565 Attempting to load shared library C:\Users\leyot\.vscode\extensions\redhat.java-1.56.0-win32-x64\jre\21.0.12.1-win32-x86_64\bin\sunmscapi.dll
Event: 39.568 Loaded shared library C:\Users\leyot\.vscode\extensions\redhat.java-1.56.0-win32-x64\jre\21.0.12.1-win32-x86_64\bin\sunmscapi.dll

Deoptimization events (20 events):
Event: 163.544 Thread 0x00000213ba64f440 Uncommon trap: trap_request=0xffffffc6 fr.pc=0x00000213af4a94dc relative=0x00000000000002fc
Event: 163.544 Thread 0x00000213ba64f440 Uncommon trap: reason=bimorphic_or_optimized_type_check action=maybe_recompile pc=0x00000213af4a94dc method=com.google.common.base.CharMatcher.indexIn(Ljava/lang/CharSequence;I)I @ 31 c2
Event: 163.544 Thread 0x00000213ba64f440 DEOPT PACKING pc=0x00000213af4a94dc sp=0x00000043b59f6fd0
Event: 163.544 Thread 0x00000213ba64f440 DEOPT UNPACKING pc=0x00000213aed84422 sp=0x00000043b59f6f78 mode 2
Event: 163.584 Thread 0x00000213ba64f440 Uncommon trap: trap_request=0xffffff45 fr.pc=0x00000213af55d35c relative=0x000000000000039c
Event: 163.584 Thread 0x00000213ba64f440 Uncommon trap: reason=unstable_if action=reinterpret pc=0x00000213af55d35c method=sun.invoke.util.VerifyType.isNullConversion(Ljava/lang/Class;Ljava/lang/Class;Z)Z @ 15 c2
Event: 163.584 Thread 0x00000213ba64f440 DEOPT PACKING pc=0x00000213af55d35c sp=0x00000043b59f7970
Event: 163.584 Thread 0x00000213ba64f440 DEOPT UNPACKING pc=0x00000213aed84422 sp=0x00000043b59f7918 mode 2
Event: 163.619 Thread 0x00000213ba64f440 Uncommon trap: trap_request=0xffffffc6 fr.pc=0x00000213af4a94dc relative=0x00000000000002fc
Event: 163.619 Thread 0x00000213ba64f440 Uncommon trap: reason=bimorphic_or_optimized_type_check action=maybe_recompile pc=0x00000213af4a94dc method=com.google.common.base.CharMatcher.indexIn(Ljava/lang/CharSequence;I)I @ 31 c2
Event: 163.619 Thread 0x00000213ba64f440 DEOPT PACKING pc=0x00000213af4a94dc sp=0x00000043b59f6fd0
Event: 163.619 Thread 0x00000213ba64f440 DEOPT UNPACKING pc=0x00000213aed84422 sp=0x00000043b59f6f78 mode 2
Event: 163.631 Thread 0x00000213ba64f440 Uncommon trap: trap_request=0xffffffc6 fr.pc=0x00000213af4a94dc relative=0x00000000000002fc
Event: 163.631 Thread 0x00000213ba64f440 Uncommon trap: reason=bimorphic_or_optimized_type_check action=maybe_recompile pc=0x00000213af4a94dc method=com.google.common.base.CharMatcher.indexIn(Ljava/lang/CharSequence;I)I @ 31 c2
Event: 163.631 Thread 0x00000213ba64f440 DEOPT PACKING pc=0x00000213af4a94dc sp=0x00000043b59f6fd0
Event: 163.631 Thread 0x00000213ba64f440 DEOPT UNPACKING pc=0x00000213aed84422 sp=0x00000043b59f6f78 mode 2
Event: 163.918 Thread 0x00000213ba64f440 Uncommon trap: trap_request=0xffffff45 fr.pc=0x00000213af56315c relative=0x000000000000035c
Event: 163.918 Thread 0x00000213ba64f440 Uncommon trap: reason=unstable_if action=reinterpret pc=0x00000213af56315c method=org.gradle.internal.reflect.PropertyAccessorType.of(Ljava/lang/reflect/Method;)Lorg/gradle/internal/reflect/PropertyAccessorType; @ 56 c2
Event: 163.918 Thread 0x00000213ba64f440 DEOPT PACKING pc=0x00000213af56315c sp=0x00000043b59f8540
Event: 163.918 Thread 0x00000213ba64f440 DEOPT UNPACKING pc=0x00000213aed84422 sp=0x00000043b59f8500 mode 2

Classes loaded (20 events):
Event: 151.584 Loading class sun/reflect/generics/tree/BooleanSignature
Event: 151.585 Loading class sun/reflect/generics/tree/BooleanSignature done
Event: 151.613 Loading class org/xml/sax/SAXParseException
Event: 151.613 Loading class org/xml/sax/SAXParseException done
Event: 151.613 Loading class org/xml/sax/Locator
Event: 151.613 Loading class org/xml/sax/Locator done
Event: 151.615 Loading class org/xml/sax/Attributes
Event: 151.615 Loading class org/xml/sax/Attributes done
Event: 151.954 Loading class java/util/DualPivotQuicksort
Event: 151.955 Loading class java/util/DualPivotQuicksort done
Event: 152.123 Loading class java/util/function/LongUnaryOperator
Event: 152.124 Loading class java/util/function/LongUnaryOperator done
Event: 152.190 Loading class java/util/TreeMap$KeySpliterator
Event: 152.190 Loading class java/util/TreeMap$TreeMapSpliterator
Event: 152.190 Loading class java/util/TreeMap$TreeMapSpliterator done
Event: 152.190 Loading class java/util/TreeMap$KeySpliterator done
Event: 152.222 Loading class java/util/PrimitiveIterator$OfInt
Event: 152.222 Loading class java/util/PrimitiveIterator$OfInt done
Event: 163.464 Loading class java/lang/invoke/BoundMethodHandle$Species_LLLLILLLLLL
Event: 163.464 Loading class java/lang/invoke/BoundMethodHandle$Species_LLLLILLLLLL done

Classes unloaded (0 events):
No events

Classes redefined (0 events):
No events

Internal exceptions (20 events):
Event: 163.327 Thread 0x00000213ba64f440 Exception <a 'java/lang/ClassNotFoundException'{0x00000000ebf56ec0}: org/gradle/api/internal/project/ProjectScriptCustomizer> (0x00000000ebf56ec0) 
thrown [s\src\hotspot\share\classfile\systemDictionary.cpp, line 313]
Event: 163.333 Thread 0x00000213ba64f440 Exception <a 'java/lang/ClassNotFoundException'{0x00000000ebf6e5d8}: build_1g9mzvphsumx5zxcyvgvksaedCustomizer> (0x00000000ebf6e5d8) 
thrown [s\src\hotspot\share\classfile\systemDictionary.cpp, line 313]
Event: 163.386 Thread 0x00000213ba64f440 Exception <a 'java/lang/NoSuchMethodError'{0x00000000ebf9f970}: 'java.lang.Object java.lang.invoke.DirectMethodHandle$Holder.invokeVirtual(java.lang.Object, java.lang.Object, java.lang.Object, java.lang.Object, java.lang.Object, java.lang.Object, java.lang.Object, java.lang.Object, java.lang.Object, java.lang.Object, java.lang.Object, java.lang.Object, java.lang.Object, java.lang.Object, java.lang.Object, java.lang.Object, java.lang.Object)'> (0x00000000ebf9f970) 
thrown [s\src\hotspot\share\interpreter\li
Event: 163.395 Thread 0x00000213ba64f440 Exception <a 'java/lang/NoSuchMethodError'{0x00000000ebfa5840}: 'java.lang.Object java.lang.invoke.DirectMethodHandle$Holder.invokeSpecial(java.lang.Object, java.lang.Object, java.lang.Object, java.lang.Object, java.lang.Object, java.lang.Object, java.lang.Object, java.lang.Object, java.lang.Object, java.lang.Object, java.lang.Object, java.lang.Object, java.lang.Object, java.lang.Object, java.lang.Object, java.lang.Object, java.lang.Object, java.lang.Object)'> (0x00000000ebfa5840) 
thrown [s\src\hotspot\sh
Event: 163.397 Thread 0x00000213ba64f440 Exception <a 'java/lang/NoSuchMethodError'{0x00000000ebfaad98}: 'java.lang.Object java.lang.invoke.DelegatingMethodHandle$Holder.reinvoke_L(java.lang.Object, java.lang.Object, java.lang.Object, java.lang.Object, java.lang.Object, java.lang.Object, java.lang.Object, java.lang.Object, java.lang.Object, java.lang.Object, java.lang.Object, java.lang.Object, java.lang.Object, java.lang.Object, java.lang.Object, java.lang.Object, java.lang.Object)'> (0x00000000ebfaad98) 
thrown [s\src\hotspot\share\interpreter\l
Event: 163.467 Thread 0x00000213ba64f440 Exception <a 'java/lang/NoSuchMethodError'{0x00000000ebe466e8}: 'java.lang.Object java.lang.invoke.Invokers$Holder.linkToCallSite(java.lang.Object, int, java.lang.Object, java.lang.Object)'> (0x00000000ebe466e8) 
thrown [s\src\hotspot\share\interpreter\linkResolver.cpp, line 773]
Event: 163.468 Thread 0x00000213ba64f440 Exception <a 'java/lang/NoSuchMethodError'{0x00000000ebe4ed40}: 'void java.lang.invoke.DirectMethodHandle$Holder.invokeVirtual(java.lang.Object, java.lang.Object, int, java.lang.Object)'> (0x00000000ebe4ed40) 
thrown [s\src\hotspot\share\interpreter\linkResolver.cpp, line 773]
Event: 163.469 Thread 0x00000213ba64f440 Exception <a 'java/lang/NoSuchMethodError'{0x00000000ebe52fe8}: 'void java.lang.invoke.DelegatingMethodHandle$Holder.reinvoke_L(java.lang.Object, java.lang.Object, int, java.lang.Object)'> (0x00000000ebe52fe8) 
thrown [s\src\hotspot\share\interpreter\linkResolver.cpp, line 773]
Event: 163.470 Thread 0x00000213ba64f440 Exception <a 'java/lang/NoSuchMethodError'{0x00000000ebe5d9a8}: 'java.lang.Object java.lang.invoke.DirectMethodHandle$Holder.invokeSpecial(java.lang.Object, java.lang.Object, java.lang.Object, java.lang.Object, int, java.lang.Object)'> (0x00000000ebe5d9a8) 
thrown [s\src\hotspot\share\interpreter\linkResolver.cpp, line 773]
Event: 163.474 Thread 0x00000213ba64f440 Implicit null exception at 0x00000213af37742a to 0x00000213af37782c
Event: 163.510 Thread 0x00000213ba64f440 Exception <a 'java/lang/NoSuchMethodError'{0x00000000ebeb4718}: 'java.lang.Object java.lang.invoke.DirectMethodHandle$Holder.invokeSpecial(java.lang.Object, java.lang.Object, java.lang.Object, java.lang.Object, int)'> (0x00000000ebeb4718) 
thrown [s\src\hotspot\share\interpreter\linkResolver.cpp, line 773]
Event: 163.510 Thread 0x00000213ba64f440 Exception <a 'java/lang/NoSuchMethodError'{0x00000000ebeb88a8}: 'java.lang.Object java.lang.invoke.Invokers$Holder.linkToCallSite(java.lang.Object, java.lang.Object, int, java.lang.Object)'> (0x00000000ebeb88a8) 
thrown [s\src\hotspot\share\interpreter\linkResolver.cpp, line 773]
Event: 163.513 Thread 0x00000213ba64f440 Exception <a 'java/lang/NoSuchMethodError'{0x00000000ebecb4d0}: 'java.lang.Object java.lang.invoke.DirectMethodHandle$Holder.invokeSpecial(java.lang.Object, java.lang.Object, java.lang.Object, java.lang.Object, java.lang.Object, int)'> (0x00000000ebecb4d0) 
thrown [s\src\hotspot\share\interpreter\linkResolver.cpp, line 773]
Event: 163.514 Thread 0x00000213ba64f440 Exception <a 'java/lang/NoSuchMethodError'{0x00000000ebecff30}: 'java.lang.Object java.lang.invoke.DelegatingMethodHandle$Holder.delegate(java.lang.Object, java.lang.Object, java.lang.Object, java.lang.Object, int)'> (0x00000000ebecff30) 
thrown [s\src\hotspot\share\interpreter\linkResolver.cpp, line 773]
Event: 163.535 Thread 0x00000213ba64f440 Exception <a 'java/lang/ClassNotFoundException'{0x00000000ebd21fa8}: org/gradle/plugin/use/internal/PluginRequestCollector$PluginDependenciesSpecImplBeanInfo> (0x00000000ebd21fa8) 
thrown [s\src\hotspot\share\classfile\systemDictionary.cpp, line 313]
Event: 163.537 Thread 0x00000213ba64f440 Exception <a 'java/lang/ClassNotFoundException'{0x00000000ebd33ee0}: org/gradle/plugin/use/internal/PluginRequestCollector$PluginDependenciesSpecImplCustomizer> (0x00000000ebd33ee0) 
thrown [s\src\hotspot\share\classfile\systemDictionary.cpp, line 313]
Event: 163.540 Thread 0x00000213ba64f440 Exception <a 'java/lang/NoSuchMethodError'{0x00000000ebd42650}: 'java.lang.Object java.lang.invoke.DirectMethodHandle$Holder.invokeVirtual(java.lang.Object, java.lang.Object, java.lang.Object, int)'> (0x00000000ebd42650) 
thrown [s\src\hotspot\share\interpreter\linkResolver.cpp, line 773]
Event: 163.572 Thread 0x00000213ba64f440 Exception <a 'java/lang/ClassNotFoundException'{0x00000000ebd8e000}: org/gradle/plugin/use/internal/PluginRequestCollector$PluginDependencySpecImplBeanInfo> (0x00000000ebd8e000) 
thrown [s\src\hotspot\share\classfile\systemDictionary.cpp, line 313]
Event: 163.578 Thread 0x00000213ba64f440 Exception <a 'java/lang/ClassNotFoundException'{0x00000000ebd9fef0}: org/gradle/plugin/use/internal/PluginRequestCollector$PluginDependencySpecImplCustomizer> (0x00000000ebd9fef0) 
thrown [s\src\hotspot\share\classfile\systemDictionary.cpp, line 313]
Event: 163.654 Thread 0x00000213ba64f440 Exception <a 'java/lang/NoSuchMethodError'{0x00000000ebdd4c10}: 'void java.lang.invoke.DirectMethodHandle$Holder.invokeStatic(java.lang.Object, java.lang.Object, java.lang.Object, java.lang.Object, java.lang.Object, java.lang.Object)'> (0x00000000ebdd4c10) 
thrown [s\src\hotspot\share\interpreter\linkResolver.cpp, line 773]

ZGC Phase Switch (0 events):
No events

VM Operations (20 events):
Event: 147.809 Executing safepoint VM operation: Cleanup done
Event: 148.819 Executing safepoint VM operation: Cleanup
Event: 149.005 Executing safepoint VM operation: Cleanup done
Event: 151.045 Executing safepoint VM operation: Cleanup
Event: 151.049 Executing safepoint VM operation: Cleanup done
Event: 152.062 Executing safepoint VM operation: Cleanup
Event: 152.068 Executing safepoint VM operation: Cleanup done
Event: 152.151 Executing non-safepoint VM operation: HandshakeAllThreads (Deoptimize)
Event: 152.151 Executing non-safepoint VM operation: HandshakeAllThreads (Deoptimize) done
Event: 153.178 Executing safepoint VM operation: Cleanup
Event: 153.182 Executing safepoint VM operation: Cleanup done
Event: 154.193 Executing safepoint VM operation: Cleanup
Event: 154.193 Executing safepoint VM operation: Cleanup done
Event: 155.202 Executing safepoint VM operation: Cleanup
Event: 155.232 Executing safepoint VM operation: Cleanup done
Event: 156.247 Executing safepoint VM operation: Cleanup
Event: 156.247 Executing safepoint VM operation: Cleanup done
Event: 163.328 Executing safepoint VM operation: Cleanup
Event: 163.330 Executing safepoint VM operation: Cleanup done
Event: 164.343 Executing safepoint VM operation: Cleanup

Memory protections (0 events):
No events

Nmethod flushes (20 events):
Event: 121.281 Thread 0x00000213ba3e0e10 flushing  nmethod 0x00000213a7a68990
Event: 121.281 Thread 0x00000213ba3e0e10 flushing  nmethod 0x00000213a7a6d290
Event: 121.281 Thread 0x00000213ba3e0e10 flushing  nmethod 0x00000213a7c43910
Event: 121.281 Thread 0x00000213ba3e0e10 flushing  nmethod 0x00000213a7c87310
Event: 121.281 Thread 0x00000213ba3e0e10 flushing  nmethod 0x00000213a7c87f90
Event: 121.281 Thread 0x00000213ba3e0e10 flushing  nmethod 0x00000213a7c88c90
Event: 121.281 Thread 0x00000213ba3e0e10 flushing  nmethod 0x00000213a7c89690
Event: 121.281 Thread 0x00000213ba3e0e10 flushing  nmethod 0x00000213a7c89b90
Event: 121.281 Thread 0x00000213ba3e0e10 flushing  nmethod 0x00000213a7c8c990
Event: 121.281 Thread 0x00000213ba3e0e10 flushing  nmethod 0x00000213a7cbb010
Event: 121.281 Thread 0x00000213ba3e0e10 flushing  nmethod 0x00000213a7d89990
Event: 121.281 Thread 0x00000213ba3e0e10 flushing  nmethod 0x00000213a7b17590
Event: 121.281 Thread 0x00000213ba3e0e10 flushing  nmethod 0x00000213a7b1a310
Event: 121.281 Thread 0x00000213ba3e0e10 flushing  nmethod 0x00000213a7b1ad10
Event: 121.281 Thread 0x00000213ba3e0e10 flushing  nmethod 0x00000213a7b1b910
Event: 121.281 Thread 0x00000213ba3e0e10 flushing  nmethod 0x00000213a7b1c590
Event: 121.281 Thread 0x00000213ba3e0e10 flushing  nmethod 0x00000213a7b1dd90
Event: 121.281 Thread 0x00000213ba3e0e10 flushing  nmethod 0x00000213a7bb2010
Event: 121.281 Thread 0x00000213ba3e0e10 flushing  nmethod 0x00000213a7bb3310
Event: 121.281 Thread 0x00000213ba3e0e10 flushing  nmethod 0x00000213a7bc2f10

Events (20 events):
Event: 60.847 Thread 0x00000213ba64f440 Thread added: 0x00000213ba64c650
Event: 67.018 Thread 0x00000213ba64f440 Thread added: 0x00000213d59ab500
Event: 67.469 Thread 0x00000213ba64f440 Thread added: 0x00000213d59a8710
Event: 74.368 Thread 0x00000213ba64f440 Thread added: 0x00000213d59aa150
Event: 74.443 Thread 0x00000213ba64f440 Thread added: 0x00000213d59a8080
Event: 75.511 Thread 0x00000213ba64f440 Thread added: 0x00000213d59abb90
Event: 75.881 Thread 0x00000213ba64f440 Thread added: 0x00000213d59ac220
Event: 77.008 Thread 0x00000213ba64f440 Thread added: 0x00000213d59ac8b0
Event: 77.355 Thread 0x00000213ba64f440 Thread added: 0x00000213d59a9430
Event: 105.719 Thread 0x00000213ba64f440 Thread added: 0x00000213d59a9ac0
Event: 115.442 Thread 0x00000213ba64f440 Thread added: 0x00000213d59ad5d0
Event: 116.767 Thread 0x00000213ba40f9c0 Thread added: 0x00000213ba78ee10
Event: 117.575 Thread 0x00000213ba78ee10 Thread exited: 0x00000213ba78ee10
Event: 123.307 Thread 0x00000213ba40f9c0 Thread added: 0x00000213ba511410
Event: 123.529 Thread 0x00000213ba511410 Thread exited: 0x00000213ba511410
Event: 146.988 Thread 0x00000213ba64f440 Thread added: 0x00000213d59ae2f0
Event: 148.787 Thread 0x00000213ba64f440 Thread added: 0x00000213d59ae980
Event: 152.404 Thread 0x00000213ba40f9c0 Thread added: 0x00000213d67e3630
Event: 153.869 Thread 0x00000213d67e3630 Thread exited: 0x00000213d67e3630
Event: 162.848 Thread 0x00000213ba64f440 Thread added: 0x00000213d59af6a0


Dynamic libraries:
0x00007ff7deda0000 - 0x00007ff7dedae000 	C:\Users\leyot\.vscode\extensions\redhat.java-1.56.0-win32-x64\jre\21.0.12.1-win32-x86_64\bin\java.exe
0x00007ffcd9920000 - 0x00007ffcd9b87000 	C:\WINDOWS\SYSTEM32\ntdll.dll
0x00007ffcd8b00000 - 0x00007ffcd8bcb000 	C:\WINDOWS\System32\KERNEL32.DLL
0x00007ffcd6e30000 - 0x00007ffcd7232000 	C:\WINDOWS\System32\KERNELBASE.dll
0x00007ffcd74e0000 - 0x00007ffcd762c000 	C:\WINDOWS\System32\ucrtbase.dll
0x00007ffc9b3b0000 - 0x00007ffc9b3ce000 	C:\Users\leyot\.vscode\extensions\redhat.java-1.56.0-win32-x64\jre\21.0.12.1-win32-x86_64\bin\VCRUNTIME140.dll
0x00007ffc98c60000 - 0x00007ffc98c78000 	C:\Users\leyot\.vscode\extensions\redhat.java-1.56.0-win32-x64\jre\21.0.12.1-win32-x86_64\bin\jli.dll
0x00007ffcd8bd0000 - 0x00007ffcd8d9f000 	C:\WINDOWS\System32\USER32.dll
0x00007ffcc5900000 - 0x00007ffcc5b90000 	C:\WINDOWS\WinSxS\amd64_microsoft.windows.common-controls_6595b64144ccf1df_6.0.26100.9278_none_3e0d1ba8e3303201\COMCTL32.dll
0x00007ffcd97b0000 - 0x00007ffcd9859000 	C:\WINDOWS\System32\msvcrt.dll
0x00007ffcd9780000 - 0x00007ffcd97ab000 	C:\WINDOWS\System32\GDI32.dll
0x00007ffcd73b0000 - 0x00007ffcd74d9000 	C:\WINDOWS\System32\gdi32full.dll
0x00007ffcd6be0000 - 0x00007ffcd6c07000 	C:\WINDOWS\System32\win32u.dll
0x00007ffcd7300000 - 0x00007ffcd73a3000 	C:\WINDOWS\System32\msvcp_win.dll
0x00007ffcd8680000 - 0x00007ffcd86b1000 	C:\WINDOWS\System32\IMM32.DLL
0x00007ffcb3340000 - 0x00007ffcb334c000 	C:\Users\leyot\.vscode\extensions\redhat.java-1.56.0-win32-x64\jre\21.0.12.1-win32-x86_64\bin\vcruntime140_1.dll
0x00007ffbe1ae0000 - 0x00007ffbe1b6d000 	C:\Users\leyot\.vscode\extensions\redhat.java-1.56.0-win32-x64\jre\21.0.12.1-win32-x86_64\bin\msvcp140.dll
0x00007ffbc1860000 - 0x00007ffbc2602000 	C:\Users\leyot\.vscode\extensions\redhat.java-1.56.0-win32-x64\jre\21.0.12.1-win32-x86_64\bin\server\jvm.dll
0x00007ffcd83c0000 - 0x00007ffcd847c000 	C:\WINDOWS\System32\ADVAPI32.dll
0x00007ffcd7640000 - 0x00007ffcd76e9000 	C:\WINDOWS\System32\sechost.dll
0x00007ffcd8700000 - 0x00007ffcd8818000 	C:\WINDOWS\System32\RPCRT4.dll
0x00007ffcd96f0000 - 0x00007ffcd9770000 	C:\WINDOWS\System32\WS2_32.dll
0x00007ffcd6980000 - 0x00007ffcd69de000 	C:\WINDOWS\SYSTEM32\POWRPROF.dll
0x00007ffccc1b0000 - 0x00007ffccc1e6000 	C:\WINDOWS\SYSTEM32\WINMM.dll
0x00007ffccea20000 - 0x00007ffccea2b000 	C:\WINDOWS\SYSTEM32\VERSION.dll
0x00007ffcd6950000 - 0x00007ffcd6965000 	C:\WINDOWS\SYSTEM32\UMPDC.dll
0x00007ffcd57f0000 - 0x00007ffcd580b000 	C:\WINDOWS\SYSTEM32\kernel.appcore.dll
0x00007ffca3d00000 - 0x00007ffca3d0a000 	C:\Users\leyot\.vscode\extensions\redhat.java-1.56.0-win32-x64\jre\21.0.12.1-win32-x86_64\bin\jimage.dll
0x00007ffccdce0000 - 0x00007ffccdf2c000 	C:\WINDOWS\SYSTEM32\DBGHELP.DLL
0x00007ffcd7890000 - 0x00007ffcd7c15000 	C:\WINDOWS\System32\combase.dll
0x00007ffcd85a0000 - 0x00007ffcd8679000 	C:\WINDOWS\System32\OLEAUT32.dll
0x00007ffcba3e0000 - 0x00007ffcba41b000 	C:\WINDOWS\SYSTEM32\dbgcore.DLL
0x00007ffcd6b20000 - 0x00007ffcd6bcc000 	C:\WINDOWS\System32\bcryptPrimitives.dll
0x00007ffc9eb60000 - 0x00007ffc9eb6f000 	C:\Users\leyot\.vscode\extensions\redhat.java-1.56.0-win32-x64\jre\21.0.12.1-win32-x86_64\bin\instrument.dll
0x00007ffc98870000 - 0x00007ffc98890000 	C:\Users\leyot\.vscode\extensions\redhat.java-1.56.0-win32-x64\jre\21.0.12.1-win32-x86_64\bin\java.dll
0x00007ffcd7c20000 - 0x00007ffcd83b8000 	C:\WINDOWS\System32\SHELL32.dll
0x00007ffcd4550000 - 0x00007ffcd4dfe000 	C:\WINDOWS\SYSTEM32\windows.storage.dll
0x00007ffcd84a0000 - 0x00007ffcd859b000 	C:\WINDOWS\System32\SHCORE.dll
0x00007ffcd8fd0000 - 0x00007ffcd9036000 	C:\WINDOWS\System32\shlwapi.dll
0x00007ffcd6a40000 - 0x00007ffcd6a69000 	C:\WINDOWS\SYSTEM32\profapi.dll
0x00007ffc98600000 - 0x00007ffc98618000 	C:\Users\leyot\.vscode\extensions\redhat.java-1.56.0-win32-x64\jre\21.0.12.1-win32-x86_64\bin\zip.dll
0x00007ffc9eb10000 - 0x00007ffc9eb20000 	C:\Users\leyot\.vscode\extensions\redhat.java-1.56.0-win32-x64\jre\21.0.12.1-win32-x86_64\bin\net.dll
0x00007ffcd0f80000 - 0x00007ffcd10aa000 	C:\WINDOWS\SYSTEM32\WINHTTP.dll
0x00007ffcd5db0000 - 0x00007ffcd5e1c000 	C:\WINDOWS\system32\mswsock.dll
0x00007ffc985e0000 - 0x00007ffc985f6000 	C:\Users\leyot\.vscode\extensions\redhat.java-1.56.0-win32-x64\jre\21.0.12.1-win32-x86_64\bin\nio.dll
0x00007ffcb8730000 - 0x00007ffcb8740000 	C:\Users\leyot\.vscode\extensions\redhat.java-1.56.0-win32-x64\jre\21.0.12.1-win32-x86_64\bin\verify.dll
0x00007ffc984f0000 - 0x00007ffc98517000 	C:\Users\leyot\.gradle\native\660c5614fbf4a5f2a75b1949f50a0caf5cd603558e7d8a26e50b933a0cfb79d1\windows-amd64\native-platform.dll
0x00007ffc7b590000 - 0x00007ffc7b607000 	C:\Users\leyot\.gradle\native\0.2.8\x86_64-windows-gnu\gradle-fileevents.dll
0x00007ffcb8720000 - 0x00007ffcb872a000 	C:\Users\leyot\.vscode\extensions\redhat.java-1.56.0-win32-x64\jre\21.0.12.1-win32-x86_64\bin\management.dll
0x00007ffc9eb70000 - 0x00007ffc9eb7c000 	C:\Users\leyot\.vscode\extensions\redhat.java-1.56.0-win32-x64\jre\21.0.12.1-win32-x86_64\bin\management_ext.dll
0x00007ffcd9660000 - 0x00007ffcd9668000 	C:\WINDOWS\System32\PSAPI.DLL
0x00007ffcd5180000 - 0x00007ffcd51b3000 	C:\WINDOWS\SYSTEM32\IPHLPAPI.DLL
0x00007ffcd8490000 - 0x00007ffcd849a000 	C:\WINDOWS\System32\NSI.dll
0x00007ffc9db40000 - 0x00007ffc9db49000 	C:\Users\leyot\.vscode\extensions\redhat.java-1.56.0-win32-x64\jre\21.0.12.1-win32-x86_64\bin\extnet.dll
0x00007ffcd60a0000 - 0x00007ffcd60bb000 	C:\WINDOWS\SYSTEM32\CRYPTSP.dll
0x00007ffcd5750000 - 0x00007ffcd5789000 	C:\WINDOWS\system32\rsaenh.dll
0x00007ffcd5e60000 - 0x00007ffcd5e94000 	C:\WINDOWS\SYSTEM32\USERENV.dll
0x00007ffcd6a10000 - 0x00007ffcd6a3a000 	C:\WINDOWS\SYSTEM32\bcrypt.dll
0x00007ffcd60c0000 - 0x00007ffcd60cc000 	C:\WINDOWS\SYSTEM32\CRYPTBASE.dll
0x00007ffc9c6c0000 - 0x00007ffc9c6ce000 	C:\Users\leyot\.vscode\extensions\redhat.java-1.56.0-win32-x64\jre\21.0.12.1-win32-x86_64\bin\sunmscapi.dll
0x00007ffcd6ca0000 - 0x00007ffcd6e1e000 	C:\WINDOWS\System32\CRYPT32.dll
0x00007ffcd62e0000 - 0x00007ffcd6310000 	C:\WINDOWS\SYSTEM32\ncrypt.dll
0x00007ffcd6290000 - 0x00007ffcd62cf000 	C:\WINDOWS\SYSTEM32\NTASN1.dll
0x00007ffca92c0000 - 0x00007ffca92c8000 	C:\WINDOWS\system32\wshunix.dll

JVMTI agents:
C:\Users\leyot\.gradle\wrapper\dists\gradle-9.6.0-bin\42k10rwplmzkhuboz9kdazi7s\gradle-9.6.0\lib\agents\gradle-instrumentation-agent-9.6.0.jar path:C:\Users\leyot\.vscode\extensions\redhat.java-1.56.0-win32-x64\jre\21.0.12.1-win32-x86_64\bin\instrument.dll, loaded, initialized, instrumentlib options:none

dbghelp: loaded successfully - version: 4.0.5 - missing functions: none
symbol engine: initialized successfully - sym options: 0x614 - pdb path: .;C:\Users\leyot\.vscode\extensions\redhat.java-1.56.0-win32-x64\jre\21.0.12.1-win32-x86_64\bin;C:\WINDOWS\SYSTEM32;C:\WINDOWS\WinSxS\amd64_microsoft.windows.common-controls_6595b64144ccf1df_6.0.26100.9278_none_3e0d1ba8e3303201;C:\Users\leyot\.vscode\extensions\redhat.java-1.56.0-win32-x64\jre\21.0.12.1-win32-x86_64\bin\server;C:\Users\leyot\.gradle\native\660c5614fbf4a5f2a75b1949f50a0caf5cd603558e7d8a26e50b933a0cfb79d1\windows-amd64;C:\Users\leyot\.gradle\native\0.2.8\x86_64-windows-gnu

VM Arguments:
jvm_args: --add-opens=java.base/java.lang=ALL-UNNAMED --add-opens=java.base/java.lang.invoke=ALL-UNNAMED --add-opens=java.base/java.util=ALL-UNNAMED --add-opens=java.prefs/java.util.prefs=ALL-UNNAMED --add-exports=jdk.compiler/com.sun.tools.javac.api=ALL-UNNAMED --add-exports=jdk.compiler/com.sun.tools.javac.util=ALL-UNNAMED --add-opens=java.base/java.nio.charset=ALL-UNNAMED --add-opens=java.base/java.net=ALL-UNNAMED --add-opens=java.base/java.util.concurrent=ALL-UNNAMED --add-opens=java.base/java.util.concurrent.atomic=ALL-UNNAMED --add-opens=java.xml/javax.xml.namespace=ALL-UNNAMED --add-opens=java.base/java.time=ALL-UNNAMED -XX:MaxMetaspaceSize=384m -XX:+HeapDumpOnOutOfMemoryError -Xms256m -Xmx512m -Dfile.encoding=UTF-8 -Duser.country=MX -Duser.language=es -Duser.variant -javaagent:C:\Users\leyot\.gradle\wrapper\dists\gradle-9.6.0-bin\42k10rwplmzkhuboz9kdazi7s\gradle-9.6.0\lib\agents\gradle-instrumentation-agent-9.6.0.jar 
java_command: org.gradle.launcher.daemon.bootstrap.GradleDaemon 9.6.0
java_class_path (initial): C:\Users\leyot\.gradle\wrapper\dists\gradle-9.6.0-bin\42k10rwplmzkhuboz9kdazi7s\gradle-9.6.0\lib\gradle-daemon-main-9.6.0.jar
Launcher Type: SUN_STANDARD

[Global flags]
     intx CICompilerCount                          = 4                                         {product} {ergonomic}
   size_t CompressedClassSpaceSize                 = 335544320                                 {product} {ergonomic}
     uint ConcGCThreads                            = 3                                         {product} {ergonomic}
     uint G1ConcRefinementThreads                  = 10                                        {product} {ergonomic}
   size_t G1HeapRegionSize                         = 1048576                                   {product} {ergonomic}
    uintx GCDrainStackTargetSize                   = 64                                        {product} {ergonomic}
     bool HeapDumpOnOutOfMemoryError               = true                                   {manageable} {command line}
   size_t InitialHeapSize                          = 268435456                                 {product} {command line}
   size_t MarkStackSize                            = 4194304                                   {product} {ergonomic}
   size_t MaxHeapSize                              = 536870912                                 {product} {command line}
   size_t MaxMetaspaceSize                         = 402653184                                 {product} {command line}
   size_t MaxNewSize                               = 321912832                                 {product} {ergonomic}
   size_t MinHeapDeltaBytes                        = 1048576                                   {product} {ergonomic}
   size_t MinHeapSize                              = 268435456                                 {product} {command line}
    uintx NonNMethodCodeHeapSize                   = 5839372                                {pd product} {ergonomic}
    uintx NonProfiledCodeHeapSize                  = 122909434                              {pd product} {ergonomic}
    uintx ProfiledCodeHeapSize                     = 122909434                              {pd product} {ergonomic}
    uintx ReservedCodeCacheSize                    = 251658240                              {pd product} {ergonomic}
     bool SegmentedCodeCache                       = true                                      {product} {ergonomic}
   size_t SoftMaxHeapSize                          = 536870912                              {manageable} {ergonomic}
     bool UseCompressedOops                        = true                           {product lp64_product} {ergonomic}
     bool UseG1GC                                  = true                                      {product} {ergonomic}
     bool UseLargePagesIndividualAllocation        = false                                  {pd product} {ergonomic}

Logging:
Log output configuration:
 #0: stdout all=warning uptime,level,tags foldmultilines=false
 #1: stderr all=off uptime,level,tags foldmultilines=false

Release file:
JAVA_VERSION="21.0.12.1" 
MODULES="java.base java.compiler java.datatransfer java.xml java.prefs java.desktop java.instrument java.logging java.management java.security.sasl java.naming java.rmi java.management.rmi java.net.http java.scripting java.security.jgss java.transaction.xa java.sql java.sql.rowset java.xml.crypto java.se java.smartcardio jdk.accessibility jdk.internal.jvmstat jdk.attach jdk.charsets jdk.internal.opt jdk.zipfs jdk.compiler jdk.crypto.ec jdk.crypto.cryptoki jdk.crypto.mscapi jdk.dynalink jdk.internal.ed jdk.editpad jdk.hotspot.agent jdk.httpserver jdk.internal.le jdk.internal.vm.ci jdk.internal.vm.compiler jdk.internal.vm.compiler.management jdk.jartool jdk.javadoc jdk.jcmd jdk.management jdk.management.agent jdk.jconsole jdk.jdeps jdk.jdwp.agent jdk.jdi jdk.jfr jdk.jshell jdk.jsobject jdk.jstatd jdk.localedata jdk.management.jfr jdk.naming.dns jdk.naming.rmi jdk.net jdk.nio.mapmode jdk.random jdk.sctp jdk.security.auth jdk.security.jgss jdk.unsupported jdk.unsupported.desktop jdk.xml.dom" 

Environment Variables:
JAVA_HOME=C:\Program Files\Java\jdk-22
PATH=C:\Program Files\Microsoft MPI\Bin\;C:\Program Files\Java\jdk-22\bin;C:\Program Files (x86)\Common Files\Oracle\Java\javapath;C:\Program Files\Common Files\Oracle\Java\javapath;C:\dev\flutter\bin;C:\WINDOWS\system32;C:\WINDOWS;C:\WINDOWS\System32\Wbem;C:\WINDOWS\System32\WindowsPowerShell\v1.0\;C:\WINDOWS\System32\OpenSSH\;C:\Program Files (x86)\NVIDIA Corporation\PhysX\Common;C:\Program Files\dotnet\;C:\flutter\bin;C:\Program Files (x86)\Windows Kits\10\Windows Performance Toolkit\;C:\WINDOWS\system32\config\systemprofile\dev\flutter\bin;C:\Program Files\Git\cmd;C:\Users\leyot\OneDrive\Documents\apache-maven\apache-maven-3.9.9-bin\apache-maven-3.9.9\bin;C:\Program Files\Java\jdk-22\bin;C:\Program Files (x86)\Microsoft SQL Server\170\Tools\Binn\;C:\Program Files\Microsoft SQL Server\170\Tools\Binn\;C:\Program Files\Microsoft SQL Server\Client SDK\ODBC\180\Tools\Binn\;C:\Program Files\Microsoft SQL Server\170\DTS\Binn\;C:\Program Files (x86)\Microsoft SQL Server\170\DTS\Binn\;C:\Program Files\nodejs\;C:\Program Files\NVIDIA Corporation\NVIDIA App\NvDLISR;C:\Program Files\Memurai\;C:\Program Files\Amazon\AWSCLIV2\;C:\Program Files (x86)\Firebird\Firebird_2_5\bin\;C:\Program Files\k6\;C:\Program Files\Docker\Docker\resources\bin;C:\Program Files\Java\jdk-22;C:\src\flutter\bin;C:\Users\leyot\AppData\Local\Microsoft\WindowsApps;C:\sqlite;C:\Users\leyot\AppData\Local\Programs\Microsoft VS Code\bin;C:\Program Files\MongoDB\Server\8.0\bin;C:\Program Files\MongoDB\mongosh-2.3.8-win32-x64\bin;C:\Program Files\mosquitto;C:\Program Files\mosquitto;C:\Users\leyot\OneDrive\Documents\apache-maven\apache-maven-3.9.9-bin\apache-maven-3.9.9\bin;C:\Program Files\PostgreSQL\15\bin;C:\Users\leyot\AppData\Roaming\npm;C:\Users\leyot\AppData\Local\Packages\PythonSoftwareFoundation.Python.3.13_qbz5n2kfra8p0\LocalCache\local-packages\Python313\Scripts;C:\Users\leyot\AppData\Local\Unity\bin;C:\Users\leyot\.dotnet\tools;
USERNAME=leyot
OS=Windows_NT
PROCESSOR_IDENTIFIER=AMD64 Family 25 Model 68 Stepping 1, AuthenticAMD
TMP=C:\Users\leyot\AppData\Local\Temp
TEMP=C:\Users\leyot\AppData\Local\Temp




Periodic native trim disabled

---------------  S Y S T E M  ---------------

OS:
 Windows 11 , 64 bit Build 26100 (10.0.26100.9444)
OS uptime: 0 days 3:30 hours
Hyper-V role detected

CPU: total 12 (initial active 12) (12 cores per cpu, 2 threads per core) family 25 model 68 stepping 1 microcode 0xa404107, cx8, cmov, fxsr, ht, mmx, 3dnowpref, sse, sse2, sse3, ssse3, sse4a, sse4.1, sse4.2, popcnt, lzcnt, tsc, tscinvbit, avx, avx2, aes, erms, clmul, bmi1, bmi2, adx, sha, fma, vzeroupper, clflush, clflushopt, hv, rdtscp, rdpid, fsrm, f16c, cet_ss
Processor Information for processor 0
  Max Mhz: 3301, Current Mhz: 2024, Mhz Limit: 3301
Processor Information for processor 1
  Max Mhz: 3301, Current Mhz: 2496, Mhz Limit: 3301
Processor Information for processor 2
  Max Mhz: 3301, Current Mhz: 2496, Mhz Limit: 3301
Processor Information for processor 3
  Max Mhz: 3301, Current Mhz: 2496, Mhz Limit: 3301
Processor Information for processor 4
  Max Mhz: 3301, Current Mhz: 2024, Mhz Limit: 3301
Processor Information for processor 5
  Max Mhz: 3301, Current Mhz: 2496, Mhz Limit: 3301
Processor Information for processor 6
  Max Mhz: 3301, Current Mhz: 2496, Mhz Limit: 3301
Processor Information for processor 7
  Max Mhz: 3301, Current Mhz: 2496, Mhz Limit: 3301
Processor Information for processor 8
  Max Mhz: 3301, Current Mhz: 2496, Mhz Limit: 3301
Processor Information for processor 9
  Max Mhz: 3301, Current Mhz: 2024, Mhz Limit: 3301
Processor Information for processor 10
  Max Mhz: 3301, Current Mhz: 2024, Mhz Limit: 3301
Processor Information for processor 11
  Max Mhz: 3301, Current Mhz: 2496, Mhz Limit: 3301

Memory: 4k page, system-wide physical 15688M (310M free)
TotalPageFile size 49531M (AvailPageFile size 722M)
current process WorkingSet (physical memory assigned to process): 234M, peak: 245M
current process commit charge ("private bytes"): 449M, peak: 474M

vm_info: OpenJDK 64-Bit Server VM (21.0.12.1+1-LTS) for windows-amd64 JRE (21.0.12.1+1-LTS), built on 2026-08-18T00:00:00Z by "admin" with MS VC++ 17.12 (VS2022)

END.
